MPLINK 5.00, LINKER
Linker Map File - Created Sat Nov 27 08:17:20 2021

                                 Section Info
                  Section       Type    Address   Location Size(Bytes)
                ---------  ---------  ---------  ---------  ---------
               _entry_scn       code   0x000000    program   0x000006
           .code___init.o       code   0x000006    program   0x000002
      InterruptVectorHigh       code   0x000008    program   0x000006
     .idata_interrupt.o_i    romdata   0x00000e    program   0x000004
       InterruptVectorLow       code   0x000018    program   0x000006
                   .cinit    romdata   0x00001e    program   0x00004a
             .code_main.o       code   0x000068    program   0x00218c
              .code_lcd.o       code   0x0021f4    program   0x000eac
             .code_uart.o       code   0x0030a0    program   0x000588
            .code_timer.o       code   0x003628    program   0x00051c
           .code_button.o       code   0x003b44    program   0x0004c4
              .code_i2c.o       code   0x004008    program   0x00027c
        .code_interrupt.o       code   0x004284    program   0x0001c4
             .stringtable    romdata   0x004448    program   0x0001b9
       .romdata_fxm3232.o    romdata   0x004601    program   0x000000
        .romdata___init.o    romdata   0x004601    program   0x000000
           .romdata_lcd.o    romdata   0x004601    program   0x000000
        .idata___init.o_i    romdata   0x004601    program   0x000000
       .idata_fxm3232.o_i    romdata   0x004601    program   0x000000
           .idata_adc.o_i    romdata   0x004601    program   0x000000
           .romdata_adc.o    romdata   0x004601    program   0x000000
           .romdata_i2c.o    romdata   0x004601    program   0x000000
          .idata_uart.o_i    romdata   0x004601    program   0x000000
          .romdata_uart.o    romdata   0x004601    program   0x000000
      .romdata_fxd3232u.o    romdata   0x004601    program   0x000000
      .idata_fxd0808u.o_i    romdata   0x004601    program   0x000000
      .romdata_fxd0808u.o    romdata   0x004601    program   0x000000
      .idata_fxd1616u.o_i    romdata   0x004601    program   0x000000
      .romdata_fxd1616u.o    romdata   0x004601    program   0x000000
      .idata_fxd2424u.o_i    romdata   0x004601    program   0x000000
      .romdata_fxd2424u.o    romdata   0x004601    program   0x000000
      .idata_fxd3232u.o_i    romdata   0x004601    program   0x000000
         .idata_c018i.o_i    romdata   0x004601    program   0x000000
     .romdata_interrupt.o    romdata   0x004601    program   0x000000
         .romdata_timer.o    romdata   0x004601    program   0x000000
          .romdata_main.o    romdata   0x004601    program   0x000000
        .romdata_button.o    romdata   0x004601    program   0x000000
         .romdata_c018i.o    romdata   0x004601    program   0x000000
                     PROG       code   0x004602    program   0x0000a6
            .code_c018i.o       code   0x004602    program   0x000000
               _cinit_scn       code   0x0046a8    program   0x00009e
                   STRING       code   0x004746    program   0x000098
              .code_adc.o       code   0x0047de    program   0x000090
          .code_fxm3232.o       code   0x00486e    program   0x000070
         .code_fxd3232u.o       code   0x0048de    program   0x000048
         .code_fxd2424u.o       code   0x004926    program   0x00003a
         .code_fxd1616u.o       code   0x004960    program   0x00002c
                    .code       code   0x00498c    program   0x000020
             _startup_scn       code   0x0049ac    program   0x00001c
         .code_fxd0808u.o       code   0x0049c8    program   0x00001c
         .idata_timer.o_i    romdata   0x0049e4    program   0x000020
          .idata_main.o_i    romdata   0x004a04    program   0x0000c3
           .idata_lcd.o_i    romdata   0x004ac7    program   0x000061
           .idata_i2c.o_i    romdata   0x004b28    program   0x00001c
        .idata_button.o_i    romdata   0x004b44    program   0x000029
    .config_300001_main.o    romdata   0x300001    program   0x000001
    .config_300002_main.o    romdata   0x300002    program   0x000001
    .config_300003_main.o    romdata   0x300003    program   0x000001
    .config_300005_main.o    romdata   0x300005    program   0x000001
    .config_300006_main.o    romdata   0x300006    program   0x000001
    .config_300008_main.o    romdata   0x300008    program   0x000001
    .config_300009_main.o    romdata   0x300009    program   0x000001
    .config_30000a_main.o    romdata   0x30000a    program   0x000001
    .config_30000b_main.o    romdata   0x30000b    program   0x000001
    .config_30000c_main.o    romdata   0x30000c    program   0x000001
    .config_30000d_main.o    romdata   0x30000d    program   0x000001
                MATH_DATA      udata   0x000000       data   0x000010
                 .tmpdata      udata   0x000010       data   0x00000a
             .idata_lcd.o      idata   0x000080       data   0x000061
             .idata_i2c.o      idata   0x0000e1       data   0x00001c
            .udata_uart.o      udata   0x0000fd       data   0x000001
             .udata_i2c.o      udata   0x0000fe       data   0x000001
          .idata___init.o      idata   0x0000ff       data   0x000000
          .udata___init.o      udata   0x0000ff       data   0x000000
         .idata_fxm3232.o      idata   0x0000ff       data   0x000000
         .udata_fxm3232.o      udata   0x0000ff       data   0x000000
        .idata_fxd3232u.o      idata   0x0000ff       data   0x000000
        .udata_fxd3232u.o      udata   0x0000ff       data   0x000000
        .idata_fxd2424u.o      idata   0x0000ff       data   0x000000
        .udata_fxd2424u.o      udata   0x0000ff       data   0x000000
        .idata_fxd1616u.o      idata   0x0000ff       data   0x000000
        .udata_fxd1616u.o      udata   0x0000ff       data   0x000000
        .idata_fxd0808u.o      idata   0x0000ff       data   0x000000
        .udata_fxd0808u.o      udata   0x0000ff       data   0x000000
            .idata_uart.o      idata   0x0000ff       data   0x000000
             .idata_adc.o      idata   0x0000ff       data   0x000000
           .idata_c018i.o      idata   0x0000ff       data   0x000000
       .udata_interrupt.o      udata   0x0000ff       data   0x000000
           .udata_timer.o      udata   0x0000ff       data   0x000000
          .udata_button.o      udata   0x0000ff       data   0x000000
            .idata_main.o      idata   0x000100       data   0x0000c3
          .idata_button.o      idata   0x0001c3       data   0x000029
           .udata_c018i.o      udata   0x0001ec       data   0x00000a
            .udata_main.o      udata   0x0001f6       data   0x000007
                   .stack      udata   0x000e00       data   0x000100
           .idata_timer.o      idata   0x000f00       data   0x000020
             .udata_adc.o      udata   0x000f20       data   0x00001a
             .udata_lcd.o      udata   0x000f3a       data   0x000004
       .idata_interrupt.o      idata   0x000f3e       data   0x000004
            SFR_UNBANKED0      udata   0x000f80       data   0x000080



                              Program Memory Usage 
                               Start         End      
                           ---------   ---------      
                            0x000000    0x000011      
                            0x000018    0x004600      
                            0x004602    0x004b6c      
                            0x300001    0x300003      
                            0x300005    0x300006      
                            0x300008    0x30000d      
            19313 out of 66584 program addresses used, program memory utilization is 29%



                              Symbols - Sorted by Name
                     Name    Address   Location    Storage File                     
                ---------  ---------  ---------  --------- ---------                
         App_PasswordDoor   0x0003c0    program     extern D:\GitHub\TKLL\TKLL\Bai10_KeyMatrix_LCD - Password Door\main.c
                  BCD2Dec   0x004008    program     extern D:\GitHub\TKLL\TKLL\Bai10_KeyMatrix_LCD - Password Door\i2c\i2c.c
                  CheckID   0x00032a    program     extern D:\GitHub\TKLL\TKLL\Bai10_KeyMatrix_LCD - Password Door\main.c
            CheckPassword   0x001aa4    program     extern D:\GitHub\TKLL\TKLL\Bai10_KeyMatrix_LCD - Password Door\main.c
              CloseOutput   0x0001e2    program     extern D:\GitHub\TKLL\TKLL\Bai10_KeyMatrix_LCD - Password Door\main.c
                   D1616S   0x004624    program     static E:\3.46\pic18-lt\cxx-framework\src\traditional\math\fxd1616s.asm
                D1616SNEG   0x004632    program     static E:\3.46\pic18-lt\cxx-framework\src\traditional\math\fxd1616s.asm
                 D1616SOK   0x00462e    program     static E:\3.46\pic18-lt\cxx-framework\src\traditional\math\fxd1616s.asm
                  D1616SX   0x004644    program     static E:\3.46\pic18-lt\cxx-framework\src\traditional\math\fxd1616s.asm
                   D2424S   0x004678    program     static E:\3.46\pic18-lt\cxx-framework\src\traditional\math\fxd2424s.asm
                D2424SNEG   0x004686    program     static E:\3.46\pic18-lt\cxx-framework\src\traditional\math\fxd2424s.asm
                 D2424SOK   0x004682    program     static E:\3.46\pic18-lt\cxx-framework\src\traditional\math\fxd2424s.asm
                  D2424SX   0x00469e    program     static E:\3.46\pic18-lt\cxx-framework\src\traditional\math\fxd2424s.asm
                  DA1616S   0x004614    program     static E:\3.46\pic18-lt\cxx-framework\src\traditional\math\fxd1616s.asm
                  DA2424S   0x004664    program     static E:\3.46\pic18-lt\cxx-framework\src\traditional\math\fxd2424s.asm
                  Dec2BCD   0x004046    program     extern D:\GitHub\TKLL\TKLL\Bai10_KeyMatrix_LCD - Password Door\i2c\i2c.c
         DisplayLcdScreen   0x002b32    program     extern D:\GitHub\TKLL\TKLL\Bai10_KeyMatrix_LCD - Password Door\lcd\lcd.c
        DisplayLcdScreen2   0x002c2a    program     extern D:\GitHub\TKLL\TKLL\Bai10_KeyMatrix_LCD - Password Door\lcd\lcd.c
      DisplayLcdScreenOld   0x002cb0    program     extern D:\GitHub\TKLL\TKLL\Bai10_KeyMatrix_LCD - Password Door\lcd\lcd.c
              DisplayTime   0x001f2e    program     extern D:\GitHub\TKLL\TKLL\Bai10_KeyMatrix_LCD - Password Door\main.c
               DoorClosed   0x001bd4    program     extern D:\GitHub\TKLL\TKLL\Bai10_KeyMatrix_LCD - Password Door\main.c
                 FXD0808U   0x0049c8    program     extern E:\3.46\pic18-lt\cxx-framework\src\traditional\math\fxd0808u.c
                 FXD1616S   0x004602    program     extern E:\3.46\pic18-lt\cxx-framework\src\traditional\math\fxd1616s.asm
                 FXD1616U   0x004960    program     extern E:\3.46\pic18-lt\cxx-framework\src\traditional\math\fxd1616u.c
                 FXD2424S   0x00464e    program     extern E:\3.46\pic18-lt\cxx-framework\src\traditional\math\fxd2424s.asm
                 FXD2424U   0x004926    program     extern E:\3.46\pic18-lt\cxx-framework\src\traditional\math\fxd2424u.c
                 FXD3232U   0x0048de    program     extern E:\3.46\pic18-lt\cxx-framework\src\traditional\math\fxd3232u.c
                  FXM3232   0x00486e    program     extern E:\3.46\pic18-lt\cxx-framework\src\traditional\math\fxm3232.c
      InterruptVectorHigh   0x000008    program     extern D:\GitHub\TKLL\TKLL\Bai10_KeyMatrix_LCD - Password Door\interrupt\interrupt.c
       InterruptVectorLow   0x000018    program     extern D:\GitHub\TKLL\TKLL\Bai10_KeyMatrix_LCD - Password Door\interrupt\interrupt.c
                LcdClearS   0x002ad4    program     extern D:\GitHub\TKLL\TKLL\Bai10_KeyMatrix_LCD - Password Door\lcd\lcd.c
            LcdPrintCharS   0x002d1a    program     extern D:\GitHub\TKLL\TKLL\Bai10_KeyMatrix_LCD - Password Door\lcd\lcd.c
            LcdPrintLineS   0x003014    program     extern D:\GitHub\TKLL\TKLL\Bai10_KeyMatrix_LCD - Password Door\lcd\lcd.c
              LcdPrintNum   0x002a12    program     extern D:\GitHub\TKLL\TKLL\Bai10_KeyMatrix_LCD - Password Door\lcd\lcd.c
             LcdPrintNumS   0x002d70    program     extern D:\GitHub\TKLL\TKLL\Bai10_KeyMatrix_LCD - Password Door\lcd\lcd.c
           LcdPrintString   0x002a5a    program     extern D:\GitHub\TKLL\TKLL\Bai10_KeyMatrix_LCD - Password Door\lcd\lcd.c
          LcdPrintStringS   0x002fbe    program     extern D:\GitHub\TKLL\TKLL\Bai10_KeyMatrix_LCD - Password Door\lcd\lcd.c
                 LockDoor   0x001bb6    program     extern D:\GitHub\TKLL\TKLL\Bai10_KeyMatrix_LCD - Password Door\main.c
               OpenOutput   0x000192    program     extern D:\GitHub\TKLL\TKLL\Bai10_KeyMatrix_LCD - Password Door\main.c
              Read_DS1307   0x00426a    program     extern D:\GitHub\TKLL\TKLL\Bai10_KeyMatrix_LCD - Password Door\i2c\i2c.c
            ReverseOutput   0x000232    program     extern D:\GitHub\TKLL\TKLL\Bai10_KeyMatrix_LCD - Password Door\main.c
             SetTimer0_ms   0x003aa4    program     extern D:\GitHub\TKLL\TKLL\Bai10_KeyMatrix_LCD - Password Door\timer\timer.c
             SetTimer1_ms   0x003ac8    program     extern D:\GitHub\TKLL\TKLL\Bai10_KeyMatrix_LCD - Password Door\timer\timer.c
             SetTimer3_ms   0x003b06    program     extern D:\GitHub\TKLL\TKLL\Bai10_KeyMatrix_LCD - Password Door\timer\timer.c
     SetupForFirstProgram   0x001e92    program     extern D:\GitHub\TKLL\TKLL\Bai10_KeyMatrix_LCD - Password Door\main.c
     SetupTimeForRealTime   0x001eb4    program     extern D:\GitHub\TKLL\TKLL\Bai10_KeyMatrix_LCD - Password Door\main.c
               TestOutput   0x0002ae    program     extern D:\GitHub\TKLL\TKLL\Bai10_KeyMatrix_LCD - Password Door\main.c
              UartSendNum   0x0032e4    program     extern D:\GitHub\TKLL\TKLL\Bai10_KeyMatrix_LCD - Password Door\uart\uart.c
       UartSendNumPercent   0x00351a    program     extern D:\GitHub\TKLL\TKLL\Bai10_KeyMatrix_LCD - Password Door\uart\uart.c
           UartSendString   0x0031b6    program     extern D:\GitHub\TKLL\TKLL\Bai10_KeyMatrix_LCD - Password Door\uart\uart.c
               UnlockDoor   0x001b98    program     extern D:\GitHub\TKLL\TKLL\Bai10_KeyMatrix_LCD - Password Door\main.c
             Write_DS1307   0x004248    program     extern D:\GitHub\TKLL\TKLL\Bai10_KeyMatrix_LCD - Password Door\i2c\i2c.c
              _4jContinue   0x004784    program     static E:\3.46\pic18-lt\cxx-framework\src\traditional\stdclib\memmove.asm
                   _5jEnd   0x00478e    program     static E:\3.46\pic18-lt\cxx-framework\src\traditional\stdclib\memmove.asm
              _6jContinue   0x0047bc    program     static E:\3.46\pic18-lt\cxx-framework\src\traditional\stdclib\memmove.asm
                   _7jEnd   0x0047c6    program     static E:\3.46\pic18-lt\cxx-framework\src\traditional\stdclib\memmove.asm
       ___return_lbl00000   0x0049e2    program     static                          
       ___return_lbl00000   0x00498a    program     static                          
       ___return_lbl00000   0x00495e    program     static                          
       ___return_lbl00000   0x004924    program     static                          
       ___return_lbl00000   0x0048dc    program     static                          
       ___return_lbl00000   0x000004    program     static                          
       ___return_lbl00001   0x0049c6    program     static                          
       ___return_lbl00002   0x004744    program     static                          
       ___return_lbl00002   0x00001c    program     static                          
       ___return_lbl00003   0x00000c    program     static                          
               __config_0   0x300001    program     static D:\GitHub\TKLL\TKLL\Bai10_KeyMatrix_LCD - Password Door\main.c
               __config_1   0x300002    program     static D:\GitHub\TKLL\TKLL\Bai10_KeyMatrix_LCD - Password Door\main.c
              __config_10   0x30000d    program     static D:\GitHub\TKLL\TKLL\Bai10_KeyMatrix_LCD - Password Door\main.c
               __config_2   0x300003    program     static D:\GitHub\TKLL\TKLL\Bai10_KeyMatrix_LCD - Password Door\main.c
               __config_3   0x300005    program     static D:\GitHub\TKLL\TKLL\Bai10_KeyMatrix_LCD - Password Door\main.c
               __config_4   0x300006    program     static D:\GitHub\TKLL\TKLL\Bai10_KeyMatrix_LCD - Password Door\main.c
               __config_5   0x300008    program     static D:\GitHub\TKLL\TKLL\Bai10_KeyMatrix_LCD - Password Door\main.c
               __config_6   0x300009    program     static D:\GitHub\TKLL\TKLL\Bai10_KeyMatrix_LCD - Password Door\main.c
               __config_7   0x30000a    program     static D:\GitHub\TKLL\TKLL\Bai10_KeyMatrix_LCD - Password Door\main.c
               __config_8   0x30000b    program     static D:\GitHub\TKLL\TKLL\Bai10_KeyMatrix_LCD - Password Door\main.c
               __config_9   0x30000c    program     static D:\GitHub\TKLL\TKLL\Bai10_KeyMatrix_LCD - Password Door\main.c
                   __init   0x000006    program     extern E:\3.46\pic18-lt\cxx-framework\src\traditional\stdclib\__init.c
               __string_0   0x0045fd    program     static D:\GitHub\TKLL\TKLL\Bai10_KeyMatrix_LCD - Password Door\uart\uart.c
               __string_0   0x0045fb    program     static D:\GitHub\TKLL\TKLL\Bai10_KeyMatrix_LCD - Password Door\main.c
               __string_1   0x0045ea    program     static D:\GitHub\TKLL\TKLL\Bai10_KeyMatrix_LCD - Password Door\main.c
              __string_10   0x00457e    program     static D:\GitHub\TKLL\TKLL\Bai10_KeyMatrix_LCD - Password Door\main.c
              __string_11   0x004570    program     static D:\GitHub\TKLL\TKLL\Bai10_KeyMatrix_LCD - Password Door\main.c
              __string_12   0x004563    program     static D:\GitHub\TKLL\TKLL\Bai10_KeyMatrix_LCD - Password Door\main.c
              __string_13   0x004552    program     static D:\GitHub\TKLL\TKLL\Bai10_KeyMatrix_LCD - Password Door\main.c
              __string_14   0x004551    program     static D:\GitHub\TKLL\TKLL\Bai10_KeyMatrix_LCD - Password Door\main.c
              __string_15   0x004542    program     static D:\GitHub\TKLL\TKLL\Bai10_KeyMatrix_LCD - Password Door\main.c
              __string_16   0x004533    program     static D:\GitHub\TKLL\TKLL\Bai10_KeyMatrix_LCD - Password Door\main.c
              __string_17   0x004526    program     static D:\GitHub\TKLL\TKLL\Bai10_KeyMatrix_LCD - Password Door\main.c
              __string_18   0x004516    program     static D:\GitHub\TKLL\TKLL\Bai10_KeyMatrix_LCD - Password Door\main.c
              __string_19   0x004506    program     static D:\GitHub\TKLL\TKLL\Bai10_KeyMatrix_LCD - Password Door\main.c
               __string_2   0x0045d9    program     static D:\GitHub\TKLL\TKLL\Bai10_KeyMatrix_LCD - Password Door\main.c
              __string_20   0x0044fb    program     static D:\GitHub\TKLL\TKLL\Bai10_KeyMatrix_LCD - Password Door\main.c
              __string_21   0x0044f1    program     static D:\GitHub\TKLL\TKLL\Bai10_KeyMatrix_LCD - Password Door\main.c
              __string_22   0x0044e6    program     static D:\GitHub\TKLL\TKLL\Bai10_KeyMatrix_LCD - Password Door\main.c
              __string_23   0x0044e2    program     static D:\GitHub\TKLL\TKLL\Bai10_KeyMatrix_LCD - Password Door\main.c
              __string_24   0x0044de    program     static D:\GitHub\TKLL\TKLL\Bai10_KeyMatrix_LCD - Password Door\main.c
              __string_25   0x0044da    program     static D:\GitHub\TKLL\TKLL\Bai10_KeyMatrix_LCD - Password Door\main.c
              __string_26   0x0044d6    program     static D:\GitHub\TKLL\TKLL\Bai10_KeyMatrix_LCD - Password Door\main.c
              __string_27   0x0044cb    program     static D:\GitHub\TKLL\TKLL\Bai10_KeyMatrix_LCD - Password Door\main.c
              __string_28   0x0044c4    program     static D:\GitHub\TKLL\TKLL\Bai10_KeyMatrix_LCD - Password Door\main.c
              __string_29   0x0044bc    program     static D:\GitHub\TKLL\TKLL\Bai10_KeyMatrix_LCD - Password Door\main.c
               __string_3   0x0045cb    program     static D:\GitHub\TKLL\TKLL\Bai10_KeyMatrix_LCD - Password Door\main.c
              __string_30   0x0044ac    program     static D:\GitHub\TKLL\TKLL\Bai10_KeyMatrix_LCD - Password Door\main.c
              __string_31   0x0044a1    program     static D:\GitHub\TKLL\TKLL\Bai10_KeyMatrix_LCD - Password Door\main.c
              __string_32   0x004498    program     static D:\GitHub\TKLL\TKLL\Bai10_KeyMatrix_LCD - Password Door\main.c
              __string_33   0x004490    program     static D:\GitHub\TKLL\TKLL\Bai10_KeyMatrix_LCD - Password Door\main.c
              __string_34   0x004489    program     static D:\GitHub\TKLL\TKLL\Bai10_KeyMatrix_LCD - Password Door\main.c
              __string_35   0x004482    program     static D:\GitHub\TKLL\TKLL\Bai10_KeyMatrix_LCD - Password Door\main.c
              __string_36   0x004471    program     static D:\GitHub\TKLL\TKLL\Bai10_KeyMatrix_LCD - Password Door\main.c
              __string_37   0x004462    program     static D:\GitHub\TKLL\TKLL\Bai10_KeyMatrix_LCD - Password Door\main.c
              __string_38   0x004451    program     static D:\GitHub\TKLL\TKLL\Bai10_KeyMatrix_LCD - Password Door\main.c
              __string_39   0x00444e    program     static D:\GitHub\TKLL\TKLL\Bai10_KeyMatrix_LCD - Password Door\main.c
               __string_4   0x0045ba    program     static D:\GitHub\TKLL\TKLL\Bai10_KeyMatrix_LCD - Password Door\main.c
              __string_40   0x00444c    program     static D:\GitHub\TKLL\TKLL\Bai10_KeyMatrix_LCD - Password Door\main.c
              __string_41   0x00444a    program     static D:\GitHub\TKLL\TKLL\Bai10_KeyMatrix_LCD - Password Door\main.c
              __string_42   0x004448    program     static D:\GitHub\TKLL\TKLL\Bai10_KeyMatrix_LCD - Password Door\main.c
               __string_5   0x0045ad    program     static D:\GitHub\TKLL\TKLL\Bai10_KeyMatrix_LCD - Password Door\main.c
               __string_6   0x0045ab    program     static D:\GitHub\TKLL\TKLL\Bai10_KeyMatrix_LCD - Password Door\main.c
               __string_7   0x0045a9    program     static D:\GitHub\TKLL\TKLL\Bai10_KeyMatrix_LCD - Password Door\main.c
               __string_8   0x00459d    program     static D:\GitHub\TKLL\TKLL\Bai10_KeyMatrix_LCD - Password Door\main.c
               __string_9   0x00458f    program     static D:\GitHub\TKLL\TKLL\Bai10_KeyMatrix_LCD - Password Door\main.c
              __tmplbl_37   0x001a6c    program     static                          
              __tmplbl_38   0x001a3e    program     static                          
              __tmplbl_39   0x0019da    program     static                          
              __tmplbl_40   0x0018b6    program     static                          
              __tmplbl_41   0x001846    program     static                          
              __tmplbl_42   0x001732    program     static                          
              __tmplbl_43   0x001448    program     static                          
              __tmplbl_44   0x001382    program     static                          
              __tmplbl_45   0x001290    program     static                          
              __tmplbl_46   0x000f98    program     static                          
              __tmplbl_47   0x000e08    program     static                          
              __tmplbl_48   0x000cf8    program     static                          
              __tmplbl_59   0x001a90    program     static                          
              __tmplbl_60   0x001a90    program     static                          
              __tmplbl_61   0x001444    program     static                          
              __tmplbl_62   0x001a90    program     static                          
              __tmplbl_63   0x001a3a    program     static                          
              __tmplbl_64   0x001a90    program     static                          
              __tmplbl_65   0x001444    program     static                          
              __tmplbl_66   0x001a90    program     static                          
              __tmplbl_67   0x001a3a    program     static                          
              __tmplbl_68   0x001a90    program     static                          
              __tmplbl_69   0x001a3a    program     static                          
              __tmplbl_71   0x001444    program     static                          
              __tmplbl_72   0x001444    program     static                          
              __tmplbl_73   0x001a90    program     static                          
              __tmplbl_74   0x001a90    program     static                          
              __tmplbl_75   0x001a3a    program     static                          
              __tmplbl_76   0x001a90    program     static                          
              __tmplbl_77   0x001a90    program     static                          
              __tmplbl_78   0x001a3a    program     static                          
              __tmplbl_79   0x001a90    program     static                          
              __tmplbl_80   0x001a3a    program     static                          
              __tmplbl_81   0x001a90    program     static                          
              __tmplbl_82   0x001a90    program     static                          
              __tmplbl_83   0x001a3a    program     static                          
              __tmplbl_84   0x001a90    program     static                          
              __tmplbl_85   0x001a3a    program     static                          
              __tmplbl_86   0x001a90    program     static                          
              __tmplbl_87   0x001a90    program     static                          
              __tmplbl_88   0x001a90    program     static                          
              __tmplbl_89   0x001a90    program     static                          
              __tmplbl_90   0x001a66    program     static                          
              __tmplbl_92   0x001a90    program     static                          
              __tmplbl_93   0x0018b2    program     static                          
              __tmplbl_94   0x001a90    program     static                          
              __tmplbl_95   0x001a90    program     static                          
            __zero_memory   0x00498c    program     extern E:\3.46\pic18-lt\cxx-framework\src\traditional\proc\p18f4620.asm
                _do_cinit   0x0046a8    program     extern E:\3.46\pic18-lt\cxx-framework\src\traditional\startup\c018i.c
                   _entry   0x000000    program     extern E:\3.46\pic18-lt\cxx-framework\src\traditional\startup\c018i.c
                   _false   0x00495a    program     static                          
                   _false   0x004920    program     static                          
                 _startup   0x0049ac    program     extern E:\3.46\pic18-lt\cxx-framework\src\traditional\startup\c018i.c
          button_delay_ms   0x003e5a    program     extern D:\GitHub\TKLL\TKLL\Bai10_KeyMatrix_LCD - Password Door\button_matrix\button.c
                compare_l   0x0049a2    program     static E:\3.46\pic18-lt\cxx-framework\src\traditional\proc\p18f4620.asm
                copy_loop   0x00471a    program     static                          
            copy_one_byte   0x004720    program     static                          
                createlog   0x001d76    program     extern D:\GitHub\TKLL\TKLL\Bai10_KeyMatrix_LCD - Password Door\main.c
                delay_i2c   0x0040a2    program     extern D:\GitHub\TKLL\TKLL\Bai10_KeyMatrix_LCD - Password Door\i2c\i2c.c
                 delay_ms   0x00008e    program     extern D:\GitHub\TKLL\TKLL\Bai10_KeyMatrix_LCD - Password Door\main.c
             disable_uart   0x0030ba    program     extern D:\GitHub\TKLL\TKLL\Bai10_KeyMatrix_LCD - Password Door\uart\uart.c
                displayID   0x001bf2    program     extern D:\GitHub\TKLL\TKLL\Bai10_KeyMatrix_LCD - Password Door\main.c
                     done   0x004744    program     static                          
             done_copying   0x00472e    program     static                          
                  endloop   0x004986    program     static                          
                  endloop   0x0049de    program     static                          
            get_adc_value   0x0047f0    program     extern D:\GitHub\TKLL\TKLL\Bai10_KeyMatrix_LCD - Password Door\adc\adc.c
                 high_isr   0x004378    program     extern D:\GitHub\TKLL\TKLL\Bai10_KeyMatrix_LCD - Password Door\interrupt\interrupt.c
            i2c_read_byte   0x00415a    program     extern D:\GitHub\TKLL\TKLL\Bai10_KeyMatrix_LCD - Password Door\i2c\i2c.c
           i2c_start_cond   0x0040ca    program     extern D:\GitHub\TKLL\TKLL\Bai10_KeyMatrix_LCD - Password Door\i2c\i2c.c
            i2c_stop_cond   0x0040de    program     extern D:\GitHub\TKLL\TKLL\Bai10_KeyMatrix_LCD - Password Door\i2c\i2c.c
           i2c_write_byte   0x0040ea    program     extern D:\GitHub\TKLL\TKLL\Bai10_KeyMatrix_LCD - Password Door\i2c\i2c.c
                 init_adc   0x0047de    program     extern D:\GitHub\TKLL\TKLL\Bai10_KeyMatrix_LCD - Password Door\adc\adc.c
            init_ext_int0   0x00428c    program     extern D:\GitHub\TKLL\TKLL\Bai10_KeyMatrix_LCD - Password Door\interrupt\interrupt.c
                 init_i2c   0x00409c    program     extern D:\GitHub\TKLL\TKLL\Bai10_KeyMatrix_LCD - Password Door\i2c\i2c.c
           init_interrupt   0x004284    program     extern D:\GitHub\TKLL\TKLL\Bai10_KeyMatrix_LCD - Password Door\interrupt\interrupt.c
          init_key_matrix   0x003b44    program     extern D:\GitHub\TKLL\TKLL\Bai10_KeyMatrix_LCD - Password Door\button_matrix\button.c
init_key_matrix_with_uart   0x003b4c    program     extern D:\GitHub\TKLL\TKLL\Bai10_KeyMatrix_LCD - Password Door\button_matrix\button.c
                 init_lcd   0x002394    program     extern D:\GitHub\TKLL\TKLL\Bai10_KeyMatrix_LCD - Password Door\lcd\lcd.c
              init_system   0x000116    program     extern D:\GitHub\TKLL\TKLL\Bai10_KeyMatrix_LCD - Password Door\main.c
              init_timer0   0x003628    program     extern D:\GitHub\TKLL\TKLL\Bai10_KeyMatrix_LCD - Password Door\timer\timer.c
              init_timer1   0x00376c    program     extern D:\GitHub\TKLL\TKLL\Bai10_KeyMatrix_LCD - Password Door\timer\timer.c
              init_timer2   0x0038b6    program     extern D:\GitHub\TKLL\TKLL\Bai10_KeyMatrix_LCD - Password Door\timer\timer.c
              init_timer3   0x0038ee    program     extern D:\GitHub\TKLL\TKLL\Bai10_KeyMatrix_LCD - Password Door\timer\timer.c
                init_uart   0x0030a0    program     extern D:\GitHub\TKLL\TKLL\Bai10_KeyMatrix_LCD - Password Door\uart\uart.c
             isButtonBack   0x001b88    program     extern D:\GitHub\TKLL\TKLL\Bai10_KeyMatrix_LCD - Password Door\main.c
            isButtonEnter   0x001b78    program     extern D:\GitHub\TKLL\TKLL\Bai10_KeyMatrix_LCD - Password Door\main.c
           isButtonNumber   0x001b26    program     extern D:\GitHub\TKLL\TKLL\Bai10_KeyMatrix_LCD - Password Door\main.c
                     jEnd   0x0047cc    program     static E:\3.46\pic18-lt\cxx-framework\src\traditional\stdclib\memmove.asm
                    jLoop   0x004778    program     static E:\3.46\pic18-lt\cxx-framework\src\traditional\stdclib\memmove.asm
              jRevCpyLoop   0x0047b0    program     static E:\3.46\pic18-lt\cxx-framework\src\traditional\stdclib\memmove.asm
                 jReverse   0x004794    program     static E:\3.46\pic18-lt\cxx-framework\src\traditional\stdclib\memmove.asm
                lcd_clear   0x0026e6    program     extern D:\GitHub\TKLL\TKLL\Bai10_KeyMatrix_LCD - Password Door\lcd\lcd.c
                lcd_delay   0x0021f4    program     extern D:\GitHub\TKLL\TKLL\Bai10_KeyMatrix_LCD - Password Door\lcd\lcd.c
             lcd_power_of   0x0026fa    program     extern D:\GitHub\TKLL\TKLL\Bai10_KeyMatrix_LCD - Password Door\lcd\lcd.c
           lcd_print_char   0x002652    program     extern D:\GitHub\TKLL\TKLL\Bai10_KeyMatrix_LCD - Password Door\lcd\lcd.c
          lcd_print_charS   0x002a8e    program     extern D:\GitHub\TKLL\TKLL\Bai10_KeyMatrix_LCD - Password Door\lcd\lcd.c
            lcd_print_num   0x0027dc    program     extern D:\GitHub\TKLL\TKLL\Bai10_KeyMatrix_LCD - Password Door\lcd\lcd.c
            lcd_print_str   0x00266c    program     extern D:\GitHub\TKLL\TKLL\Bai10_KeyMatrix_LCD - Password Door\lcd\lcd.c
              lcd_putchar   0x002638    program     extern D:\GitHub\TKLL\TKLL\Bai10_KeyMatrix_LCD - Password Door\lcd\lcd.c
          lcd_read_status   0x0024a2    program     extern D:\GitHub\TKLL\TKLL\Bai10_KeyMatrix_LCD - Password Door\lcd\lcd.c
          lcd_sendCommand   0x002314    program     extern D:\GitHub\TKLL\TKLL\Bai10_KeyMatrix_LCD - Password Door\lcd\lcd.c
           lcd_set_cursor   0x0026ac    program     extern D:\GitHub\TKLL\TKLL\Bai10_KeyMatrix_LCD - Password Door\lcd\lcd.c
            lcd_wait_busy   0x002558    program     extern D:\GitHub\TKLL\TKLL\Bai10_KeyMatrix_LCD - Password Door\lcd\lcd.c
          lcd_write_4bits   0x002578    program     extern D:\GitHub\TKLL\TKLL\Bai10_KeyMatrix_LCD - Password Door\lcd\lcd.c
            lcd_write_cmd   0x0025be    program     extern D:\GitHub\TKLL\TKLL\Bai10_KeyMatrix_LCD - Password Door\lcd\lcd.c
           lcd_write_data   0x0025fa    program     extern D:\GitHub\TKLL\TKLL\Bai10_KeyMatrix_LCD - Password Door\lcd\lcd.c
                     loop   0x0049d0    program     static                          
                     loop   0x0049bc    program     static                          
                     loop   0x0048ec    program     static                          
                     loop   0x004932    program     static                          
                     loop   0x00496a    program     static                          
                   loop_h   0x00499a    program     static E:\3.46\pic18-lt\cxx-framework\src\traditional\proc\p18f4620.asm
                   loop_l   0x0049a4    program     static E:\3.46\pic18-lt\cxx-framework\src\traditional\proc\p18f4620.asm
                  low_isr   0x004294    program     extern D:\GitHub\TKLL\TKLL\Bai10_KeyMatrix_LCD - Password Door\interrupt\interrupt.c
                     main   0x000068    program     extern D:\GitHub\TKLL\TKLL\Bai10_KeyMatrix_LCD - Password Door\main.c
                  memmove   0x004746    program     extern E:\3.46\pic18-lt\cxx-framework\src\traditional\stdclib\memmove.asm
              read_ds1307   0x0041fe    program     extern D:\GitHub\TKLL\TKLL\Bai10_KeyMatrix_LCD - Password Door\i2c\i2c.c
             read_sda_pin   0x0040c4    program     extern D:\GitHub\TKLL\TKLL\Bai10_KeyMatrix_LCD - Password Door\i2c\i2c.c
             resetCheckin   0x001e1e    program     extern D:\GitHub\TKLL\TKLL\Bai10_KeyMatrix_LCD - Password Door\main.c
            reset_package   0x001d62    program     extern D:\GitHub\TKLL\TKLL\Bai10_KeyMatrix_LCD - Password Door\main.c
          scan_key_matrix   0x003b56    program     extern D:\GitHub\TKLL\TKLL\Bai10_KeyMatrix_LCD - Password Door\button_matrix\button.c
     scan_key_matrix_demo   0x003ee2    program     extern D:\GitHub\TKLL\TKLL\Bai10_KeyMatrix_LCD - Password Door\button_matrix\button.c
scan_key_matrix_with_uart   0x003cd4    program     extern D:\GitHub\TKLL\TKLL\Bai10_KeyMatrix_LCD - Password Door\button_matrix\button.c
             start_timer0   0x0036e0    program     extern D:\GitHub\TKLL\TKLL\Bai10_KeyMatrix_LCD - Password Door\timer\timer.c
             start_timer1   0x003826    program     extern D:\GitHub\TKLL\TKLL\Bai10_KeyMatrix_LCD - Password Door\timer\timer.c
             start_timer2   0x0038e2    program     extern D:\GitHub\TKLL\TKLL\Bai10_KeyMatrix_LCD - Password Door\timer\timer.c
             start_timer3   0x0039a4    program     extern D:\GitHub\TKLL\TKLL\Bai10_KeyMatrix_LCD - Password Door\timer\timer.c
              stop_timer0   0x0036dc    program     extern D:\GitHub\TKLL\TKLL\Bai10_KeyMatrix_LCD - Password Door\timer\timer.c
              stop_timer1   0x0038b2    program     extern D:\GitHub\TKLL\TKLL\Bai10_KeyMatrix_LCD - Password Door\timer\timer.c
              stop_timer2   0x0038ea    program     extern D:\GitHub\TKLL\TKLL\Bai10_KeyMatrix_LCD - Password Door\timer\timer.c
              stop_timer3   0x003a30    program     extern D:\GitHub\TKLL\TKLL\Bai10_KeyMatrix_LCD - Password Door\timer\timer.c
                     test   0x0046c2    program     static                          
               timer0_isr   0x003a34    program     extern D:\GitHub\TKLL\TKLL\Bai10_KeyMatrix_LCD - Password Door\timer\timer.c
               timer1_isr   0x003a50    program     extern D:\GitHub\TKLL\TKLL\Bai10_KeyMatrix_LCD - Password Door\timer\timer.c
               timer2_isr   0x003a6c    program     extern D:\GitHub\TKLL\TKLL\Bai10_KeyMatrix_LCD - Password Door\timer\timer.c
               timer3_isr   0x003a88    program     extern D:\GitHub\TKLL\TKLL\Bai10_KeyMatrix_LCD - Password Door\timer\timer.c
            uart_delay_ms   0x0030d2    program     extern D:\GitHub\TKLL\TKLL\Bai10_KeyMatrix_LCD - Password Door\uart\uart.c
                 uart_isr   0x0035ca    program     extern D:\GitHub\TKLL\TKLL\Bai10_KeyMatrix_LCD - Password Door\uart\uart.c
            uart_power_of   0x003202    program     extern D:\GitHub\TKLL\TKLL\Bai10_KeyMatrix_LCD - Password Door\uart\uart.c
             uart_putchar   0x00315a    program     extern D:\GitHub\TKLL\TKLL\Bai10_KeyMatrix_LCD - Password Door\uart\uart.c
            uart_send_str   0x003176    program     extern D:\GitHub\TKLL\TKLL\Bai10_KeyMatrix_LCD - Password Door\uart\uart.c
                 v_timer0   0x002284    program     extern D:\GitHub\TKLL\TKLL\Bai10_KeyMatrix_LCD - Password Door\lcd\lcd.c
             write_ds1307   0x0041c8    program     extern D:\GitHub\TKLL\TKLL\Bai10_KeyMatrix_LCD - Password Door\i2c\i2c.c
               zero_block   0x00499a    program     static E:\3.46\pic18-lt\cxx-framework\src\traditional\proc\p18f4620.asm
                   ADCON0   0x000fc2       data     extern E:\3.46\pic18-lt\cxx-framework\src\traditional\proc\p18f4620.asm
               ADCON0bits   0x000fc2       data     extern E:\3.46\pic18-lt\cxx-framework\src\traditional\proc\p18f4620.asm
                   ADCON1   0x000fc1       data     extern E:\3.46\pic18-lt\cxx-framework\src\traditional\proc\p18f4620.asm
               ADCON1bits   0x000fc1       data     extern E:\3.46\pic18-lt\cxx-framework\src\traditional\proc\p18f4620.asm
                   ADCON2   0x000fc0       data     extern E:\3.46\pic18-lt\cxx-framework\src\traditional\proc\p18f4620.asm
               ADCON2bits   0x000fc0       data     extern E:\3.46\pic18-lt\cxx-framework\src\traditional\proc\p18f4620.asm
                    ADRES   0x000fc3       data     extern E:\3.46\pic18-lt\cxx-framework\src\traditional\proc\p18f4620.asm
                   ADRESH   0x000fc4       data     extern E:\3.46\pic18-lt\cxx-framework\src\traditional\proc\p18f4620.asm
                   ADRESL   0x000fc3       data     extern E:\3.46\pic18-lt\cxx-framework\src\traditional\proc\p18f4620.asm
                  BAUDCON   0x000fb8       data     extern E:\3.46\pic18-lt\cxx-framework\src\traditional\proc\p18f4620.asm
              BAUDCONbits   0x000fb8       data     extern E:\3.46\pic18-lt\cxx-framework\src\traditional\proc\p18f4620.asm
                  BAUDCTL   0x000fb8       data     extern E:\3.46\pic18-lt\cxx-framework\src\traditional\proc\p18f4620.asm
              BAUDCTLbits   0x000fb8       data     extern E:\3.46\pic18-lt\cxx-framework\src\traditional\proc\p18f4620.asm
                      BSR   0x000fe0       data     extern E:\3.46\pic18-lt\cxx-framework\src\traditional\proc\p18f4620.asm
                  CCP1CON   0x000fbd       data     extern E:\3.46\pic18-lt\cxx-framework\src\traditional\proc\p18f4620.asm
              CCP1CONbits   0x000fbd       data     extern E:\3.46\pic18-lt\cxx-framework\src\traditional\proc\p18f4620.asm
                  CCP2CON   0x000fba       data     extern E:\3.46\pic18-lt\cxx-framework\src\traditional\proc\p18f4620.asm
              CCP2CONbits   0x000fba       data     extern E:\3.46\pic18-lt\cxx-framework\src\traditional\proc\p18f4620.asm
                    CCPR1   0x000fbe       data     extern E:\3.46\pic18-lt\cxx-framework\src\traditional\proc\p18f4620.asm
                   CCPR1H   0x000fbf       data     extern E:\3.46\pic18-lt\cxx-framework\src\traditional\proc\p18f4620.asm
                   CCPR1L   0x000fbe       data     extern E:\3.46\pic18-lt\cxx-framework\src\traditional\proc\p18f4620.asm
                    CCPR2   0x000fbb       data     extern E:\3.46\pic18-lt\cxx-framework\src\traditional\proc\p18f4620.asm
                   CCPR2H   0x000fbc       data     extern E:\3.46\pic18-lt\cxx-framework\src\traditional\proc\p18f4620.asm
                   CCPR2L   0x000fbb       data     extern E:\3.46\pic18-lt\cxx-framework\src\traditional\proc\p18f4620.asm
                    CMCON   0x000fb4       data     extern E:\3.46\pic18-lt\cxx-framework\src\traditional\proc\p18f4620.asm
                CMCONbits   0x000fb4       data     extern E:\3.46\pic18-lt\cxx-framework\src\traditional\proc\p18f4620.asm
                   CVRCON   0x000fb5       data     extern E:\3.46\pic18-lt\cxx-framework\src\traditional\proc\p18f4620.asm
               CVRCONbits   0x000fb5       data     extern E:\3.46\pic18-lt\cxx-framework\src\traditional\proc\p18f4620.asm
                     DDRA   0x000f92       data     extern E:\3.46\pic18-lt\cxx-framework\src\traditional\proc\p18f4620.asm
                 DDRAbits   0x000f92       data     extern E:\3.46\pic18-lt\cxx-framework\src\traditional\proc\p18f4620.asm
                     DDRB   0x000f93       data     extern E:\3.46\pic18-lt\cxx-framework\src\traditional\proc\p18f4620.asm
                 DDRBbits   0x000f93       data     extern E:\3.46\pic18-lt\cxx-framework\src\traditional\proc\p18f4620.asm
                     DDRC   0x000f94       data     extern E:\3.46\pic18-lt\cxx-framework\src\traditional\proc\p18f4620.asm
                 DDRCbits   0x000f94       data     extern E:\3.46\pic18-lt\cxx-framework\src\traditional\proc\p18f4620.asm
                     DDRD   0x000f95       data     extern E:\3.46\pic18-lt\cxx-framework\src\traditional\proc\p18f4620.asm
                 DDRDbits   0x000f95       data     extern E:\3.46\pic18-lt\cxx-framework\src\traditional\proc\p18f4620.asm
                     DDRE   0x000f96       data     extern E:\3.46\pic18-lt\cxx-framework\src\traditional\proc\p18f4620.asm
                 DDREbits   0x000f96       data     extern E:\3.46\pic18-lt\cxx-framework\src\traditional\proc\p18f4620.asm
                  ECCP1AS   0x000fb6       data     extern E:\3.46\pic18-lt\cxx-framework\src\traditional\proc\p18f4620.asm
              ECCP1ASbits   0x000fb6       data     extern E:\3.46\pic18-lt\cxx-framework\src\traditional\proc\p18f4620.asm
                    EEADR   0x000fa9       data     extern E:\3.46\pic18-lt\cxx-framework\src\traditional\proc\p18f4620.asm
                   EEADRH   0x000faa       data     extern E:\3.46\pic18-lt\cxx-framework\src\traditional\proc\p18f4620.asm
                   EECON1   0x000fa6       data     extern E:\3.46\pic18-lt\cxx-framework\src\traditional\proc\p18f4620.asm
               EECON1bits   0x000fa6       data     extern E:\3.46\pic18-lt\cxx-framework\src\traditional\proc\p18f4620.asm
                   EECON2   0x000fa7       data     extern E:\3.46\pic18-lt\cxx-framework\src\traditional\proc\p18f4620.asm
                   EEDATA   0x000fa8       data     extern E:\3.46\pic18-lt\cxx-framework\src\traditional\proc\p18f4620.asm
                     FSR0   0x000fe9       data     extern E:\3.46\pic18-lt\cxx-framework\src\traditional\proc\p18f4620.asm
                    FSR0H   0x000fea       data     extern E:\3.46\pic18-lt\cxx-framework\src\traditional\proc\p18f4620.asm
                    FSR0L   0x000fe9       data     extern E:\3.46\pic18-lt\cxx-framework\src\traditional\proc\p18f4620.asm
                     FSR1   0x000fe1       data     extern E:\3.46\pic18-lt\cxx-framework\src\traditional\proc\p18f4620.asm
                    FSR1H   0x000fe2       data     extern E:\3.46\pic18-lt\cxx-framework\src\traditional\proc\p18f4620.asm
                    FSR1L   0x000fe1       data     extern E:\3.46\pic18-lt\cxx-framework\src\traditional\proc\p18f4620.asm
                     FSR2   0x000fd9       data     extern E:\3.46\pic18-lt\cxx-framework\src\traditional\proc\p18f4620.asm
                    FSR2H   0x000fda       data     extern E:\3.46\pic18-lt\cxx-framework\src\traditional\proc\p18f4620.asm
                    FSR2L   0x000fd9       data     extern E:\3.46\pic18-lt\cxx-framework\src\traditional\proc\p18f4620.asm
                  HLVDCON   0x000fd2       data     extern E:\3.46\pic18-lt\cxx-framework\src\traditional\proc\p18f4620.asm
              HLVDCONbits   0x000fd2       data     extern E:\3.46\pic18-lt\cxx-framework\src\traditional\proc\p18f4620.asm
                 ID_value   0x0001a5       data     extern D:\GitHub\TKLL\TKLL\Bai10_KeyMatrix_LCD - Password Door\main.c
                    INDF0   0x000fef       data     extern E:\3.46\pic18-lt\cxx-framework\src\traditional\proc\p18f4620.asm
                    INDF1   0x000fe7       data     extern E:\3.46\pic18-lt\cxx-framework\src\traditional\proc\p18f4620.asm
                    INDF2   0x000fdf       data     extern E:\3.46\pic18-lt\cxx-framework\src\traditional\proc\p18f4620.asm
                   INTCON   0x000ff2       data     extern E:\3.46\pic18-lt\cxx-framework\src\traditional\proc\p18f4620.asm
                  INTCON2   0x000ff1       data     extern E:\3.46\pic18-lt\cxx-framework\src\traditional\proc\p18f4620.asm
              INTCON2bits   0x000ff1       data     extern E:\3.46\pic18-lt\cxx-framework\src\traditional\proc\p18f4620.asm
                  INTCON3   0x000ff0       data     extern E:\3.46\pic18-lt\cxx-framework\src\traditional\proc\p18f4620.asm
              INTCON3bits   0x000ff0       data     extern E:\3.46\pic18-lt\cxx-framework\src\traditional\proc\p18f4620.asm
               INTCONbits   0x000ff2       data     extern E:\3.46\pic18-lt\cxx-framework\src\traditional\proc\p18f4620.asm
                     IPR1   0x000f9f       data     extern E:\3.46\pic18-lt\cxx-framework\src\traditional\proc\p18f4620.asm
                 IPR1bits   0x000f9f       data     extern E:\3.46\pic18-lt\cxx-framework\src\traditional\proc\p18f4620.asm
                     IPR2   0x000fa2       data     extern E:\3.46\pic18-lt\cxx-framework\src\traditional\proc\p18f4620.asm
                 IPR2bits   0x000fa2       data     extern E:\3.46\pic18-lt\cxx-framework\src\traditional\proc\p18f4620.asm
                     LATA   0x000f89       data     extern E:\3.46\pic18-lt\cxx-framework\src\traditional\proc\p18f4620.asm
                 LATAbits   0x000f89       data     extern E:\3.46\pic18-lt\cxx-framework\src\traditional\proc\p18f4620.asm
                     LATB   0x000f8a       data     extern E:\3.46\pic18-lt\cxx-framework\src\traditional\proc\p18f4620.asm
                 LATBbits   0x000f8a       data     extern E:\3.46\pic18-lt\cxx-framework\src\traditional\proc\p18f4620.asm
                     LATC   0x000f8b       data     extern E:\3.46\pic18-lt\cxx-framework\src\traditional\proc\p18f4620.asm
                 LATCbits   0x000f8b       data     extern E:\3.46\pic18-lt\cxx-framework\src\traditional\proc\p18f4620.asm
                     LATD   0x000f8c       data     extern E:\3.46\pic18-lt\cxx-framework\src\traditional\proc\p18f4620.asm
                 LATDbits   0x000f8c       data     extern E:\3.46\pic18-lt\cxx-framework\src\traditional\proc\p18f4620.asm
                     LATE   0x000f8d       data     extern E:\3.46\pic18-lt\cxx-framework\src\traditional\proc\p18f4620.asm
                 LATEbits   0x000f8d       data     extern E:\3.46\pic18-lt\cxx-framework\src\traditional\proc\p18f4620.asm
                   LVDCON   0x000fd2       data     extern E:\3.46\pic18-lt\cxx-framework\src\traditional\proc\p18f4620.asm
               LVDCONbits   0x000fd2       data     extern E:\3.46\pic18-lt\cxx-framework\src\traditional\proc\p18f4620.asm
                LcdScreen   0x0000c1       data     extern D:\GitHub\TKLL\TKLL\Bai10_KeyMatrix_LCD - Password Door\lcd\lcd.c
                   OSCCON   0x000fd3       data     extern E:\3.46\pic18-lt\cxx-framework\src\traditional\proc\p18f4620.asm
               OSCCONbits   0x000fd3       data     extern E:\3.46\pic18-lt\cxx-framework\src\traditional\proc\p18f4620.asm
                  OSCTUNE   0x000f9b       data     extern E:\3.46\pic18-lt\cxx-framework\src\traditional\proc\p18f4620.asm
              OSCTUNEbits   0x000f9b       data     extern E:\3.46\pic18-lt\cxx-framework\src\traditional\proc\p18f4620.asm
                       PC   0x000ff9       data     extern E:\3.46\pic18-lt\cxx-framework\src\traditional\proc\p18f4620.asm
                      PCL   0x000ff9       data     extern E:\3.46\pic18-lt\cxx-framework\src\traditional\proc\p18f4620.asm
                   PCLATH   0x000ffa       data     extern E:\3.46\pic18-lt\cxx-framework\src\traditional\proc\p18f4620.asm
                   PCLATU   0x000ffb       data     extern E:\3.46\pic18-lt\cxx-framework\src\traditional\proc\p18f4620.asm
                     PIE1   0x000f9d       data     extern E:\3.46\pic18-lt\cxx-framework\src\traditional\proc\p18f4620.asm
                 PIE1bits   0x000f9d       data     extern E:\3.46\pic18-lt\cxx-framework\src\traditional\proc\p18f4620.asm
                     PIE2   0x000fa0       data     extern E:\3.46\pic18-lt\cxx-framework\src\traditional\proc\p18f4620.asm
                 PIE2bits   0x000fa0       data     extern E:\3.46\pic18-lt\cxx-framework\src\traditional\proc\p18f4620.asm
                     PIR1   0x000f9e       data     extern E:\3.46\pic18-lt\cxx-framework\src\traditional\proc\p18f4620.asm
                 PIR1bits   0x000f9e       data     extern E:\3.46\pic18-lt\cxx-framework\src\traditional\proc\p18f4620.asm
                     PIR2   0x000fa1       data     extern E:\3.46\pic18-lt\cxx-framework\src\traditional\proc\p18f4620.asm
                 PIR2bits   0x000fa1       data     extern E:\3.46\pic18-lt\cxx-framework\src\traditional\proc\p18f4620.asm
                   PLUSW0   0x000feb       data     extern E:\3.46\pic18-lt\cxx-framework\src\traditional\proc\p18f4620.asm
                   PLUSW1   0x000fe3       data     extern E:\3.46\pic18-lt\cxx-framework\src\traditional\proc\p18f4620.asm
                   PLUSW2   0x000fdb       data     extern E:\3.46\pic18-lt\cxx-framework\src\traditional\proc\p18f4620.asm
                    PORTA   0x000f80       data     extern E:\3.46\pic18-lt\cxx-framework\src\traditional\proc\p18f4620.asm
                PORTAbits   0x000f80       data     extern E:\3.46\pic18-lt\cxx-framework\src\traditional\proc\p18f4620.asm
                    PORTB   0x000f81       data     extern E:\3.46\pic18-lt\cxx-framework\src\traditional\proc\p18f4620.asm
                PORTBbits   0x000f81       data     extern E:\3.46\pic18-lt\cxx-framework\src\traditional\proc\p18f4620.asm
                    PORTC   0x000f82       data     extern E:\3.46\pic18-lt\cxx-framework\src\traditional\proc\p18f4620.asm
                PORTCbits   0x000f82       data     extern E:\3.46\pic18-lt\cxx-framework\src\traditional\proc\p18f4620.asm
                    PORTD   0x000f83       data     extern E:\3.46\pic18-lt\cxx-framework\src\traditional\proc\p18f4620.asm
                PORTDbits   0x000f83       data     extern E:\3.46\pic18-lt\cxx-framework\src\traditional\proc\p18f4620.asm
                    PORTE   0x000f84       data     extern E:\3.46\pic18-lt\cxx-framework\src\traditional\proc\p18f4620.asm
                PORTEbits   0x000f84       data     extern E:\3.46\pic18-lt\cxx-framework\src\traditional\proc\p18f4620.asm
                 POSTDEC0   0x000fed       data     extern E:\3.46\pic18-lt\cxx-framework\src\traditional\proc\p18f4620.asm
                 POSTDEC1   0x000fe5       data     extern E:\3.46\pic18-lt\cxx-framework\src\traditional\proc\p18f4620.asm
                 POSTDEC2   0x000fdd       data     extern E:\3.46\pic18-lt\cxx-framework\src\traditional\proc\p18f4620.asm
                 POSTINC0   0x000fee       data     extern E:\3.46\pic18-lt\cxx-framework\src\traditional\proc\p18f4620.asm
                 POSTINC1   0x000fe6       data     extern E:\3.46\pic18-lt\cxx-framework\src\traditional\proc\p18f4620.asm
                 POSTINC2   0x000fde       data     extern E:\3.46\pic18-lt\cxx-framework\src\traditional\proc\p18f4620.asm
                      PR2   0x000fcb       data     extern E:\3.46\pic18-lt\cxx-framework\src\traditional\proc\p18f4620.asm
                  PREINC0   0x000fec       data     extern E:\3.46\pic18-lt\cxx-framework\src\traditional\proc\p18f4620.asm
                  PREINC1   0x000fe4       data     extern E:\3.46\pic18-lt\cxx-framework\src\traditional\proc\p18f4620.asm
                  PREINC2   0x000fdc       data     extern E:\3.46\pic18-lt\cxx-framework\src\traditional\proc\p18f4620.asm
                     PROD   0x000ff3       data     extern E:\3.46\pic18-lt\cxx-framework\src\traditional\proc\p18f4620.asm
                    PRODH   0x000ff4       data     extern E:\3.46\pic18-lt\cxx-framework\src\traditional\proc\p18f4620.asm
                    PRODL   0x000ff3       data     extern E:\3.46\pic18-lt\cxx-framework\src\traditional\proc\p18f4620.asm
                  PWM1CON   0x000fb7       data     extern E:\3.46\pic18-lt\cxx-framework\src\traditional\proc\p18f4620.asm
              PWM1CONbits   0x000fb7       data     extern E:\3.46\pic18-lt\cxx-framework\src\traditional\proc\p18f4620.asm
                     RCON   0x000fd0       data     extern E:\3.46\pic18-lt\cxx-framework\src\traditional\proc\p18f4620.asm
                 RCONbits   0x000fd0       data     extern E:\3.46\pic18-lt\cxx-framework\src\traditional\proc\p18f4620.asm
                    RCREG   0x000fae       data     extern E:\3.46\pic18-lt\cxx-framework\src\traditional\proc\p18f4620.asm
                    RCSTA   0x000fab       data     extern E:\3.46\pic18-lt\cxx-framework\src\traditional\proc\p18f4620.asm
                RCSTAbits   0x000fab       data     extern E:\3.46\pic18-lt\cxx-framework\src\traditional\proc\p18f4620.asm
                     SIGN   0x000000       data     extern E:\3.46\pic18-lt\cxx-framework\src\traditional\math\cmath18.asm
                    SPBRG   0x000faf       data     extern E:\3.46\pic18-lt\cxx-framework\src\traditional\proc\p18f4620.asm
                   SPBRGH   0x000fb0       data     extern E:\3.46\pic18-lt\cxx-framework\src\traditional\proc\p18f4620.asm
                   SSPADD   0x000fc8       data     extern E:\3.46\pic18-lt\cxx-framework\src\traditional\proc\p18f4620.asm
                   SSPBUF   0x000fc9       data     extern E:\3.46\pic18-lt\cxx-framework\src\traditional\proc\p18f4620.asm
                  SSPCON1   0x000fc6       data     extern E:\3.46\pic18-lt\cxx-framework\src\traditional\proc\p18f4620.asm
              SSPCON1bits   0x000fc6       data     extern E:\3.46\pic18-lt\cxx-framework\src\traditional\proc\p18f4620.asm
                  SSPCON2   0x000fc5       data     extern E:\3.46\pic18-lt\cxx-framework\src\traditional\proc\p18f4620.asm
              SSPCON2bits   0x000fc5       data     extern E:\3.46\pic18-lt\cxx-framework\src\traditional\proc\p18f4620.asm
                  SSPSTAT   0x000fc7       data     extern E:\3.46\pic18-lt\cxx-framework\src\traditional\proc\p18f4620.asm
              SSPSTATbits   0x000fc7       data     extern E:\3.46\pic18-lt\cxx-framework\src\traditional\proc\p18f4620.asm
                   STATUS   0x000fd8       data     extern E:\3.46\pic18-lt\cxx-framework\src\traditional\proc\p18f4620.asm
               STATUSbits   0x000fd8       data     extern E:\3.46\pic18-lt\cxx-framework\src\traditional\proc\p18f4620.asm
                   STKPTR   0x000ffc       data     extern E:\3.46\pic18-lt\cxx-framework\src\traditional\proc\p18f4620.asm
               STKPTRbits   0x000ffc       data     extern E:\3.46\pic18-lt\cxx-framework\src\traditional\proc\p18f4620.asm
                    T0CON   0x000fd5       data     extern E:\3.46\pic18-lt\cxx-framework\src\traditional\proc\p18f4620.asm
                T0CONbits   0x000fd5       data     extern E:\3.46\pic18-lt\cxx-framework\src\traditional\proc\p18f4620.asm
                    T1CON   0x000fcd       data     extern E:\3.46\pic18-lt\cxx-framework\src\traditional\proc\p18f4620.asm
                T1CONbits   0x000fcd       data     extern E:\3.46\pic18-lt\cxx-framework\src\traditional\proc\p18f4620.asm
                    T2CON   0x000fca       data     extern E:\3.46\pic18-lt\cxx-framework\src\traditional\proc\p18f4620.asm
                T2CONbits   0x000fca       data     extern E:\3.46\pic18-lt\cxx-framework\src\traditional\proc\p18f4620.asm
                    T3CON   0x000fb1       data     extern E:\3.46\pic18-lt\cxx-framework\src\traditional\proc\p18f4620.asm
                T3CONbits   0x000fb1       data     extern E:\3.46\pic18-lt\cxx-framework\src\traditional\proc\p18f4620.asm
                   TABLAT   0x000ff5       data     extern E:\3.46\pic18-lt\cxx-framework\src\traditional\proc\p18f4620.asm
                   TBLPTR   0x000ff6       data     extern E:\3.46\pic18-lt\cxx-framework\src\traditional\proc\p18f4620.asm
                  TBLPTRH   0x000ff7       data     extern E:\3.46\pic18-lt\cxx-framework\src\traditional\proc\p18f4620.asm
                  TBLPTRL   0x000ff6       data     extern E:\3.46\pic18-lt\cxx-framework\src\traditional\proc\p18f4620.asm
                  TBLPTRU   0x000ff8       data     extern E:\3.46\pic18-lt\cxx-framework\src\traditional\proc\p18f4620.asm
                    TMR0H   0x000fd7       data     extern E:\3.46\pic18-lt\cxx-framework\src\traditional\proc\p18f4620.asm
                    TMR0L   0x000fd6       data     extern E:\3.46\pic18-lt\cxx-framework\src\traditional\proc\p18f4620.asm
                    TMR1H   0x000fcf       data     extern E:\3.46\pic18-lt\cxx-framework\src\traditional\proc\p18f4620.asm
                    TMR1L   0x000fce       data     extern E:\3.46\pic18-lt\cxx-framework\src\traditional\proc\p18f4620.asm
                     TMR2   0x000fcc       data     extern E:\3.46\pic18-lt\cxx-framework\src\traditional\proc\p18f4620.asm
                    TMR3H   0x000fb3       data     extern E:\3.46\pic18-lt\cxx-framework\src\traditional\proc\p18f4620.asm
                    TMR3L   0x000fb2       data     extern E:\3.46\pic18-lt\cxx-framework\src\traditional\proc\p18f4620.asm
                      TOS   0x000ffd       data     extern E:\3.46\pic18-lt\cxx-framework\src\traditional\proc\p18f4620.asm
                     TOSH   0x000ffe       data     extern E:\3.46\pic18-lt\cxx-framework\src\traditional\proc\p18f4620.asm
                     TOSL   0x000ffd       data     extern E:\3.46\pic18-lt\cxx-framework\src\traditional\proc\p18f4620.asm
                     TOSU   0x000fff       data     extern E:\3.46\pic18-lt\cxx-framework\src\traditional\proc\p18f4620.asm
                    TRISA   0x000f92       data     extern E:\3.46\pic18-lt\cxx-framework\src\traditional\proc\p18f4620.asm
                TRISAbits   0x000f92       data     extern E:\3.46\pic18-lt\cxx-framework\src\traditional\proc\p18f4620.asm
                    TRISB   0x000f93       data     extern E:\3.46\pic18-lt\cxx-framework\src\traditional\proc\p18f4620.asm
                TRISBbits   0x000f93       data     extern E:\3.46\pic18-lt\cxx-framework\src\traditional\proc\p18f4620.asm
                    TRISC   0x000f94       data     extern E:\3.46\pic18-lt\cxx-framework\src\traditional\proc\p18f4620.asm
                TRISCbits   0x000f94       data     extern E:\3.46\pic18-lt\cxx-framework\src\traditional\proc\p18f4620.asm
                    TRISD   0x000f95       data     extern E:\3.46\pic18-lt\cxx-framework\src\traditional\proc\p18f4620.asm
                TRISDbits   0x000f95       data     extern E:\3.46\pic18-lt\cxx-framework\src\traditional\proc\p18f4620.asm
                    TRISE   0x000f96       data     extern E:\3.46\pic18-lt\cxx-framework\src\traditional\proc\p18f4620.asm
                TRISEbits   0x000f96       data     extern E:\3.46\pic18-lt\cxx-framework\src\traditional\proc\p18f4620.asm
                    TXREG   0x000fad       data     extern E:\3.46\pic18-lt\cxx-framework\src\traditional\proc\p18f4620.asm
                    TXSTA   0x000fac       data     extern E:\3.46\pic18-lt\cxx-framework\src\traditional\proc\p18f4620.asm
                TXSTAbits   0x000fac       data     extern E:\3.46\pic18-lt\cxx-framework\src\traditional\proc\p18f4620.asm
                 UserFont   0x000080       data     extern D:\GitHub\TKLL\TKLL\Bai10_KeyMatrix_LCD - Password Door\lcd\lcd.c
                        W   0x000fe8       data     extern E:\3.46\pic18-lt\cxx-framework\src\traditional\proc\p18f4620.asm
                   WDTCON   0x000fd1       data     extern E:\3.46\pic18-lt\cxx-framework\src\traditional\proc\p18f4620.asm
               WDTCONbits   0x000fd1       data     extern E:\3.46\pic18-lt\cxx-framework\src\traditional\proc\p18f4620.asm
                     WREG   0x000fe8       data     extern E:\3.46\pic18-lt\cxx-framework\src\traditional\proc\p18f4620.asm
                 __AARGB0   0x000009       data     extern E:\3.46\pic18-lt\cxx-framework\src\traditional\math\aarg.asm
                 __AARGB1   0x000008       data     extern E:\3.46\pic18-lt\cxx-framework\src\traditional\math\aarg.asm
                 __AARGB2   0x000007       data     extern E:\3.46\pic18-lt\cxx-framework\src\traditional\math\aarg.asm
                 __AARGB3   0x000006       data     extern E:\3.46\pic18-lt\cxx-framework\src\traditional\math\aarg.asm
                 __AARGB4   0x000005       data     extern E:\3.46\pic18-lt\cxx-framework\src\traditional\math\aarg.asm
                 __AARGB5   0x000004       data     extern E:\3.46\pic18-lt\cxx-framework\src\traditional\math\aarg.asm
                 __AARGB6   0x000003       data     extern E:\3.46\pic18-lt\cxx-framework\src\traditional\math\aarg.asm
                 __AARGB7   0x000002       data     extern E:\3.46\pic18-lt\cxx-framework\src\traditional\math\aarg.asm
                   __AEXP   0x00000a       data     extern E:\3.46\pic18-lt\cxx-framework\src\traditional\math\aarg.asm
                 __BARGB0   0x00000e       data     extern E:\3.46\pic18-lt\cxx-framework\src\traditional\math\barg.asm
                 __BARGB1   0x00000d       data     extern E:\3.46\pic18-lt\cxx-framework\src\traditional\math\barg.asm
                 __BARGB2   0x00000c       data     extern E:\3.46\pic18-lt\cxx-framework\src\traditional\math\barg.asm
                 __BARGB3   0x00000b       data     extern E:\3.46\pic18-lt\cxx-framework\src\traditional\math\barg.asm
                   __BEXP   0x00000f       data     extern E:\3.46\pic18-lt\cxx-framework\src\traditional\math\barg.asm
                __FPFLAGS   0x000001       data     extern E:\3.46\pic18-lt\cxx-framework\src\traditional\math\cmath18.asm
            __FPFLAGSbits   0x000001       data     extern E:\3.46\pic18-lt\cxx-framework\src\traditional\math\cmath18.asm
                  __REMB0   0x000005       data     extern E:\3.46\pic18-lt\cxx-framework\src\traditional\math\aarg.asm
                  __REMB1   0x000004       data     extern E:\3.46\pic18-lt\cxx-framework\src\traditional\math\aarg.asm
                  __REMB2   0x000003       data     extern E:\3.46\pic18-lt\cxx-framework\src\traditional\math\aarg.asm
                  __REMB3   0x000002       data     extern E:\3.46\pic18-lt\cxx-framework\src\traditional\math\aarg.asm
                  __tmp_0   0x000010       data     static D:\GitHub\TKLL\TKLL\Bai10_KeyMatrix_LCD - Password Door\timer\timer.c
                  __tmp_0   0x000010       data     static D:\GitHub\TKLL\TKLL\Bai10_KeyMatrix_LCD - Password Door\lcd\lcd.c
                  __tmp_0   0x000010       data     static D:\GitHub\TKLL\TKLL\Bai10_KeyMatrix_LCD - Password Door\main.c
                  __tmp_0   0x000010       data     static D:\GitHub\TKLL\TKLL\Bai10_KeyMatrix_LCD - Password Door\adc\adc.c
                  __tmp_0   0x000010       data     static D:\GitHub\TKLL\TKLL\Bai10_KeyMatrix_LCD - Password Door\i2c\i2c.c
                  __tmp_0   0x000010       data     static D:\GitHub\TKLL\TKLL\Bai10_KeyMatrix_LCD - Password Door\button_matrix\button.c
                  __tmp_0   0x000010       data     static D:\GitHub\TKLL\TKLL\Bai10_KeyMatrix_LCD - Password Door\uart\uart.c
                  account   0x00014b       data     extern D:\GitHub\TKLL\TKLL\Bai10_KeyMatrix_LCD - Password Door\main.c
                  ack_bit   0x0000fe       data     extern D:\GitHub\TKLL\TKLL\Bai10_KeyMatrix_LCD - Password Door\i2c\i2c.c
                 ack_flag   0x0000f9       data     extern D:\GitHub\TKLL\TKLL\Bai10_KeyMatrix_LCD - Password Door\i2c\i2c.c
          ad_cur_mem_list   0x0001be       data     extern D:\GitHub\TKLL\TKLL\Bai10_KeyMatrix_LCD - Password Door\main.c
        ad_current_member   0x0001bf       data     extern D:\GitHub\TKLL\TKLL\Bai10_KeyMatrix_LCD - Password Door\main.c
          ad_current_page   0x0001b7       data     extern D:\GitHub\TKLL\TKLL\Bai10_KeyMatrix_LCD - Password Door\main.c
          ad_mem_cur_page   0x0001bc       data     extern D:\GitHub\TKLL\TKLL\Bai10_KeyMatrix_LCD - Password Door\main.c
       ad_num_member_list   0x0001bd       data     extern D:\GitHub\TKLL\TKLL\Bai10_KeyMatrix_LCD - Password Door\main.c
                adc_value   0x000f20       data     extern D:\GitHub\TKLL\TKLL\Bai10_KeyMatrix_LCD - Password Door\adc\adc.c
               admin_page   0x0001b1       data     extern D:\GitHub\TKLL\TKLL\Bai10_KeyMatrix_LCD - Password Door\main.c
         arrayMapOfNumber   0x00011d       data     extern D:\GitHub\TKLL\TKLL\Bai10_KeyMatrix_LCD - Password Door\main.c
         arrayMapOfOutput   0x000100       data     extern D:\GitHub\TKLL\TKLL\Bai10_KeyMatrix_LCD - Password Door\main.c
       arrayMapOfPassword   0x00012d       data     extern D:\GitHub\TKLL\TKLL\Bai10_KeyMatrix_LCD - Password Door\main.c
      arrayMaskInputOfKey   0x0001e7       data     extern D:\GitHub\TKLL\TKLL\Bai10_KeyMatrix_LCD - Password Door\button_matrix\button.c
     arrayMaskOutputOfKey   0x0001e3       data     extern D:\GitHub\TKLL\TKLL\Bai10_KeyMatrix_LCD - Password Door\button_matrix\button.c
            arrayPassword   0x0001f6       data     extern D:\GitHub\TKLL\TKLL\Bai10_KeyMatrix_LCD - Password Door\main.c
                 byte_num   0x0000e2       data     extern D:\GitHub\TKLL\TKLL\Bai10_KeyMatrix_LCD - Password Door\i2c\i2c.c
                     cnt0   0x000f3e       data     extern D:\GitHub\TKLL\TKLL\Bai10_KeyMatrix_LCD - Password Door\interrupt\interrupt.c
                     cnt1   0x000f40       data     extern D:\GitHub\TKLL\TKLL\Bai10_KeyMatrix_LCD - Password Door\interrupt\interrupt.c
                curr_byte   0x0001ef       data     static E:\3.46\pic18-lt\cxx-framework\src\traditional\startup\c018i.c
               curr_entry   0x0001f1       data     static E:\3.46\pic18-lt\cxx-framework\src\traditional\startup\c018i.c
              current_col   0x000f3c       data     extern D:\GitHub\TKLL\TKLL\Bai10_KeyMatrix_LCD - Password Door\lcd\lcd.c
              current_row   0x000f3a       data     extern D:\GitHub\TKLL\TKLL\Bai10_KeyMatrix_LCD - Password Door\lcd\lcd.c
             current_user   0x0001ab       data     extern D:\GitHub\TKLL\TKLL\Bai10_KeyMatrix_LCD - Password Door\main.c
              dataReceive   0x0000fd       data     extern D:\GitHub\TKLL\TKLL\Bai10_KeyMatrix_LCD - Password Door\uart\uart.c
                 data_ptr   0x0001f3       data     static E:\3.46\pic18-lt\cxx-framework\src\traditional\startup\c018i.c
                     date   0x000114       data     extern D:\GitHub\TKLL\TKLL\Bai10_KeyMatrix_LCD - Password Door\main.c
                      day   0x000113       data     extern D:\GitHub\TKLL\TKLL\Bai10_KeyMatrix_LCD - Password Door\main.c
                flag_read   0x0000e1       data     extern D:\GitHub\TKLL\TKLL\Bai10_KeyMatrix_LCD - Password Door\i2c\i2c.c
              flag_timer0   0x000f08       data     extern D:\GitHub\TKLL\TKLL\Bai10_KeyMatrix_LCD - Password Door\timer\timer.c
              flag_timer1   0x000f09       data     extern D:\GitHub\TKLL\TKLL\Bai10_KeyMatrix_LCD - Password Door\timer\timer.c
              flag_timer2   0x000f0a       data     extern D:\GitHub\TKLL\TKLL\Bai10_KeyMatrix_LCD - Password Door\timer\timer.c
              flag_timer3   0x000f0b       data     extern D:\GitHub\TKLL\TKLL\Bai10_KeyMatrix_LCD - Password Door\timer\timer.c
                hien_dien   0x000117       data     extern D:\GitHub\TKLL\TKLL\Bai10_KeyMatrix_LCD - Password Door\main.c
                     hour   0x000112       data     extern D:\GitHub\TKLL\TKLL\Bai10_KeyMatrix_LCD - Password Door\main.c
                 i2c_data   0x0000fb       data     extern D:\GitHub\TKLL\TKLL\Bai10_KeyMatrix_LCD - Password Door\i2c\i2c.c
                indexOfID   0x0001a9       data     extern D:\GitHub\TKLL\TKLL\Bai10_KeyMatrix_LCD - Password Door\main.c
            indexOfNumber   0x0001a8       data     extern D:\GitHub\TKLL\TKLL\Bai10_KeyMatrix_LCD - Password Door\main.c
                index_add   0x0000e3       data     extern D:\GitHub\TKLL\TKLL\Bai10_KeyMatrix_LCD - Password Door\i2c\i2c.c
               index_user   0x0001af       data     extern D:\GitHub\TKLL\TKLL\Bai10_KeyMatrix_LCD - Password Door\main.c
            isButtonPress   0x0001eb       data     extern D:\GitHub\TKLL\TKLL\Bai10_KeyMatrix_LCD - Password Door\button_matrix\button.c
                isStarted   0x0000fc       data     extern D:\GitHub\TKLL\TKLL\Bai10_KeyMatrix_LCD - Password Door\i2c\i2c.c
                 key_code   0x0001c3       data     extern D:\GitHub\TKLL\TKLL\Bai10_KeyMatrix_LCD - Password Door\button_matrix\button.c
              manage_page   0x0001b8       data     extern D:\GitHub\TKLL\TKLL\Bai10_KeyMatrix_LCD - Password Door\main.c
                   minute   0x000111       data     extern D:\GitHub\TKLL\TKLL\Bai10_KeyMatrix_LCD - Password Door\main.c
                    month   0x000115       data     extern D:\GitHub\TKLL\TKLL\Bai10_KeyMatrix_LCD - Password Door\main.c
              num_of_user   0x0001ad       data     extern D:\GitHub\TKLL\TKLL\Bai10_KeyMatrix_LCD - Password Door\main.c
              numberValue   0x0001fc       data     extern D:\GitHub\TKLL\TKLL\Bai10_KeyMatrix_LCD - Password Door\main.c
                     prom   0x0001ec       data     static E:\3.46\pic18-lt\cxx-framework\src\traditional\startup\c018i.c
                read_data   0x0000ef       data     extern D:\GitHub\TKLL\TKLL\Bai10_KeyMatrix_LCD - Password Door\i2c\i2c.c
             receive_data   0x0000fa       data     extern D:\GitHub\TKLL\TKLL\Bai10_KeyMatrix_LCD - Password Door\i2c\i2c.c
             receive_flag   0x0000f8       data     extern D:\GitHub\TKLL\TKLL\Bai10_KeyMatrix_LCD - Password Door\i2c\i2c.c
                   second   0x000110       data     extern D:\GitHub\TKLL\TKLL\Bai10_KeyMatrix_LCD - Password Door\main.c
                statusLCD   0x0000c0       data     extern D:\GitHub\TKLL\TKLL\Bai10_KeyMatrix_LCD - Password Door\lcd\lcd.c
              statusLight   0x0001c2       data     extern D:\GitHub\TKLL\TKLL\Bai10_KeyMatrix_LCD - Password Door\main.c
             statusOutput   0x000108       data     extern D:\GitHub\TKLL\TKLL\Bai10_KeyMatrix_LCD - Password Door\main.c
           statusPassword   0x0001a7       data     extern D:\GitHub\TKLL\TKLL\Bai10_KeyMatrix_LCD - Password Door\main.c
                time0_MUL   0x000f18       data     extern D:\GitHub\TKLL\TKLL\Bai10_KeyMatrix_LCD - Password Door\timer\timer.c
                time1_MUL   0x000f1a       data     extern D:\GitHub\TKLL\TKLL\Bai10_KeyMatrix_LCD - Password Door\timer\timer.c
                time2_MUL   0x000f1c       data     extern D:\GitHub\TKLL\TKLL\Bai10_KeyMatrix_LCD - Password Door\timer\timer.c
                time3_MUL   0x000f1e       data     extern D:\GitHub\TKLL\TKLL\Bai10_KeyMatrix_LCD - Password Door\timer\timer.c
                timeDelay   0x0001aa       data     extern D:\GitHub\TKLL\TKLL\Bai10_KeyMatrix_LCD - Password Door\main.c
               timer0_cnt   0x000f10       data     extern D:\GitHub\TKLL\TKLL\Bai10_KeyMatrix_LCD - Password Door\timer\timer.c
             timer0_value   0x000f00       data     extern D:\GitHub\TKLL\TKLL\Bai10_KeyMatrix_LCD - Password Door\timer\timer.c
               timer1_cnt   0x000f12       data     extern D:\GitHub\TKLL\TKLL\Bai10_KeyMatrix_LCD - Password Door\timer\timer.c
             timer1_value   0x000f02       data     extern D:\GitHub\TKLL\TKLL\Bai10_KeyMatrix_LCD - Password Door\timer\timer.c
               timer2_cnt   0x000f14       data     extern D:\GitHub\TKLL\TKLL\Bai10_KeyMatrix_LCD - Password Door\timer\timer.c
             timer2_value   0x000f04       data     extern D:\GitHub\TKLL\TKLL\Bai10_KeyMatrix_LCD - Password Door\timer\timer.c
               timer3_cnt   0x000f16       data     extern D:\GitHub\TKLL\TKLL\Bai10_KeyMatrix_LCD - Password Door\timer\timer.c
             timer3_value   0x000f06       data     extern D:\GitHub\TKLL\TKLL\Bai10_KeyMatrix_LCD - Password Door\timer\timer.c
                      tre   0x00011b       data     extern D:\GitHub\TKLL\TKLL\Bai10_KeyMatrix_LCD - Password Door\main.c
                user_page   0x0001c0       data     extern D:\GitHub\TKLL\TKLL\Bai10_KeyMatrix_LCD - Password Door\main.c
                   v_cnt0   0x000f0c       data     extern D:\GitHub\TKLL\TKLL\Bai10_KeyMatrix_LCD - Password Door\timer\timer.c
                   v_cnt1   0x000f0e       data     extern D:\GitHub\TKLL\TKLL\Bai10_KeyMatrix_LCD - Password Door\timer\timer.c
                     vang   0x000119       data     extern D:\GitHub\TKLL\TKLL\Bai10_KeyMatrix_LCD - Password Door\main.c
               write_data   0x0000e4       data     extern D:\GitHub\TKLL\TKLL\Bai10_KeyMatrix_LCD - Password Door\i2c\i2c.c
                     year   0x000116       data     extern D:\GitHub\TKLL\TKLL\Bai10_KeyMatrix_LCD - Password Door\main.c



                              Symbols - Sorted by Address
                     Name    Address   Location    Storage File                     
                ---------  ---------  ---------  --------- ---------                
                   _entry   0x000000    program     extern E:\3.46\pic18-lt\cxx-framework\src\traditional\startup\c018i.c
       ___return_lbl00000   0x000004    program     static                          
                   __init   0x000006    program     extern E:\3.46\pic18-lt\cxx-framework\src\traditional\stdclib\__init.c
      InterruptVectorHigh   0x000008    program     extern D:\GitHub\TKLL\TKLL\Bai10_KeyMatrix_LCD - Password Door\interrupt\interrupt.c
       ___return_lbl00003   0x00000c    program     static                          
       InterruptVectorLow   0x000018    program     extern D:\GitHub\TKLL\TKLL\Bai10_KeyMatrix_LCD - Password Door\interrupt\interrupt.c
       ___return_lbl00002   0x00001c    program     static                          
                     main   0x000068    program     extern D:\GitHub\TKLL\TKLL\Bai10_KeyMatrix_LCD - Password Door\main.c
                 delay_ms   0x00008e    program     extern D:\GitHub\TKLL\TKLL\Bai10_KeyMatrix_LCD - Password Door\main.c
              init_system   0x000116    program     extern D:\GitHub\TKLL\TKLL\Bai10_KeyMatrix_LCD - Password Door\main.c
               OpenOutput   0x000192    program     extern D:\GitHub\TKLL\TKLL\Bai10_KeyMatrix_LCD - Password Door\main.c
              CloseOutput   0x0001e2    program     extern D:\GitHub\TKLL\TKLL\Bai10_KeyMatrix_LCD - Password Door\main.c
            ReverseOutput   0x000232    program     extern D:\GitHub\TKLL\TKLL\Bai10_KeyMatrix_LCD - Password Door\main.c
               TestOutput   0x0002ae    program     extern D:\GitHub\TKLL\TKLL\Bai10_KeyMatrix_LCD - Password Door\main.c
                  CheckID   0x00032a    program     extern D:\GitHub\TKLL\TKLL\Bai10_KeyMatrix_LCD - Password Door\main.c
         App_PasswordDoor   0x0003c0    program     extern D:\GitHub\TKLL\TKLL\Bai10_KeyMatrix_LCD - Password Door\main.c
              __tmplbl_48   0x000cf8    program     static                          
              __tmplbl_47   0x000e08    program     static                          
              __tmplbl_46   0x000f98    program     static                          
              __tmplbl_45   0x001290    program     static                          
              __tmplbl_44   0x001382    program     static                          
              __tmplbl_65   0x001444    program     static                          
              __tmplbl_71   0x001444    program     static                          
              __tmplbl_61   0x001444    program     static                          
              __tmplbl_72   0x001444    program     static                          
              __tmplbl_43   0x001448    program     static                          
              __tmplbl_42   0x001732    program     static                          
              __tmplbl_41   0x001846    program     static                          
              __tmplbl_93   0x0018b2    program     static                          
              __tmplbl_40   0x0018b6    program     static                          
              __tmplbl_39   0x0019da    program     static                          
              __tmplbl_69   0x001a3a    program     static                          
              __tmplbl_83   0x001a3a    program     static                          
              __tmplbl_75   0x001a3a    program     static                          
              __tmplbl_80   0x001a3a    program     static                          
              __tmplbl_78   0x001a3a    program     static                          
              __tmplbl_67   0x001a3a    program     static                          
              __tmplbl_85   0x001a3a    program     static                          
              __tmplbl_63   0x001a3a    program     static                          
              __tmplbl_38   0x001a3e    program     static                          
              __tmplbl_90   0x001a66    program     static                          
              __tmplbl_37   0x001a6c    program     static                          
              __tmplbl_84   0x001a90    program     static                          
              __tmplbl_86   0x001a90    program     static                          
              __tmplbl_82   0x001a90    program     static                          
              __tmplbl_87   0x001a90    program     static                          
              __tmplbl_81   0x001a90    program     static                          
              __tmplbl_79   0x001a90    program     static                          
[...]
                TRISBbits   0x000f93       data     extern E:\3.46\pic18-lt\cxx-framework\src\traditional\proc\p18f4620.asm
                     DDRB   0x000f93       data     extern E:\3.46\pic18-lt\cxx-framework\src\traditional\proc\p18f4620.asm
                    TRISB   0x000f93       data     extern E:\3.46\pic18-lt\cxx-framework\src\traditional\proc\p18f4620.asm
                 DDRCbits   0x000f94       data     extern E:\3.46\pic18-lt\cxx-framework\src\traditional\proc\p18f4620.asm
                TRISCbits   0x000f94       data     extern E:\3.46\pic18-lt\cxx-framework\src\traditional\proc\p18f4620.asm
                    TRISC   0x000f94       data     extern E:\3.46\pic18-lt\cxx-framework\src\traditional\proc\p18f4620.asm
                     DDRC   0x000f94       data     extern E:\3.46\pic18-lt\cxx-framework\src\traditional\proc\p18f4620.asm
                     DDRD   0x000f95       data     extern E:\3.46\pic18-lt\cxx-framework\src\traditional\proc\p18f4620.asm
                TRISDbits   0x000f95       data     extern E:\3.46\pic18-lt\cxx-framework\src\traditional\proc\p18f4620.asm
                    TRISD   0x000f95       data     extern E:\3.46\pic18-lt\cxx-framework\src\traditional\proc\p18f4620.asm
                 DDRDbits   0x000f95       data     extern E:\3.46\pic18-lt\cxx-framework\src\traditional\proc\p18f4620.asm
                     DDRE   0x000f96       data     extern E:\3.46\pic18-lt\cxx-framework\src\traditional\proc\p18f4620.asm
                 DDREbits   0x000f96       data     extern E:\3.46\pic18-lt\cxx-framework\src\traditional\proc\p18f4620.asm
                    TRISE   0x000f96       data     extern E:\3.46\pic18-lt\cxx-framework\src\traditional\proc\p18f4620.asm
                TRISEbits   0x000f96       data     extern E:\3.46\pic18-lt\cxx-framework\src\traditional\proc\p18f4620.asm
                  OSCTUNE   0x000f9b       data     extern E:\3.46\pic18-lt\cxx-framework\src\traditional\proc\p18f4620.asm
              OSCTUNEbits   0x000f9b       data     extern E:\3.46\pic18-lt\cxx-framework\src\traditional\proc\p18f4620.asm
                     PIE1   0x000f9d       data     extern E:\3.46\pic18-lt\cxx-framework\src\traditional\proc\p18f4620.asm
                 PIE1bits   0x000f9d       data     extern E:\3.46\pic18-lt\cxx-framework\src\traditional\proc\p18f4620.asm
                     PIR1   0x000f9e       data     extern E:\3.46\pic18-lt\cxx-framework\src\traditional\proc\p18f4620.asm
                 PIR1bits   0x000f9e       data     extern E:\3.46\pic18-lt\cxx-framework\src\traditional\proc\p18f4620.asm
                     IPR1   0x000f9f       data     extern E:\3.46\pic18-lt\cxx-framework\src\traditional\proc\p18f4620.asm
                 IPR1bits   0x000f9f       data     extern E:\3.46\pic18-lt\cxx-framework\src\traditional\proc\p18f4620.asm
                     PIE2   0x000fa0       data     extern E:\3.46\pic18-lt\cxx-framework\src\traditional\proc\p18f4620.asm
                 PIE2bits   0x000fa0       data     extern E:\3.46\pic18-lt\cxx-framework\src\traditional\proc\p18f4620.asm
                     PIR2   0x000fa1       data     extern E:\3.46\pic18-lt\cxx-framework\src\traditional\proc\p18f4620.asm
                 PIR2bits   0x000fa1       data     extern E:\3.46\pic18-lt\cxx-framework\src\traditional\proc\p18f4620.asm
                     IPR2   0x000fa2       data     extern E:\3.46\pic18-lt\cxx-framework\src\traditional\proc\p18f4620.asm
                 IPR2bits   0x000fa2       data     extern E:\3.46\pic18-lt\cxx-framework\src\traditional\proc\p18f4620.asm
               EECON1bits   0x000fa6       data     extern E:\3.46\pic18-lt\cxx-framework\src\traditional\proc\p18f4620.asm
                   EECON1   0x000fa6       data     extern E:\3.46\pic18-lt\cxx-framework\src\traditional\proc\p18f4620.asm
                   EECON2   0x000fa7       data     extern E:\3.46\pic18-lt\cxx-framework\src\traditional\proc\p18f4620.asm
                   EEDATA   0x000fa8       data     extern E:\3.46\pic18-lt\cxx-framework\src\traditional\proc\p18f4620.asm
                    EEADR   0x000fa9       data     extern E:\3.46\pic18-lt\cxx-framework\src\traditional\proc\p18f4620.asm
                   EEADRH   0x000faa       data     extern E:\3.46\pic18-lt\cxx-framework\src\traditional\proc\p18f4620.asm
                RCSTAbits   0x000fab       data     extern E:\3.46\pic18-lt\cxx-framework\src\traditional\proc\p18f4620.asm
                    RCSTA   0x000fab       data     extern E:\3.46\pic18-lt\cxx-framework\src\traditional\proc\p18f4620.asm
                TXSTAbits   0x000fac       data     extern E:\3.46\pic18-lt\cxx-framework\src\traditional\proc\p18f4620.asm
                    TXSTA   0x000fac       data     extern E:\3.46\pic18-lt\cxx-framework\src\traditional\proc\p18f4620.asm
                    TXREG   0x000fad       data     extern E:\3.46\pic18-lt\cxx-framework\src\traditional\proc\p18f4620.asm
                    RCREG   0x000fae       data     extern E:\3.46\pic18-lt\cxx-framework\src\traditional\proc\p18f4620.asm
                    SPBRG   0x000faf       data     extern E:\3.46\pic18-lt\cxx-framework\src\traditional\proc\p18f4620.asm
                   SPBRGH   0x000fb0       data     extern E:\3.46\pic18-lt\cxx-framework\src\traditional\proc\p18f4620.asm
                    T3CON   0x000fb1       data     extern E:\3.46\pic18-lt\cxx-framework\src\traditional\proc\p18f4620.asm
                T3CONbits   0x000fb1       data     extern E:\3.46\pic18-lt\cxx-framework\src\traditional\proc\p18f4620.asm
                    TMR3L   0x000fb2       data     extern E:\3.46\pic18-lt\cxx-framework\src\traditional\proc\p18f4620.asm
                    TMR3H   0x000fb3       data     extern E:\3.46\pic18-lt\cxx-framework\src\traditional\proc\p18f4620.asm
                    CMCON   0x000fb4       data     extern E:\3.46\pic18-lt\cxx-framework\src\traditional\proc\p18f4620.asm
                CMCONbits   0x000fb4       data     extern E:\3.46\pic18-lt\cxx-framework\src\traditional\proc\p18f4620.asm
               CVRCONbits   0x000fb5       data     extern E:\3.46\pic18-lt\cxx-framework\src\traditional\proc\p18f4620.asm
                   CVRCON   0x000fb5       data     extern E:\3.46\pic18-lt\cxx-framework\src\traditional\proc\p18f4620.asm
              ECCP1ASbits   0x000fb6       data     extern E:\3.46\pic18-lt\cxx-framework\src\traditional\proc\p18f4620.asm
                  ECCP1AS   0x000fb6       data     extern E:\3.46\pic18-lt\cxx-framework\src\traditional\proc\p18f4620.asm
              PWM1CONbits   0x000fb7       data     extern E:\3.46\pic18-lt\cxx-framework\src\traditional\proc\p18f4620.asm
                  PWM1CON   0x000fb7       data     extern E:\3.46\pic18-lt\cxx-framework\src\traditional\proc\p18f4620.asm
                  BAUDCON   0x000fb8       data     extern E:\3.46\pic18-lt\cxx-framework\src\traditional\proc\p18f4620.asm
              BAUDCONbits   0x000fb8       data     extern E:\3.46\pic18-lt\cxx-framework\src\traditional\proc\p18f4620.asm
                  BAUDCTL   0x000fb8       data     extern E:\3.46\pic18-lt\cxx-framework\src\traditional\proc\p18f4620.asm
              BAUDCTLbits   0x000fb8       data     extern E:\3.46\pic18-lt\cxx-framework\src\traditional\proc\p18f4620.asm
                  CCP2CON   0x000fba       data     extern E:\3.46\pic18-lt\cxx-framework\src\traditional\proc\p18f4620.asm
              CCP2CONbits   0x000fba       data     extern E:\3.46\pic18-lt\cxx-framework\src\traditional\proc\p18f4620.asm
                    CCPR2   0x000fbb       data     extern E:\3.46\pic18-lt\cxx-framework\src\traditional\proc\p18f4620.asm
                   CCPR2L   0x000fbb       data     extern E:\3.46\pic18-lt\cxx-framework\src\traditional\proc\p18f4620.asm
                   CCPR2H   0x000fbc       data     extern E:\3.46\pic18-lt\cxx-framework\src\traditional\proc\p18f4620.asm
                  CCP1CON   0x000fbd       data     extern E:\3.46\pic18-lt\cxx-framework\src\traditional\proc\p18f4620.asm
              CCP1CONbits   0x000fbd       data     extern E:\3.46\pic18-lt\cxx-framework\src\traditional\proc\p18f4620.asm
                    CCPR1   0x000fbe       data     extern E:\3.46\pic18-lt\cxx-framework\src\traditional\proc\p18f4620.asm
                   CCPR1L   0x000fbe       data     extern E:\3.46\pic18-lt\cxx-framework\src\traditional\proc\p18f4620.asm
                   CCPR1H   0x000fbf       data     extern E:\3.46\pic18-lt\cxx-framework\src\traditional\proc\p18f4620.asm
               ADCON2bits   0x000fc0       data     extern E:\3.46\pic18-lt\cxx-framework\src\traditional\proc\p18f4620.asm
                   ADCON2   0x000fc0       data     extern E:\3.46\pic18-lt\cxx-framework\src\traditional\proc\p18f4620.asm
               ADCON1bits   0x000fc1       data     extern E:\3.46\pic18-lt\cxx-framework\src\traditional\proc\p18f4620.asm
                   ADCON1   0x000fc1       data     extern E:\3.46\pic18-lt\cxx-framework\src\traditional\proc\p18f4620.asm
                   ADCON0   0x000fc2       data     extern E:\3.46\pic18-lt\cxx-framework\src\traditional\proc\p18f4620.asm
               ADCON0bits   0x000fc2       data     extern E:\3.46\pic18-lt\cxx-framework\src\traditional\proc\p18f4620.asm
                    ADRES   0x000fc3       data     extern E:\3.46\pic18-lt\cxx-framework\src\traditional\proc\p18f4620.asm
                   ADRESL   0x000fc3       data     extern E:\3.46\pic18-lt\cxx-framework\src\traditional\proc\p18f4620.asm
                   ADRESH   0x000fc4       data     extern E:\3.46\pic18-lt\cxx-framework\src\traditional\proc\p18f4620.asm
                  SSPCON2   0x000fc5       data     extern E:\3.46\pic18-lt\cxx-framework\src\traditional\proc\p18f4620.asm
              SSPCON2bits   0x000fc5       data     extern E:\3.46\pic18-lt\cxx-framework\src\traditional\proc\p18f4620.asm
                  SSPCON1   0x000fc6       data     extern E:\3.46\pic18-lt\cxx-framework\src\traditional\proc\p18f4620.asm
              SSPCON1bits   0x000fc6       data     extern E:\3.46\pic18-lt\cxx-framework\src\traditional\proc\p18f4620.asm
                  SSPSTAT   0x000fc7       data     extern E:\3.46\pic18-lt\cxx-framework\src\traditional\proc\p18f4620.asm
              SSPSTATbits   0x000fc7       data     extern E:\3.46\pic18-lt\cxx-framework\src\traditional\proc\p18f4620.asm
                   SSPADD   0x000fc8       data     extern E:\3.46\pic18-lt\cxx-framework\src\traditional\proc\p18f4620.asm
                   SSPBUF   0x000fc9       data     extern E:\3.46\pic18-lt\cxx-framework\src\traditional\proc\p18f4620.asm
                    T2CON   0x000fca       data     extern E:\3.46\pic18-lt\cxx-framework\src\traditional\proc\p18f4620.asm
                T2CONbits   0x000fca       data     extern E:\3.46\pic18-lt\cxx-framework\src\traditional\proc\p18f4620.asm
                      PR2   0x000fcb       data     extern E:\3.46\pic18-lt\cxx-framework\src\traditional\proc\p18f4620.asm
                     TMR2   0x000fcc       data     extern E:\3.46\pic18-lt\cxx-framework\src\traditional\proc\p18f4620.asm
                T1CONbits   0x000fcd       data     extern E:\3.46\pic18-lt\cxx-framework\src\traditional\proc\p18f4620.asm
                    T1CON   0x000fcd       data     extern E:\3.46\pic18-lt\cxx-framework\src\traditional\proc\p18f4620.asm
                    TMR1L   0x000fce       data     extern E:\3.46\pic18-lt\cxx-framework\src\traditional\proc\p18f4620.asm
                    TMR1H   0x000fcf       data     extern E:\3.46\pic18-lt\cxx-framework\src\traditional\proc\p18f4620.asm
                     RCON   0x000fd0       data     extern E:\3.46\pic18-lt\cxx-framework\src\traditional\proc\p18f4620.asm
                 RCONbits   0x000fd0       data     extern E:\3.46\pic18-lt\cxx-framework\src\traditional\proc\p18f4620.asm
               WDTCONbits   0x000fd1       data     extern E:\3.46\pic18-lt\cxx-framework\src\traditional\proc\p18f4620.asm
                   WDTCON   0x000fd1       data     extern E:\3.46\pic18-lt\cxx-framework\src\traditional\proc\p18f4620.asm
               LVDCONbits   0x000fd2       data     extern E:\3.46\pic18-lt\cxx-framework\src\traditional\proc\p18f4620.asm
                   LVDCON   0x000fd2       data     extern E:\3.46\pic18-lt\cxx-framework\src\traditional\proc\p18f4620.asm
              HLVDCONbits   0x000fd2       data     extern E:\3.46\pic18-lt\cxx-framework\src\traditional\proc\p18f4620.asm
                  HLVDCON   0x000fd2       data     extern E:\3.46\pic18-lt\cxx-framework\src\traditional\proc\p18f4620.asm
               OSCCONbits   0x000fd3       data     extern E:\3.46\pic18-lt\cxx-framework\src\traditional\proc\p18f4620.asm
                   OSCCON   0x000fd3       data     extern E:\3.46\pic18-lt\cxx-framework\src\traditional\proc\p18f4620.asm
                T0CONbits   0x000fd5       data     extern E:\3.46\pic18-lt\cxx-framework\src\traditional\proc\p18f4620.asm
                    T0CON   0x000fd5       data     extern E:\3.46\pic18-lt\cxx-framework\src\traditional\proc\p18f4620.asm
                    TMR0L   0x000fd6       data     extern E:\3.46\pic18-lt\cxx-framework\src\traditional\proc\p18f4620.asm
                    TMR0H   0x000fd7       data     extern E:\3.46\pic18-lt\cxx-framework\src\traditional\proc\p18f4620.asm
                   STATUS   0x000fd8       data     extern E:\3.46\pic18-lt\cxx-framework\src\traditional\proc\p18f4620.asm
               STATUSbits   0x000fd8       data     extern E:\3.46\pic18-lt\cxx-framework\src\traditional\proc\p18f4620.asm
                     FSR2   0x000fd9       data     extern E:\3.46\pic18-lt\cxx-framework\src\traditional\proc\p18f4620.asm
                    FSR2L   0x000fd9       data     extern E:\3.46\pic18-lt\cxx-framework\src\traditional\proc\p18f4620.asm
                    FSR2H   0x000fda       data     extern E:\3.46\pic18-lt\cxx-framework\src\traditional\proc\p18f4620.asm
                   PLUSW2   0x000fdb       data     extern E:\3.46\pic18-lt\cxx-framework\src\traditional\proc\p18f4620.asm
                  PREINC2   0x000fdc       data     extern E:\3.46\pic18-lt\cxx-framework\src\traditional\proc\p18f4620.asm
                 POSTDEC2   0x000fdd       data     extern E:\3.46\pic18-lt\cxx-framework\src\traditional\proc\p18f4620.asm
                 POSTINC2   0x000fde       data     extern E:\3.46\pic18-lt\cxx-framework\src\traditional\proc\p18f4620.asm
                    INDF2   0x000fdf       data     extern E:\3.46\pic18-lt\cxx-framework\src\traditional\proc\p18f4620.asm
                      BSR   0x000fe0       data     extern E:\3.46\pic18-lt\cxx-framework\src\traditional\proc\p18f4620.asm
                     FSR1   0x000fe1       data     extern E:\3.46\pic18-lt\cxx-framework\src\traditional\proc\p18f4620.asm
                    FSR1L   0x000fe1       data     extern E:\3.46\pic18-lt\cxx-framework\src\traditional\proc\p18f4620.asm
                    FSR1H   0x000fe2       data     extern E:\3.46\pic18-lt\cxx-framework\src\traditional\proc\p18f4620.asm
                   PLUSW1   0x000fe3       data     extern E:\3.46\pic18-lt\cxx-framework\src\traditional\proc\p18f4620.asm
                  PREINC1   0x000fe4       data     extern E:\3.46\pic18-lt\cxx-framework\src\traditional\proc\p18f4620.asm
                 POSTDEC1   0x000fe5       data     extern E:\3.46\pic18-lt\cxx-framework\src\traditional\proc\p18f4620.asm
                 POSTINC1   0x000fe6       data     extern E:\3.46\pic18-lt\cxx-framework\src\traditional\proc\p18f4620.asm
                    INDF1   0x000fe7       data     extern E:\3.46\pic18-lt\cxx-framework\src\traditional\proc\p18f4620.asm
                        W   0x000fe8       data     extern E:\3.46\pic18-lt\cxx-framework\src\traditional\proc\p18f4620.asm
                     WREG   0x000fe8       data     extern E:\3.46\pic18-lt\cxx-framework\src\traditional\proc\p18f4620.asm
                    FSR0L   0x000fe9       data     extern E:\3.46\pic18-lt\cxx-framework\src\traditional\proc\p18f4620.asm
                     FSR0   0x000fe9       data     extern E:\3.46\pic18-lt\cxx-framework\src\traditional\proc\p18f4620.asm
                    FSR0H   0x000fea       data     extern E:\3.46\pic18-lt\cxx-framework\src\traditional\proc\p18f4620.asm
                   PLUSW0   0x000feb       data     extern E:\3.46\pic18-lt\cxx-framework\src\traditional\proc\p18f4620.asm
                  PREINC0   0x000fec       data     extern E:\3.46\pic18-lt\cxx-framework\src\traditional\proc\p18f4620.asm
                 POSTDEC0   0x000fed       data     extern E:\3.46\pic18-lt\cxx-framework\src\traditional\proc\p18f4620.asm
                 POSTINC0   0x000fee       data     extern E:\3.46\pic18-lt\cxx-framework\src\traditional\proc\p18f4620.asm
                    INDF0   0x000fef       data     extern E:\3.46\pic18-lt\cxx-framework\src\traditional\proc\p18f4620.asm
              INTCON3bits   0x000ff0       data     extern E:\3.46\pic18-lt\cxx-framework\src\traditional\proc\p18f4620.asm
                  INTCON3   0x000ff0       data     extern E:\3.46\pic18-lt\cxx-framework\src\traditional\proc\p18f4620.asm
                  INTCON2   0x000ff1       data     extern E:\3.46\pic18-lt\cxx-framework\src\traditional\proc\p18f4620.asm
              INTCON2bits   0x000ff1       data     extern E:\3.46\pic18-lt\cxx-framework\src\traditional\proc\p18f4620.asm
                   INTCON   0x000ff2       data     extern E:\3.46\pic18-lt\cxx-framework\src\traditional\proc\p18f4620.asm
               INTCONbits   0x000ff2       data     extern E:\3.46\pic18-lt\cxx-framework\src\traditional\proc\p18f4620.asm
                     PROD   0x000ff3       data     extern E:\3.46\pic18-lt\cxx-framework\src\traditional\proc\p18f4620.asm
                    PRODL   0x000ff3       data     extern E:\3.46\pic18-lt\cxx-framework\src\traditional\proc\p18f4620.asm
                    PRODH   0x000ff4       data     extern E:\3.46\pic18-lt\cxx-framework\src\traditional\proc\p18f4620.asm
                   TABLAT   0x000ff5       data     extern E:\3.46\pic18-lt\cxx-framework\src\traditional\proc\p18f4620.asm
                  TBLPTRL   0x000ff6       data     extern E:\3.46\pic18-lt\cxx-framework\src\traditional\proc\p18f4620.asm
                   TBLPTR   0x000ff6       data     extern E:\3.46\pic18-lt\cxx-framework\src\traditional\proc\p18f4620.asm
                  TBLPTRH   0x000ff7       data     extern E:\3.46\pic18-lt\cxx-framework\src\traditional\proc\p18f4620.asm
                  TBLPTRU   0x000ff8       data     extern E:\3.46\pic18-lt\cxx-framework\src\traditional\proc\p18f4620.asm
                       PC   0x000ff9       data     extern E:\3.46\pic18-lt\cxx-framework\src\traditional\proc\p18f4620.asm
                      PCL   0x000ff9       data     extern E:\3.46\pic18-lt\cxx-framework\src\traditional\proc\p18f4620.asm
                   PCLATH   0x000ffa       data     extern E:\3.46\pic18-lt\cxx-framework\src\traditional\proc\p18f4620.asm
                   PCLATU   0x000ffb       data     extern E:\3.46\pic18-lt\cxx-framework\src\traditional\proc\p18f4620.asm
                   STKPTR   0x000ffc       data     extern E:\3.46\pic18-lt\cxx-framework\src\traditional\proc\p18f4620.asm
               STKPTRbits   0x000ffc       data     extern E:\3.46\pic18-lt\cxx-framework\src\traditional\proc\p18f4620.asm
                      TOS   0x000ffd       data     extern E:\3.46\pic18-lt\cxx-framework\src\traditional\proc\p18f4620.asm
                     TOSL   0x000ffd       data     extern E:\3.46\pic18-lt\cxx-framework\src\traditional\proc\p18f4620.asm
                     TOSH   0x000ffe       data     extern E:\3.46\pic18-lt\cxx-framework\src\traditional\proc\p18f4620.asm
                     TOSU   0x000fff       data     extern E:\3.46\pic18-lt\cxx-framework\src\traditional\proc\p18f4620.asm


