MPLINK 5.00, LINKER
Linker Map File - Created Sun Jan 23 22:02:55 2022

                                 Section Info
                  Section       Type    Address   Location Size(Bytes)
                ---------  ---------  ---------  ---------  ---------
               _entry_scn       code   0x000000    program   0x000006
           .code___init.o       code   0x000006    program   0x000002
      InterruptVectorHigh       code   0x000008    program   0x000006
      .romdata_fxd0808u.o    romdata   0x00000e    program   0x000000
.romdata_display_7seg_spi.o    romdata   0x00000e    program   0x000000
 .romdata_spi_stimulate.o    romdata   0x00000e    program   0x000000
 .idata_spi_stimulate.o_i    romdata   0x00000e    program   0x000000
 .romdata_traffic_light.o    romdata   0x00000e    program   0x000000
.romdata_simulate_machine.o    romdata   0x00000e    program   0x000000
        .romdata_button.o    romdata   0x00000e    program   0x000000
           .romdata_pwm.o    romdata   0x00000e    program   0x000000
     .romdata_interrupt.o    romdata   0x00000e    program   0x000000
           .idata_pwm.o_i    romdata   0x00000e    program   0x000001
           .romdata_adc.o    romdata   0x00000e    program   0x000000
         .romdata_timer.o    romdata   0x00000e    program   0x000000
           .romdata_i2c.o    romdata   0x00000e    program   0x000000
           .romdata_lcd.o    romdata   0x00000e    program   0x000000
         .romdata_c018i.o    romdata   0x00000e    program   0x000000
        .romdata___init.o    romdata   0x00000e    program   0x000000
      .romdata_fxd1616u.o    romdata   0x00000e    program   0x000000
       .romdata_fxm3232.o    romdata   0x00000e    program   0x000000
      .romdata_fxd2424u.o    romdata   0x00000e    program   0x000000
          .idata_uart.o_i    romdata   0x00000e    program   0x000000
      .romdata_fxd3232u.o    romdata   0x00000e    program   0x000000
          .romdata_main.o    romdata   0x00000e    program   0x000000
          .romdata_uart.o    romdata   0x00000e    program   0x000000
     .idata_interrupt.o_i    romdata   0x00000f    program   0x000004
          .idata_main.o_i    romdata   0x00000f    program   0x000000
       .idata_fxm3232.o_i    romdata   0x000013    program   0x000000
      .idata_fxd3232u.o_i    romdata   0x000013    program   0x000000
      .idata_fxd2424u.o_i    romdata   0x000013    program   0x000000
           .idata_adc.o_i    romdata   0x000013    program   0x000000
        .idata___init.o_i    romdata   0x000013    program   0x000000
      .idata_fxd0808u.o_i    romdata   0x000013    program   0x000000
      .idata_fxd1616u.o_i    romdata   0x000013    program   0x000000
         .idata_c018i.o_i    romdata   0x000013    program   0x000000
            .code_c018i.o       code   0x000014    program   0x000000
       InterruptVectorLow       code   0x000018    program   0x000006
                   .cinit    romdata   0x00001e    program   0x00006e
    .code_traffic_light.o       code   0x00008c    program   0x001394
              .code_lcd.o       code   0x001420    program   0x000ff6
           .code_button.o       code   0x002416    program   0x0007b4
            .code_timer.o       code   0x002bca    program   0x00051c
              .code_i2c.o       code   0x0030e6    program   0x000340
        .code_interrupt.o       code   0x003426    program   0x0001f4
             .code_main.o       code   0x00361a    program   0x0001b4
 .code_display_7seg_spi.o       code   0x0037ce    program   0x000154
             .code_uart.o       code   0x003922    program   0x000152
 .code_simulate_machine.o       code   0x003a74    program   0x000120
             .stringtable    romdata   0x003b94    program   0x0000ee
    .code_spi_stimulate.o       code   0x003c82    program   0x0000e6
                     PROG       code   0x003d68    program   0x0000da
               _cinit_scn       code   0x003e42    program   0x00009e
              .code_adc.o       code   0x003ee0    program   0x000090
          .code_fxm3232.o       code   0x003f70    program   0x000070
         .code_fxd3232u.o       code   0x003fe0    program   0x000048
         .code_fxd2424u.o       code   0x004028    program   0x00003a
              .code_pwm.o       code   0x004062    program   0x000038
         .code_fxd1616u.o       code   0x00409a    program   0x00002c
                    .code       code   0x0040c6    program   0x000020
             _startup_scn       code   0x0040e6    program   0x00001c
         .code_fxd0808u.o       code   0x004102    program   0x00001c
 .idata_traffic_light.o_i    romdata   0x00411e    program   0x000029
         .idata_timer.o_i    romdata   0x004147    program   0x000020
.idata_simulate_machine.o_i    romdata   0x004167    program   0x000013
           .idata_lcd.o_i    romdata   0x00417a    program   0x000061
           .idata_i2c.o_i    romdata   0x0041db    program   0x00001b
.idata_display_7seg_spi.o_i    romdata   0x0041f6    program   0x000014
        .idata_button.o_i    romdata   0x00420a    program   0x000028
    .config_300001_main.o    romdata   0x300001    program   0x000001
    .config_300002_main.o    romdata   0x300002    program   0x000001
    .config_300003_main.o    romdata   0x300003    program   0x000001
    .config_300005_main.o    romdata   0x300005    program   0x000001
    .config_300006_main.o    romdata   0x300006    program   0x000001
    .config_300008_main.o    romdata   0x300008    program   0x000001
    .config_300009_main.o    romdata   0x300009    program   0x000001
    .config_30000a_main.o    romdata   0x30000a    program   0x000001
    .config_30000b_main.o    romdata   0x30000b    program   0x000001
    .config_30000c_main.o    romdata   0x30000c    program   0x000001
    .config_30000d_main.o    romdata   0x30000d    program   0x000001
                MATH_DATA      udata   0x000000       data   0x000010
                 .tmpdata      udata   0x000010       data   0x00000a
.udata_simulate_machine.o      udata   0x000080       data   0x000065
             .idata_i2c.o      idata   0x0000e5       data   0x00001b
   .idata_traffic_light.o      idata   0x000100       data   0x000029
          .idata_button.o      idata   0x000129       data   0x000028
           .idata_timer.o      idata   0x000151       data   0x000020
.idata_display_7seg_spi.o      idata   0x000171       data   0x000014
.idata_simulate_machine.o      idata   0x000185       data   0x000013
           .udata_c018i.o      udata   0x000198       data   0x00000a
       .idata_interrupt.o      idata   0x0001a2       data   0x000004
   .udata_traffic_light.o      udata   0x0001a6       data   0x000002
             .udata_i2c.o      udata   0x0001a8       data   0x000001
             .idata_pwm.o      idata   0x0001a9       data   0x000001
.udata_display_7seg_spi.o      udata   0x0001aa       data   0x000000
        .udata_fxd0808u.o      udata   0x0001aa       data   0x000000
        .idata_fxd0808u.o      idata   0x0001aa       data   0x000000
        .udata_fxd1616u.o      udata   0x0001aa       data   0x000000
        .idata_fxd1616u.o      idata   0x0001aa       data   0x000000
        .udata_fxd2424u.o      udata   0x0001aa       data   0x000000
        .idata_fxd2424u.o      idata   0x0001aa       data   0x000000
        .udata_fxd3232u.o      udata   0x0001aa       data   0x000000
        .idata_fxd3232u.o      idata   0x0001aa       data   0x000000
         .udata_fxm3232.o      udata   0x0001aa       data   0x000000
         .idata_fxm3232.o      idata   0x0001aa       data   0x000000
          .udata___init.o      udata   0x0001aa       data   0x000000
          .idata___init.o      idata   0x0001aa       data   0x000000
           .idata_c018i.o      idata   0x0001aa       data   0x000000
            .udata_uart.o      udata   0x0001aa       data   0x000000
            .idata_uart.o      idata   0x0001aa       data   0x000000
            .udata_main.o      udata   0x0001aa       data   0x000000
            .idata_main.o      idata   0x0001aa       data   0x000000
          .udata_button.o      udata   0x0001aa       data   0x000000
       .udata_interrupt.o      udata   0x0001aa       data   0x000000
           .udata_timer.o      udata   0x0001aa       data   0x000000
             .idata_adc.o      idata   0x0001aa       data   0x000000
   .udata_spi_stimulate.o      udata   0x0001aa       data   0x000000
   .idata_spi_stimulate.o      idata   0x0001aa       data   0x000000
                   .stack      udata   0x000e00       data   0x000100
             .idata_lcd.o      idata   0x000f00       data   0x000061
             .udata_adc.o      udata   0x000f61       data   0x00001a
             .udata_lcd.o      udata   0x000f7b       data   0x000004
             .udata_pwm.o      udata   0x000f7f       data   0x000001
            SFR_UNBANKED0      udata   0x000f80       data   0x000080



                              Program Memory Usage 
                               Start         End      
                           ---------   ---------      
                            0x000000    0x000012      
                            0x000018    0x004231      
                            0x300001    0x300003      
                            0x300005    0x300006      
                            0x300008    0x30000d      
            16952 out of 66584 program addresses used, program memory utilization is 25%



                              Symbols - Sorted by Name
                     Name    Address   Location    Storage File                     
                ---------  ---------  ---------  --------- ---------                
                  BCD2Dec   0x0030e6    program     extern D:\GitHub\TKLL\Bai10_TRAFFIC_UART\i2c\i2c.c
              CloseOutput   0x0000dc    program     extern D:\GitHub\TKLL\Bai10_TRAFFIC_UART\traffic_light.c
                   D0808S   0x003d7e    program     static E:\3.46\pic18-lt\cxx-framework\src\traditional\math\fxd0808s.asm
                D0808SNEG   0x003d8c    program     static E:\3.46\pic18-lt\cxx-framework\src\traditional\math\fxd0808s.asm
                 D0808SOK   0x003d88    program     static E:\3.46\pic18-lt\cxx-framework\src\traditional\math\fxd0808s.asm
                  D0808SX   0x003d92    program     static E:\3.46\pic18-lt\cxx-framework\src\traditional\math\fxd0808s.asm
                   D1616S   0x003dbe    program     static E:\3.46\pic18-lt\cxx-framework\src\traditional\math\fxd1616s.asm
                D1616SNEG   0x003dcc    program     static E:\3.46\pic18-lt\cxx-framework\src\traditional\math\fxd1616s.asm
                 D1616SOK   0x003dc8    program     static E:\3.46\pic18-lt\cxx-framework\src\traditional\math\fxd1616s.asm
                  D1616SX   0x003dde    program     static E:\3.46\pic18-lt\cxx-framework\src\traditional\math\fxd1616s.asm
                   D2424S   0x003e12    program     static E:\3.46\pic18-lt\cxx-framework\src\traditional\math\fxd2424s.asm
                D2424SNEG   0x003e20    program     static E:\3.46\pic18-lt\cxx-framework\src\traditional\math\fxd2424s.asm
                 D2424SOK   0x003e1c    program     static E:\3.46\pic18-lt\cxx-framework\src\traditional\math\fxd2424s.asm
                  D2424SX   0x003e38    program     static E:\3.46\pic18-lt\cxx-framework\src\traditional\math\fxd2424s.asm
                  DA0808S   0x003d74    program     static E:\3.46\pic18-lt\cxx-framework\src\traditional\math\fxd0808s.asm
                  DA1616S   0x003dae    program     static E:\3.46\pic18-lt\cxx-framework\src\traditional\math\fxd1616s.asm
                  DA2424S   0x003dfe    program     static E:\3.46\pic18-lt\cxx-framework\src\traditional\math\fxd2424s.asm
                  Dec2BCD   0x003124    program     extern D:\GitHub\TKLL\Bai10_TRAFFIC_UART\i2c\i2c.c
       DisplayDataReceive   0x003b0a    program     extern D:\GitHub\TKLL\Bai10_TRAFFIC_UART\simulate_machine\simulate_machine.c
         DisplayLcdScreen   0x001d60    program     extern D:\GitHub\TKLL\Bai10_TRAFFIC_UART\lcd\lcd.c
        DisplayLcdScreen2   0x001e58    program     extern D:\GitHub\TKLL\Bai10_TRAFFIC_UART\lcd\lcd.c
      DisplayLcdScreenOld   0x001ede    program     extern D:\GitHub\TKLL\Bai10_TRAFFIC_UART\lcd\lcd.c
                 FXD0808S   0x003d68    program     extern E:\3.46\pic18-lt\cxx-framework\src\traditional\math\fxd0808s.asm
                 FXD0808U   0x004102    program     extern E:\3.46\pic18-lt\cxx-framework\src\traditional\math\fxd0808u.c
                 FXD1616S   0x003d9c    program     extern E:\3.46\pic18-lt\cxx-framework\src\traditional\math\fxd1616s.asm
                 FXD1616U   0x00409a    program     extern E:\3.46\pic18-lt\cxx-framework\src\traditional\math\fxd1616u.c
                 FXD2424S   0x003de8    program     extern E:\3.46\pic18-lt\cxx-framework\src\traditional\math\fxd2424s.asm
                 FXD2424U   0x004028    program     extern E:\3.46\pic18-lt\cxx-framework\src\traditional\math\fxd2424u.c
                 FXD3232U   0x003fe0    program     extern E:\3.46\pic18-lt\cxx-framework\src\traditional\math\fxd3232u.c
                  FXM3232   0x003f70    program     extern E:\3.46\pic18-lt\cxx-framework\src\traditional\math\fxm3232.c
      InterruptVectorHigh   0x000008    program     extern D:\GitHub\TKLL\Bai10_TRAFFIC_UART\interrupt\interrupt.c
       InterruptVectorLow   0x000018    program     extern D:\GitHub\TKLL\Bai10_TRAFFIC_UART\interrupt\interrupt.c
                LcdClearS   0x001d02    program     extern D:\GitHub\TKLL\Bai10_TRAFFIC_UART\lcd\lcd.c
            LcdCreateChar   0x0022ec    program     extern D:\GitHub\TKLL\Bai10_TRAFFIC_UART\lcd\lcd.c
            LcdPrintCharS   0x001f48    program     extern D:\GitHub\TKLL\Bai10_TRAFFIC_UART\lcd\lcd.c
            LcdPrintLineS   0x002260    program     extern D:\GitHub\TKLL\Bai10_TRAFFIC_UART\lcd\lcd.c
              LcdPrintNum   0x001c40    program     extern D:\GitHub\TKLL\Bai10_TRAFFIC_UART\lcd\lcd.c
             LcdPrintNumS   0x001fbc    program     extern D:\GitHub\TKLL\Bai10_TRAFFIC_UART\lcd\lcd.c
           LcdPrintString   0x001c88    program     extern D:\GitHub\TKLL\Bai10_TRAFFIC_UART\lcd\lcd.c
          LcdPrintStringS   0x00220a    program     extern D:\GitHub\TKLL\Bai10_TRAFFIC_UART\lcd\lcd.c
               OpenOutput   0x00008c    program     extern D:\GitHub\TKLL\Bai10_TRAFFIC_UART\traffic_light.c
             Phase1_Green   0x00030c    program     extern D:\GitHub\TKLL\Bai10_TRAFFIC_UART\traffic_light.c
               Phase1_Red   0x000364    program     extern D:\GitHub\TKLL\Bai10_TRAFFIC_UART\traffic_light.c
            Phase1_Yellow   0x000338    program     extern D:\GitHub\TKLL\Bai10_TRAFFIC_UART\traffic_light.c
             Phase2_Green   0x000390    program     extern D:\GitHub\TKLL\Bai10_TRAFFIC_UART\traffic_light.c
               Phase2_Red   0x0003e8    program     extern D:\GitHub\TKLL\Bai10_TRAFFIC_UART\traffic_light.c
            Phase2_Yellow   0x0003bc    program     extern D:\GitHub\TKLL\Bai10_TRAFFIC_UART\traffic_light.c
            ReverseOutput   0x00012c    program     extern D:\GitHub\TKLL\Bai10_TRAFFIC_UART\traffic_light.c
             SetTimer0_ms   0x003046    program     extern D:\GitHub\TKLL\Bai10_TRAFFIC_UART\timer\timer.c
             SetTimer1_ms   0x00306a    program     extern D:\GitHub\TKLL\Bai10_TRAFFIC_UART\timer\timer.c
             SetTimer3_ms   0x0030a8    program     extern D:\GitHub\TKLL\Bai10_TRAFFIC_UART\timer\timer.c
         SimulatedataSend   0x003b08    program     extern D:\GitHub\TKLL\Bai10_TRAFFIC_UART\simulate_machine\simulate_machine.c
               TestOutput   0x0001a8    program     extern D:\GitHub\TKLL\Bai10_TRAFFIC_UART\traffic_light.c
           Test_KeyMatrix   0x003750    program     extern D:\GitHub\TKLL\Bai10_TRAFFIC_UART\main.c
           UartSendString   0x003a24    program     extern D:\GitHub\TKLL\Bai10_TRAFFIC_UART\uart\uart.c
       ___return_lbl00000   0x00411c    program     static                          
       ___return_lbl00000   0x003fde    program     static                          
       ___return_lbl00000   0x000004    program     static                          
       ___return_lbl00000   0x004026    program     static                          
       ___return_lbl00000   0x004060    program     static                          
       ___return_lbl00000   0x0040c4    program     static                          
       ___return_lbl00001   0x004100    program     static                          
       ___return_lbl00002   0x00001c    program     static                          
       ___return_lbl00002   0x003ede    program     static                          
       ___return_lbl00003   0x00000c    program     static                          
               __config_0   0x300001    program     static D:\GitHub\TKLL\Bai10_TRAFFIC_UART\main.c
               __config_1   0x300002    program     static D:\GitHub\TKLL\Bai10_TRAFFIC_UART\main.c
              __config_10   0x30000d    program     static D:\GitHub\TKLL\Bai10_TRAFFIC_UART\main.c
               __config_2   0x300003    program     static D:\GitHub\TKLL\Bai10_TRAFFIC_UART\main.c
               __config_3   0x300005    program     static D:\GitHub\TKLL\Bai10_TRAFFIC_UART\main.c
               __config_4   0x300006    program     static D:\GitHub\TKLL\Bai10_TRAFFIC_UART\main.c
               __config_5   0x300008    program     static D:\GitHub\TKLL\Bai10_TRAFFIC_UART\main.c
               __config_6   0x300009    program     static D:\GitHub\TKLL\Bai10_TRAFFIC_UART\main.c
               __config_7   0x30000a    program     static D:\GitHub\TKLL\Bai10_TRAFFIC_UART\main.c
               __config_8   0x30000b    program     static D:\GitHub\TKLL\Bai10_TRAFFIC_UART\main.c
               __config_9   0x30000c    program     static D:\GitHub\TKLL\Bai10_TRAFFIC_UART\main.c
                   __init   0x000006    program     extern E:\3.46\pic18-lt\cxx-framework\src\traditional\stdclib\__init.c
               __string_0   0x003c74    program     static D:\GitHub\TKLL\Bai10_TRAFFIC_UART\traffic_light.c
               __string_0   0x003b97    program     static D:\GitHub\TKLL\Bai10_TRAFFIC_UART\simulate_machine\simulate_machine.c
               __string_1   0x003c68    program     static D:\GitHub\TKLL\Bai10_TRAFFIC_UART\traffic_light.c
               __string_1   0x003b94    program     static D:\GitHub\TKLL\Bai10_TRAFFIC_UART\simulate_machine\simulate_machine.c
              __string_10   0x003c0a    program     static D:\GitHub\TKLL\Bai10_TRAFFIC_UART\traffic_light.c
              __string_11   0x003c00    program     static D:\GitHub\TKLL\Bai10_TRAFFIC_UART\traffic_light.c
              __string_12   0x003bf5    program     static D:\GitHub\TKLL\Bai10_TRAFFIC_UART\traffic_light.c
              __string_13   0x003be6    program     static D:\GitHub\TKLL\Bai10_TRAFFIC_UART\traffic_light.c
              __string_14   0x003be2    program     static D:\GitHub\TKLL\Bai10_TRAFFIC_UART\traffic_light.c
              __string_15   0x003bdc    program     static D:\GitHub\TKLL\Bai10_TRAFFIC_UART\traffic_light.c
              __string_16   0x003bd5    program     static D:\GitHub\TKLL\Bai10_TRAFFIC_UART\traffic_light.c
              __string_17   0x003bd1    program     static D:\GitHub\TKLL\Bai10_TRAFFIC_UART\traffic_light.c
              __string_18   0x003bc9    program     static D:\GitHub\TKLL\Bai10_TRAFFIC_UART\traffic_light.c
              __string_19   0x003bc3    program     static D:\GitHub\TKLL\Bai10_TRAFFIC_UART\traffic_light.c
               __string_2   0x003c5a    program     static D:\GitHub\TKLL\Bai10_TRAFFIC_UART\traffic_light.c
              __string_20   0x003bba    program     static D:\GitHub\TKLL\Bai10_TRAFFIC_UART\traffic_light.c
              __string_21   0x003bb1    program     static D:\GitHub\TKLL\Bai10_TRAFFIC_UART\traffic_light.c
              __string_22   0x003ba8    program     static D:\GitHub\TKLL\Bai10_TRAFFIC_UART\traffic_light.c
               __string_3   0x003c4d    program     static D:\GitHub\TKLL\Bai10_TRAFFIC_UART\traffic_light.c
               __string_4   0x003c40    program     static D:\GitHub\TKLL\Bai10_TRAFFIC_UART\traffic_light.c
               __string_5   0x003c3c    program     static D:\GitHub\TKLL\Bai10_TRAFFIC_UART\traffic_light.c
               __string_6   0x003c33    program     static D:\GitHub\TKLL\Bai10_TRAFFIC_UART\traffic_light.c
               __string_7   0x003c2a    program     static D:\GitHub\TKLL\Bai10_TRAFFIC_UART\traffic_light.c
               __string_8   0x003c21    program     static D:\GitHub\TKLL\Bai10_TRAFFIC_UART\traffic_light.c
               __string_9   0x003c18    program     static D:\GitHub\TKLL\Bai10_TRAFFIC_UART\traffic_light.c
            __zero_memory   0x0040c6    program     extern E:\3.46\pic18-lt\cxx-framework\src\traditional\proc\p18f4620.asm
                _do_cinit   0x003e42    program     extern E:\3.46\pic18-lt\cxx-framework\src\traditional\startup\c018i.c
                   _entry   0x000000    program     extern E:\3.46\pic18-lt\cxx-framework\src\traditional\startup\c018i.c
                   _false   0x004022    program     static                          
                   _false   0x00405c    program     static                          
                 _startup   0x0040e6    program     extern E:\3.46\pic18-lt\cxx-framework\src\traditional\startup\c018i.c
          button_delay_ms   0x002968    program     extern D:\GitHub\TKLL\Bai10_TRAFFIC_UART\button_matrix\button.c
          change_time_val   0x000498    program     extern D:\GitHub\TKLL\Bai10_TRAFFIC_UART\traffic_light.c
                compare_l   0x0040dc    program     static E:\3.46\pic18-lt\cxx-framework\src\traditional\proc\p18f4620.asm
                copy_loop   0x003eb4    program     static                          
            copy_one_byte   0x003eba    program     static                          
       data_to_output_SPI   0x003d54    program     extern D:\GitHub\TKLL\Bai10_TRAFFIC_UART\spi_stimulate.c
                 delay_ms   0x003650    program     extern D:\GitHub\TKLL\Bai10_TRAFFIC_UART\main.c
               delay_smol   0x003cfc    program     extern D:\GitHub\TKLL\Bai10_TRAFFIC_UART\spi_stimulate.c
          display7Seg_SPI   0x0037ce    program     extern D:\GitHub\TKLL\Bai10_TRAFFIC_UART\display_7seg_spi.c
         display_function   0x000414    program     extern D:\GitHub\TKLL\Bai10_TRAFFIC_UART\traffic_light.c
                     done   0x003ede    program     static                          
             done_copying   0x003ec8    program     static                          
           ds1307_control   0x003192    program     extern D:\GitHub\TKLL\Bai10_TRAFFIC_UART\i2c\i2c.c
           eeprom_control   0x0031b0    program     extern D:\GitHub\TKLL\Bai10_TRAFFIC_UART\i2c\i2c.c
                  endloop   0x0040c0    program     static                          
                  endloop   0x004118    program     static                          
             function_fsm   0x00082a    program     extern D:\GitHub\TKLL\Bai10_TRAFFIC_UART\traffic_light.c
            get_adc_value   0x003ef2    program     extern D:\GitHub\TKLL\Bai10_TRAFFIC_UART\adc\adc.c
                 high_isr   0x003532    program     extern D:\GitHub\TKLL\Bai10_TRAFFIC_UART\interrupt\interrupt.c
                  i2c_ack   0x00320a    program     extern D:\GitHub\TKLL\Bai10_TRAFFIC_UART\i2c\i2c.c
                  i2c_nak   0x003216    program     extern D:\GitHub\TKLL\Bai10_TRAFFIC_UART\i2c\i2c.c
                 i2c_read   0x0031fe    program     extern D:\GitHub\TKLL\Bai10_TRAFFIC_UART\i2c\i2c.c
                i2c_start   0x0031ce    program     extern D:\GitHub\TKLL\Bai10_TRAFFIC_UART\i2c\i2c.c
                 i2c_stop   0x0031d8    program     extern D:\GitHub\TKLL\Bai10_TRAFFIC_UART\i2c\i2c.c
                i2c_write   0x0031e2    program     extern D:\GitHub\TKLL\Bai10_TRAFFIC_UART\i2c\i2c.c
          init_SPI_manual   0x003c82    program     extern D:\GitHub\TKLL\Bai10_TRAFFIC_UART\spi_stimulate.c
                 init_adc   0x003ee0    program     extern D:\GitHub\TKLL\Bai10_TRAFFIC_UART\adc\adc.c
            init_ext_int0   0x00342e    program     extern D:\GitHub\TKLL\Bai10_TRAFFIC_UART\interrupt\interrupt.c
                 init_i2c   0x00317a    program     extern D:\GitHub\TKLL\Bai10_TRAFFIC_UART\i2c\i2c.c
           init_interrupt   0x003426    program     extern D:\GitHub\TKLL\Bai10_TRAFFIC_UART\interrupt\interrupt.c
          init_key_matrix   0x002416    program     extern D:\GitHub\TKLL\Bai10_TRAFFIC_UART\button_matrix\button.c
init_key_matrix_new_board   0x002bb6    program     extern D:\GitHub\TKLL\Bai10_TRAFFIC_UART\button_matrix\button.c
init_key_matrix_with_uart_i2c   0x00241e    program     extern D:\GitHub\TKLL\Bai10_TRAFFIC_UART\button_matrix\button.c
              init_output   0x0036d8    program     extern D:\GitHub\TKLL\Bai10_TRAFFIC_UART\main.c
                 init_pwm   0x004062    program     extern D:\GitHub\TKLL\Bai10_TRAFFIC_UART\pwm\pwm.c
              init_system   0x0036de    program     extern D:\GitHub\TKLL\Bai10_TRAFFIC_UART\main.c
              init_timer0   0x002bca    program     extern D:\GitHub\TKLL\Bai10_TRAFFIC_UART\timer\timer.c
              init_timer1   0x002d0e    program     extern D:\GitHub\TKLL\Bai10_TRAFFIC_UART\timer\timer.c
              init_timer2   0x002e58    program     extern D:\GitHub\TKLL\Bai10_TRAFFIC_UART\timer\timer.c
              init_timer3   0x002e90    program     extern D:\GitHub\TKLL\Bai10_TRAFFIC_UART\timer\timer.c
                init_uart   0x003922    program     extern D:\GitHub\TKLL\Bai10_TRAFFIC_UART\uart\uart.c
   init_user_defined_char   0x0023c6    program     extern D:\GitHub\TKLL\Bai10_TRAFFIC_UART\lcd\lcd.c
              isButtonDec   0x00029e    program     extern D:\GitHub\TKLL\Bai10_TRAFFIC_UART\traffic_light.c
          isButtonDecHold   0x0002b6    program     extern D:\GitHub\TKLL\Bai10_TRAFFIC_UART\traffic_light.c
            isButtonEnter   0x00022a    program     extern D:\GitHub\TKLL\Bai10_TRAFFIC_UART\traffic_light.c
    isButtonEnterHold3Sec   0x000242    program     extern D:\GitHub\TKLL\Bai10_TRAFFIC_UART\traffic_light.c
              isButtonInc   0x00025c    program     extern D:\GitHub\TKLL\Bai10_TRAFFIC_UART\traffic_light.c
          isButtonIncHold   0x000274    program     extern D:\GitHub\TKLL\Bai10_TRAFFIC_UART\traffic_light.c
            isButtonPress   0x0002e0    program     extern D:\GitHub\TKLL\Bai10_TRAFFIC_UART\traffic_light.c
                lcd_clear   0x001914    program     extern D:\GitHub\TKLL\Bai10_TRAFFIC_UART\lcd\lcd.c
                lcd_delay   0x001420    program     extern D:\GitHub\TKLL\Bai10_TRAFFIC_UART\lcd\lcd.c
                 lcd_init   0x0015c0    program     extern D:\GitHub\TKLL\Bai10_TRAFFIC_UART\lcd\lcd.c
             lcd_power_of   0x001928    program     extern D:\GitHub\TKLL\Bai10_TRAFFIC_UART\lcd\lcd.c
           lcd_print_char   0x001880    program     extern D:\GitHub\TKLL\Bai10_TRAFFIC_UART\lcd\lcd.c
          lcd_print_charS   0x001cbc    program     extern D:\GitHub\TKLL\Bai10_TRAFFIC_UART\lcd\lcd.c
            lcd_print_num   0x001a0a    program     extern D:\GitHub\TKLL\Bai10_TRAFFIC_UART\lcd\lcd.c
            lcd_print_str   0x00189a    program     extern D:\GitHub\TKLL\Bai10_TRAFFIC_UART\lcd\lcd.c
              lcd_putchar   0x001866    program     extern D:\GitHub\TKLL\Bai10_TRAFFIC_UART\lcd\lcd.c
          lcd_read_status   0x0016d0    program     extern D:\GitHub\TKLL\Bai10_TRAFFIC_UART\lcd\lcd.c
          lcd_sendCommand   0x001540    program     extern D:\GitHub\TKLL\Bai10_TRAFFIC_UART\lcd\lcd.c
           lcd_set_cursor   0x0018da    program     extern D:\GitHub\TKLL\Bai10_TRAFFIC_UART\lcd\lcd.c
            lcd_wait_busy   0x001786    program     extern D:\GitHub\TKLL\Bai10_TRAFFIC_UART\lcd\lcd.c
          lcd_write_4bits   0x0017a6    program     extern D:\GitHub\TKLL\Bai10_TRAFFIC_UART\lcd\lcd.c
            lcd_write_cmd   0x0017ec    program     extern D:\GitHub\TKLL\Bai10_TRAFFIC_UART\lcd\lcd.c
           lcd_write_data   0x001828    program     extern D:\GitHub\TKLL\Bai10_TRAFFIC_UART\lcd\lcd.c
             lightDisplay   0x000de2    program     extern D:\GitHub\TKLL\Bai10_TRAFFIC_UART\traffic_light.c
        lightDisplayNoLCD   0x0011a2    program     extern D:\GitHub\TKLL\Bai10_TRAFFIC_UART\traffic_light.c
                     loop   0x004034    program     static                          
                     loop   0x0040a4    program     static                          
                     loop   0x003fee    program     static                          
                     loop   0x0040f6    program     static                          
                     loop   0x00410a    program     static                          
                   loop_h   0x0040d4    program     static E:\3.46\pic18-lt\cxx-framework\src\traditional\proc\p18f4620.asm
                   loop_l   0x0040de    program     static E:\3.46\pic18-lt\cxx-framework\src\traditional\proc\p18f4620.asm
                  low_isr   0x003436    program     extern D:\GitHub\TKLL\Bai10_TRAFFIC_UART\interrupt\interrupt.c
                     main   0x00361a    program     extern D:\GitHub\TKLL\Bai10_TRAFFIC_UART\main.c
                onlyGreen   0x0013ea    program     extern D:\GitHub\TKLL\Bai10_TRAFFIC_UART\traffic_light.c
                  onlyRed   0x00137e    program     extern D:\GitHub\TKLL\Bai10_TRAFFIC_UART\traffic_light.c
               onlyYellow   0x0013b4    program     extern D:\GitHub\TKLL\Bai10_TRAFFIC_UART\traffic_light.c
              read_ds1307   0x00331a    program     extern D:\GitHub\TKLL\Bai10_TRAFFIC_UART\i2c\i2c.c
              read_eeprom   0x003390    program     extern D:\GitHub\TKLL\Bai10_TRAFFIC_UART\i2c\i2c.c
             scan7Seg_SPI   0x003832    program     extern D:\GitHub\TKLL\Bai10_TRAFFIC_UART\display_7seg_spi.c
          scan_key_matrix   0x00242e    program     extern D:\GitHub\TKLL\Bai10_TRAFFIC_UART\button_matrix\button.c
   scan_key_matrix_1_line   0x0026ec    program     extern D:\GitHub\TKLL\Bai10_TRAFFIC_UART\button_matrix\button.c
     scan_key_matrix_demo   0x0029f0    program     extern D:\GitHub\TKLL\Bai10_TRAFFIC_UART\button_matrix\button.c
scan_key_matrix_new_board   0x002b16    program     extern D:\GitHub\TKLL\Bai10_TRAFFIC_UART\button_matrix\button.c
scan_key_matrix_with_uart   0x00258c    program     extern D:\GitHub\TKLL\Bai10_TRAFFIC_UART\button_matrix\button.c
scan_key_matrix_with_uart_i2c   0x002820    program     extern D:\GitHub\TKLL\Bai10_TRAFFIC_UART\button_matrix\button.c
             set_DC_speed   0x004084    program     extern D:\GitHub\TKLL\Bai10_TRAFFIC_UART\pwm\pwm.c
             start_timer0   0x002c82    program     extern D:\GitHub\TKLL\Bai10_TRAFFIC_UART\timer\timer.c
             start_timer1   0x002dc8    program     extern D:\GitHub\TKLL\Bai10_TRAFFIC_UART\timer\timer.c
             start_timer2   0x002e84    program     extern D:\GitHub\TKLL\Bai10_TRAFFIC_UART\timer\timer.c
             start_timer3   0x002f46    program     extern D:\GitHub\TKLL\Bai10_TRAFFIC_UART\timer\timer.c
              stop_timer0   0x002c7e    program     extern D:\GitHub\TKLL\Bai10_TRAFFIC_UART\timer\timer.c
              stop_timer1   0x002e54    program     extern D:\GitHub\TKLL\Bai10_TRAFFIC_UART\timer\timer.c
              stop_timer2   0x002e8c    program     extern D:\GitHub\TKLL\Bai10_TRAFFIC_UART\timer\timer.c
              stop_timer3   0x002fd2    program     extern D:\GitHub\TKLL\Bai10_TRAFFIC_UART\timer\timer.c
                     test   0x003e5c    program     static                          
               timer0_isr   0x002fd6    program     extern D:\GitHub\TKLL\Bai10_TRAFFIC_UART\timer\timer.c
               timer1_isr   0x002ff2    program     extern D:\GitHub\TKLL\Bai10_TRAFFIC_UART\timer\timer.c
               timer2_isr   0x00300e    program     extern D:\GitHub\TKLL\Bai10_TRAFFIC_UART\timer\timer.c
               timer3_isr   0x00302a    program     extern D:\GitHub\TKLL\Bai10_TRAFFIC_UART\timer\timer.c
        traffic_light_fsm   0x000be6    program     extern D:\GitHub\TKLL\Bai10_TRAFFIC_UART\traffic_light.c
        transfer_data_SPI   0x003c90    program     extern D:\GitHub\TKLL\Bai10_TRAFFIC_UART\spi_stimulate.c
           turnOffAll7Seg   0x00381e    program     extern D:\GitHub\TKLL\Bai10_TRAFFIC_UART\display_7seg_spi.c
            uart_delay_ms   0x003940    program     extern D:\GitHub\TKLL\Bai10_TRAFFIC_UART\uart\uart.c
                 uart_isr   0x003a70    program     extern D:\GitHub\TKLL\Bai10_TRAFFIC_UART\uart\uart.c
uart_isr_simulate_machine   0x003a74    program     extern D:\GitHub\TKLL\Bai10_TRAFFIC_UART\simulate_machine\simulate_machine.c
             uart_putchar   0x0039c8    program     extern D:\GitHub\TKLL\Bai10_TRAFFIC_UART\uart\uart.c
            uart_send_str   0x0039e4    program     extern D:\GitHub\TKLL\Bai10_TRAFFIC_UART\uart\uart.c
      updateLedBuffer_SPI   0x003882    program     extern D:\GitHub\TKLL\Bai10_TRAFFIC_UART\display_7seg_spi.c
                 v_timer0   0x0014b0    program     extern D:\GitHub\TKLL\Bai10_TRAFFIC_UART\lcd\lcd.c
             write_ds1307   0x003222    program     extern D:\GitHub\TKLL\Bai10_TRAFFIC_UART\i2c\i2c.c
             write_eeprom   0x00328c    program     extern D:\GitHub\TKLL\Bai10_TRAFFIC_UART\i2c\i2c.c
   yellow_light_slow_mode   0x001312    program     extern D:\GitHub\TKLL\Bai10_TRAFFIC_UART\traffic_light.c
               zero_block   0x0040d4    program     static E:\3.46\pic18-lt\cxx-framework\src\traditional\proc\p18f4620.asm
                   ADCON0   0x000fc2       data     extern E:\3.46\pic18-lt\cxx-framework\src\traditional\proc\p18f4620.asm
               ADCON0bits   0x000fc2       data     extern E:\3.46\pic18-lt\cxx-framework\src\traditional\proc\p18f4620.asm
                   ADCON1   0x000fc1       data     extern E:\3.46\pic18-lt\cxx-framework\src\traditional\proc\p18f4620.asm
               ADCON1bits   0x000fc1       data     extern E:\3.46\pic18-lt\cxx-framework\src\traditional\proc\p18f4620.asm
                   ADCON2   0x000fc0       data     extern E:\3.46\pic18-lt\cxx-framework\src\traditional\proc\p18f4620.asm
               ADCON2bits   0x000fc0       data     extern E:\3.46\pic18-lt\cxx-framework\src\traditional\proc\p18f4620.asm
                    ADRES   0x000fc3       data     extern E:\3.46\pic18-lt\cxx-framework\src\traditional\proc\p18f4620.asm
                   ADRESH   0x000fc4       data     extern E:\3.46\pic18-lt\cxx-framework\src\traditional\proc\p18f4620.asm
                   ADRESL   0x000fc3       data     extern E:\3.46\pic18-lt\cxx-framework\src\traditional\proc\p18f4620.asm
                  BAUDCON   0x000fb8       data     extern E:\3.46\pic18-lt\cxx-framework\src\traditional\proc\p18f4620.asm
              BAUDCONbits   0x000fb8       data     extern E:\3.46\pic18-lt\cxx-framework\src\traditional\proc\p18f4620.asm
                  BAUDCTL   0x000fb8       data     extern E:\3.46\pic18-lt\cxx-framework\src\traditional\proc\p18f4620.asm
              BAUDCTLbits   0x000fb8       data     extern E:\3.46\pic18-lt\cxx-framework\src\traditional\proc\p18f4620.asm
                      BSR   0x000fe0       data     extern E:\3.46\pic18-lt\cxx-framework\src\traditional\proc\p18f4620.asm
                  CCP1CON   0x000fbd       data     extern E:\3.46\pic18-lt\cxx-framework\src\traditional\proc\p18f4620.asm
              CCP1CONbits   0x000fbd       data     extern E:\3.46\pic18-lt\cxx-framework\src\traditional\proc\p18f4620.asm
                  CCP2CON   0x000fba       data     extern E:\3.46\pic18-lt\cxx-framework\src\traditional\proc\p18f4620.asm
              CCP2CONbits   0x000fba       data     extern E:\3.46\pic18-lt\cxx-framework\src\traditional\proc\p18f4620.asm
                    CCPR1   0x000fbe       data     extern E:\3.46\pic18-lt\cxx-framework\src\traditional\proc\p18f4620.asm
                   CCPR1H   0x000fbf       data     extern E:\3.46\pic18-lt\cxx-framework\src\traditional\proc\p18f4620.asm
                   CCPR1L   0x000fbe       data     extern E:\3.46\pic18-lt\cxx-framework\src\traditional\proc\p18f4620.asm
                    CCPR2   0x000fbb       data     extern E:\3.46\pic18-lt\cxx-framework\src\traditional\proc\p18f4620.asm
                   CCPR2H   0x000fbc       data     extern E:\3.46\pic18-lt\cxx-framework\src\traditional\proc\p18f4620.asm
                   CCPR2L   0x000fbb       data     extern E:\3.46\pic18-lt\cxx-framework\src\traditional\proc\p18f4620.asm
                    CMCON   0x000fb4       data     extern E:\3.46\pic18-lt\cxx-framework\src\traditional\proc\p18f4620.asm
                CMCONbits   0x000fb4       data     extern E:\3.46\pic18-lt\cxx-framework\src\traditional\proc\p18f4620.asm
                COD_value   0x000192       data     extern D:\GitHub\TKLL\Bai10_TRAFFIC_UART\simulate_machine\simulate_machine.c
                   CVRCON   0x000fb5       data     extern E:\3.46\pic18-lt\cxx-framework\src\traditional\proc\p18f4620.asm
               CVRCONbits   0x000fb5       data     extern E:\3.46\pic18-lt\cxx-framework\src\traditional\proc\p18f4620.asm
                     DDRA   0x000f92       data     extern E:\3.46\pic18-lt\cxx-framework\src\traditional\proc\p18f4620.asm
                 DDRAbits   0x000f92       data     extern E:\3.46\pic18-lt\cxx-framework\src\traditional\proc\p18f4620.asm
                     DDRB   0x000f93       data     extern E:\3.46\pic18-lt\cxx-framework\src\traditional\proc\p18f4620.asm
                 DDRBbits   0x000f93       data     extern E:\3.46\pic18-lt\cxx-framework\src\traditional\proc\p18f4620.asm
                     DDRC   0x000f94       data     extern E:\3.46\pic18-lt\cxx-framework\src\traditional\proc\p18f4620.asm
                 DDRCbits   0x000f94       data     extern E:\3.46\pic18-lt\cxx-framework\src\traditional\proc\p18f4620.asm
                     DDRD   0x000f95       data     extern E:\3.46\pic18-lt\cxx-framework\src\traditional\proc\p18f4620.asm
                 DDRDbits   0x000f95       data     extern E:\3.46\pic18-lt\cxx-framework\src\traditional\proc\p18f4620.asm
                     DDRE   0x000f96       data     extern E:\3.46\pic18-lt\cxx-framework\src\traditional\proc\p18f4620.asm
                 DDREbits   0x000f96       data     extern E:\3.46\pic18-lt\cxx-framework\src\traditional\proc\p18f4620.asm
                  ECCP1AS   0x000fb6       data     extern E:\3.46\pic18-lt\cxx-framework\src\traditional\proc\p18f4620.asm
              ECCP1ASbits   0x000fb6       data     extern E:\3.46\pic18-lt\cxx-framework\src\traditional\proc\p18f4620.asm
                    EEADR   0x000fa9       data     extern E:\3.46\pic18-lt\cxx-framework\src\traditional\proc\p18f4620.asm
                   EEADRH   0x000faa       data     extern E:\3.46\pic18-lt\cxx-framework\src\traditional\proc\p18f4620.asm
                   EECON1   0x000fa6       data     extern E:\3.46\pic18-lt\cxx-framework\src\traditional\proc\p18f4620.asm
               EECON1bits   0x000fa6       data     extern E:\3.46\pic18-lt\cxx-framework\src\traditional\proc\p18f4620.asm
                   EECON2   0x000fa7       data     extern E:\3.46\pic18-lt\cxx-framework\src\traditional\proc\p18f4620.asm
                   EEDATA   0x000fa8       data     extern E:\3.46\pic18-lt\cxx-framework\src\traditional\proc\p18f4620.asm
               FLOW_value   0x000191       data     extern D:\GitHub\TKLL\Bai10_TRAFFIC_UART\simulate_machine\simulate_machine.c
                     FSR0   0x000fe9       data     extern E:\3.46\pic18-lt\cxx-framework\src\traditional\proc\p18f4620.asm
                    FSR0H   0x000fea       data     extern E:\3.46\pic18-lt\cxx-framework\src\traditional\proc\p18f4620.asm
                    FSR0L   0x000fe9       data     extern E:\3.46\pic18-lt\cxx-framework\src\traditional\proc\p18f4620.asm
                     FSR1   0x000fe1       data     extern E:\3.46\pic18-lt\cxx-framework\src\traditional\proc\p18f4620.asm
                    FSR1H   0x000fe2       data     extern E:\3.46\pic18-lt\cxx-framework\src\traditional\proc\p18f4620.asm
                    FSR1L   0x000fe1       data     extern E:\3.46\pic18-lt\cxx-framework\src\traditional\proc\p18f4620.asm
                     FSR2   0x000fd9       data     extern E:\3.46\pic18-lt\cxx-framework\src\traditional\proc\p18f4620.asm
                    FSR2H   0x000fda       data     extern E:\3.46\pic18-lt\cxx-framework\src\traditional\proc\p18f4620.asm
                    FSR2L   0x000fd9       data     extern E:\3.46\pic18-lt\cxx-framework\src\traditional\proc\p18f4620.asm
                  HLVDCON   0x000fd2       data     extern E:\3.46\pic18-lt\cxx-framework\src\traditional\proc\p18f4620.asm
              HLVDCONbits   0x000fd2       data     extern E:\3.46\pic18-lt\cxx-framework\src\traditional\proc\p18f4620.asm
                    INDF0   0x000fef       data     extern E:\3.46\pic18-lt\cxx-framework\src\traditional\proc\p18f4620.asm
                    INDF1   0x000fe7       data     extern E:\3.46\pic18-lt\cxx-framework\src\traditional\proc\p18f4620.asm
                    INDF2   0x000fdf       data     extern E:\3.46\pic18-lt\cxx-framework\src\traditional\proc\p18f4620.asm
                   INTCON   0x000ff2       data     extern E:\3.46\pic18-lt\cxx-framework\src\traditional\proc\p18f4620.asm
                  INTCON2   0x000ff1       data     extern E:\3.46\pic18-lt\cxx-framework\src\traditional\proc\p18f4620.asm
              INTCON2bits   0x000ff1       data     extern E:\3.46\pic18-lt\cxx-framework\src\traditional\proc\p18f4620.asm
                  INTCON3   0x000ff0       data     extern E:\3.46\pic18-lt\cxx-framework\src\traditional\proc\p18f4620.asm
              INTCON3bits   0x000ff0       data     extern E:\3.46\pic18-lt\cxx-framework\src\traditional\proc\p18f4620.asm
               INTCONbits   0x000ff2       data     extern E:\3.46\pic18-lt\cxx-framework\src\traditional\proc\p18f4620.asm
                     IPR1   0x000f9f       data     extern E:\3.46\pic18-lt\cxx-framework\src\traditional\proc\p18f4620.asm
                 IPR1bits   0x000f9f       data     extern E:\3.46\pic18-lt\cxx-framework\src\traditional\proc\p18f4620.asm
                     IPR2   0x000fa2       data     extern E:\3.46\pic18-lt\cxx-framework\src\traditional\proc\p18f4620.asm
                 IPR2bits   0x000fa2       data     extern E:\3.46\pic18-lt\cxx-framework\src\traditional\proc\p18f4620.asm
                     LATA   0x000f89       data     extern E:\3.46\pic18-lt\cxx-framework\src\traditional\proc\p18f4620.asm
                 LATAbits   0x000f89       data     extern E:\3.46\pic18-lt\cxx-framework\src\traditional\proc\p18f4620.asm
                     LATB   0x000f8a       data     extern E:\3.46\pic18-lt\cxx-framework\src\traditional\proc\p18f4620.asm
                 LATBbits   0x000f8a       data     extern E:\3.46\pic18-lt\cxx-framework\src\traditional\proc\p18f4620.asm
                     LATC   0x000f8b       data     extern E:\3.46\pic18-lt\cxx-framework\src\traditional\proc\p18f4620.asm
                 LATCbits   0x000f8b       data     extern E:\3.46\pic18-lt\cxx-framework\src\traditional\proc\p18f4620.asm
                     LATD   0x000f8c       data     extern E:\3.46\pic18-lt\cxx-framework\src\traditional\proc\p18f4620.asm
                 LATDbits   0x000f8c       data     extern E:\3.46\pic18-lt\cxx-framework\src\traditional\proc\p18f4620.asm
                     LATE   0x000f8d       data     extern E:\3.46\pic18-lt\cxx-framework\src\traditional\proc\p18f4620.asm
                 LATEbits   0x000f8d       data     extern E:\3.46\pic18-lt\cxx-framework\src\traditional\proc\p18f4620.asm
                   LVDCON   0x000fd2       data     extern E:\3.46\pic18-lt\cxx-framework\src\traditional\proc\p18f4620.asm
               LVDCONbits   0x000fd2       data     extern E:\3.46\pic18-lt\cxx-framework\src\traditional\proc\p18f4620.asm
                LcdScreen   0x000f41       data     extern D:\GitHub\TKLL\Bai10_TRAFFIC_UART\lcd\lcd.c
                NH4_value   0x000195       data     extern D:\GitHub\TKLL\Bai10_TRAFFIC_UART\simulate_machine\simulate_machine.c
                NO3_value   0x000194       data     extern D:\GitHub\TKLL\Bai10_TRAFFIC_UART\simulate_machine\simulate_machine.c
                   OSCCON   0x000fd3       data     extern E:\3.46\pic18-lt\cxx-framework\src\traditional\proc\p18f4620.asm
               OSCCONbits   0x000fd3       data     extern E:\3.46\pic18-lt\cxx-framework\src\traditional\proc\p18f4620.asm
                  OSCTUNE   0x000f9b       data     extern E:\3.46\pic18-lt\cxx-framework\src\traditional\proc\p18f4620.asm
              OSCTUNEbits   0x000f9b       data     extern E:\3.46\pic18-lt\cxx-framework\src\traditional\proc\p18f4620.asm
                       PC   0x000ff9       data     extern E:\3.46\pic18-lt\cxx-framework\src\traditional\proc\p18f4620.asm
                      PCL   0x000ff9       data     extern E:\3.46\pic18-lt\cxx-framework\src\traditional\proc\p18f4620.asm
                   PCLATH   0x000ffa       data     extern E:\3.46\pic18-lt\cxx-framework\src\traditional\proc\p18f4620.asm
                   PCLATU   0x000ffb       data     extern E:\3.46\pic18-lt\cxx-framework\src\traditional\proc\p18f4620.asm
                     PIE1   0x000f9d       data     extern E:\3.46\pic18-lt\cxx-framework\src\traditional\proc\p18f4620.asm
                 PIE1bits   0x000f9d       data     extern E:\3.46\pic18-lt\cxx-framework\src\traditional\proc\p18f4620.asm
                     PIE2   0x000fa0       data     extern E:\3.46\pic18-lt\cxx-framework\src\traditional\proc\p18f4620.asm
                 PIE2bits   0x000fa0       data     extern E:\3.46\pic18-lt\cxx-framework\src\traditional\proc\p18f4620.asm
                     PIR1   0x000f9e       data     extern E:\3.46\pic18-lt\cxx-framework\src\traditional\proc\p18f4620.asm
                 PIR1bits   0x000f9e       data     extern E:\3.46\pic18-lt\cxx-framework\src\traditional\proc\p18f4620.asm
                     PIR2   0x000fa1       data     extern E:\3.46\pic18-lt\cxx-framework\src\traditional\proc\p18f4620.asm
                 PIR2bits   0x000fa1       data     extern E:\3.46\pic18-lt\cxx-framework\src\traditional\proc\p18f4620.asm
                   PLUSW0   0x000feb       data     extern E:\3.46\pic18-lt\cxx-framework\src\traditional\proc\p18f4620.asm
                   PLUSW1   0x000fe3       data     extern E:\3.46\pic18-lt\cxx-framework\src\traditional\proc\p18f4620.asm
                   PLUSW2   0x000fdb       data     extern E:\3.46\pic18-lt\cxx-framework\src\traditional\proc\p18f4620.asm
                    PORTA   0x000f80       data     extern E:\3.46\pic18-lt\cxx-framework\src\traditional\proc\p18f4620.asm
                PORTAbits   0x000f80       data     extern E:\3.46\pic18-lt\cxx-framework\src\traditional\proc\p18f4620.asm
                    PORTB   0x000f81       data     extern E:\3.46\pic18-lt\cxx-framework\src\traditional\proc\p18f4620.asm
                PORTBbits   0x000f81       data     extern E:\3.46\pic18-lt\cxx-framework\src\traditional\proc\p18f4620.asm
                    PORTC   0x000f82       data     extern E:\3.46\pic18-lt\cxx-framework\src\traditional\proc\p18f4620.asm
                PORTCbits   0x000f82       data     extern E:\3.46\pic18-lt\cxx-framework\src\traditional\proc\p18f4620.asm
                    PORTD   0x000f83       data     extern E:\3.46\pic18-lt\cxx-framework\src\traditional\proc\p18f4620.asm
                PORTDbits   0x000f83       data     extern E:\3.46\pic18-lt\cxx-framework\src\traditional\proc\p18f4620.asm
                    PORTE   0x000f84       data     extern E:\3.46\pic18-lt\cxx-framework\src\traditional\proc\p18f4620.asm
                PORTEbits   0x000f84       data     extern E:\3.46\pic18-lt\cxx-framework\src\traditional\proc\p18f4620.asm
                 POSTDEC0   0x000fed       data     extern E:\3.46\pic18-lt\cxx-framework\src\traditional\proc\p18f4620.asm
                 POSTDEC1   0x000fe5       data     extern E:\3.46\pic18-lt\cxx-framework\src\traditional\proc\p18f4620.asm
                 POSTDEC2   0x000fdd       data     extern E:\3.46\pic18-lt\cxx-framework\src\traditional\proc\p18f4620.asm
                 POSTINC0   0x000fee       data     extern E:\3.46\pic18-lt\cxx-framework\src\traditional\proc\p18f4620.asm
                 POSTINC1   0x000fe6       data     extern E:\3.46\pic18-lt\cxx-framework\src\traditional\proc\p18f4620.asm
                 POSTINC2   0x000fde       data     extern E:\3.46\pic18-lt\cxx-framework\src\traditional\proc\p18f4620.asm
                      PR2   0x000fcb       data     extern E:\3.46\pic18-lt\cxx-framework\src\traditional\proc\p18f4620.asm
                  PREINC0   0x000fec       data     extern E:\3.46\pic18-lt\cxx-framework\src\traditional\proc\p18f4620.asm
                  PREINC1   0x000fe4       data     extern E:\3.46\pic18-lt\cxx-framework\src\traditional\proc\p18f4620.asm
                  PREINC2   0x000fdc       data     extern E:\3.46\pic18-lt\cxx-framework\src\traditional\proc\p18f4620.asm
                     PROD   0x000ff3       data     extern E:\3.46\pic18-lt\cxx-framework\src\traditional\proc\p18f4620.asm
                    PRODH   0x000ff4       data     extern E:\3.46\pic18-lt\cxx-framework\src\traditional\proc\p18f4620.asm
                    PRODL   0x000ff3       data     extern E:\3.46\pic18-lt\cxx-framework\src\traditional\proc\p18f4620.asm
                  PWM1CON   0x000fb7       data     extern E:\3.46\pic18-lt\cxx-framework\src\traditional\proc\p18f4620.asm
              PWM1CONbits   0x000fb7       data     extern E:\3.46\pic18-lt\cxx-framework\src\traditional\proc\p18f4620.asm
                     RCON   0x000fd0       data     extern E:\3.46\pic18-lt\cxx-framework\src\traditional\proc\p18f4620.asm
                 RCONbits   0x000fd0       data     extern E:\3.46\pic18-lt\cxx-framework\src\traditional\proc\p18f4620.asm
                    RCREG   0x000fae       data     extern E:\3.46\pic18-lt\cxx-framework\src\traditional\proc\p18f4620.asm
                    RCSTA   0x000fab       data     extern E:\3.46\pic18-lt\cxx-framework\src\traditional\proc\p18f4620.asm
                RCSTAbits   0x000fab       data     extern E:\3.46\pic18-lt\cxx-framework\src\traditional\proc\p18f4620.asm
                     SIGN   0x000000       data     extern E:\3.46\pic18-lt\cxx-framework\src\traditional\math\cmath18.asm
                    SPBRG   0x000faf       data     extern E:\3.46\pic18-lt\cxx-framework\src\traditional\proc\p18f4620.asm
                   SPBRGH   0x000fb0       data     extern E:\3.46\pic18-lt\cxx-framework\src\traditional\proc\p18f4620.asm
                   SSPADD   0x000fc8       data     extern E:\3.46\pic18-lt\cxx-framework\src\traditional\proc\p18f4620.asm
                   SSPBUF   0x000fc9       data     extern E:\3.46\pic18-lt\cxx-framework\src\traditional\proc\p18f4620.asm
                  SSPCON1   0x000fc6       data     extern E:\3.46\pic18-lt\cxx-framework\src\traditional\proc\p18f4620.asm
              SSPCON1bits   0x000fc6       data     extern E:\3.46\pic18-lt\cxx-framework\src\traditional\proc\p18f4620.asm
                  SSPCON2   0x000fc5       data     extern E:\3.46\pic18-lt\cxx-framework\src\traditional\proc\p18f4620.asm
              SSPCON2bits   0x000fc5       data     extern E:\3.46\pic18-lt\cxx-framework\src\traditional\proc\p18f4620.asm
                  SSPSTAT   0x000fc7       data     extern E:\3.46\pic18-lt\cxx-framework\src\traditional\proc\p18f4620.asm
              SSPSTATbits   0x000fc7       data     extern E:\3.46\pic18-lt\cxx-framework\src\traditional\proc\p18f4620.asm
                   STATUS   0x000fd8       data     extern E:\3.46\pic18-lt\cxx-framework\src\traditional\proc\p18f4620.asm
               STATUSbits   0x000fd8       data     extern E:\3.46\pic18-lt\cxx-framework\src\traditional\proc\p18f4620.asm
                   STKPTR   0x000ffc       data     extern E:\3.46\pic18-lt\cxx-framework\src\traditional\proc\p18f4620.asm
               STKPTRbits   0x000ffc       data     extern E:\3.46\pic18-lt\cxx-framework\src\traditional\proc\p18f4620.asm
                    T0CON   0x000fd5       data     extern E:\3.46\pic18-lt\cxx-framework\src\traditional\proc\p18f4620.asm
                T0CONbits   0x000fd5       data     extern E:\3.46\pic18-lt\cxx-framework\src\traditional\proc\p18f4620.asm
                    T1CON   0x000fcd       data     extern E:\3.46\pic18-lt\cxx-framework\src\traditional\proc\p18f4620.asm
                T1CONbits   0x000fcd       data     extern E:\3.46\pic18-lt\cxx-framework\src\traditional\proc\p18f4620.asm
                    T2CON   0x000fca       data     extern E:\3.46\pic18-lt\cxx-framework\src\traditional\proc\p18f4620.asm
                T2CONbits   0x000fca       data     extern E:\3.46\pic18-lt\cxx-framework\src\traditional\proc\p18f4620.asm
                    T3CON   0x000fb1       data     extern E:\3.46\pic18-lt\cxx-framework\src\traditional\proc\p18f4620.asm
                T3CONbits   0x000fb1       data     extern E:\3.46\pic18-lt\cxx-framework\src\traditional\proc\p18f4620.asm
                   TABLAT   0x000ff5       data     extern E:\3.46\pic18-lt\cxx-framework\src\traditional\proc\p18f4620.asm
                   TBLPTR   0x000ff6       data     extern E:\3.46\pic18-lt\cxx-framework\src\traditional\proc\p18f4620.asm
                  TBLPTRH   0x000ff7       data     extern E:\3.46\pic18-lt\cxx-framework\src\traditional\proc\p18f4620.asm
                  TBLPTRL   0x000ff6       data     extern E:\3.46\pic18-lt\cxx-framework\src\traditional\proc\p18f4620.asm
                  TBLPTRU   0x000ff8       data     extern E:\3.46\pic18-lt\cxx-framework\src\traditional\proc\p18f4620.asm
               TEMP_value   0x00018f       data     extern D:\GitHub\TKLL\Bai10_TRAFFIC_UART\simulate_machine\simulate_machine.c
                    TMR0H   0x000fd7       data     extern E:\3.46\pic18-lt\cxx-framework\src\traditional\proc\p18f4620.asm
                    TMR0L   0x000fd6       data     extern E:\3.46\pic18-lt\cxx-framework\src\traditional\proc\p18f4620.asm
                    TMR1H   0x000fcf       data     extern E:\3.46\pic18-lt\cxx-framework\src\traditional\proc\p18f4620.asm
                    TMR1L   0x000fce       data     extern E:\3.46\pic18-lt\cxx-framework\src\traditional\proc\p18f4620.asm
                     TMR2   0x000fcc       data     extern E:\3.46\pic18-lt\cxx-framework\src\traditional\proc\p18f4620.asm
                    TMR3H   0x000fb3       data     extern E:\3.46\pic18-lt\cxx-framework\src\traditional\proc\p18f4620.asm
                    TMR3L   0x000fb2       data     extern E:\3.46\pic18-lt\cxx-framework\src\traditional\proc\p18f4620.asm
                      TOS   0x000ffd       data     extern E:\3.46\pic18-lt\cxx-framework\src\traditional\proc\p18f4620.asm
                     TOSH   0x000ffe       data     extern E:\3.46\pic18-lt\cxx-framework\src\traditional\proc\p18f4620.asm
                     TOSL   0x000ffd       data     extern E:\3.46\pic18-lt\cxx-framework\src\traditional\proc\p18f4620.asm
                     TOSU   0x000fff       data     extern E:\3.46\pic18-lt\cxx-framework\src\traditional\proc\p18f4620.asm
                    TRISA   0x000f92       data     extern E:\3.46\pic18-lt\cxx-framework\src\traditional\proc\p18f4620.asm
                TRISAbits   0x000f92       data     extern E:\3.46\pic18-lt\cxx-framework\src\traditional\proc\p18f4620.asm
                    TRISB   0x000f93       data     extern E:\3.46\pic18-lt\cxx-framework\src\traditional\proc\p18f4620.asm
                TRISBbits   0x000f93       data     extern E:\3.46\pic18-lt\cxx-framework\src\traditional\proc\p18f4620.asm
                    TRISC   0x000f94       data     extern E:\3.46\pic18-lt\cxx-framework\src\traditional\proc\p18f4620.asm
                TRISCbits   0x000f94       data     extern E:\3.46\pic18-lt\cxx-framework\src\traditional\proc\p18f4620.asm
                    TRISD   0x000f95       data     extern E:\3.46\pic18-lt\cxx-framework\src\traditional\proc\p18f4620.asm
                TRISDbits   0x000f95       data     extern E:\3.46\pic18-lt\cxx-framework\src\traditional\proc\p18f4620.asm
                    TRISE   0x000f96       data     extern E:\3.46\pic18-lt\cxx-framework\src\traditional\proc\p18f4620.asm
                TRISEbits   0x000f96       data     extern E:\3.46\pic18-lt\cxx-framework\src\traditional\proc\p18f4620.asm
                TSS_value   0x000193       data     extern D:\GitHub\TKLL\Bai10_TRAFFIC_UART\simulate_machine\simulate_machine.c
                    TXREG   0x000fad       data     extern E:\3.46\pic18-lt\cxx-framework\src\traditional\proc\p18f4620.asm
                    TXSTA   0x000fac       data     extern E:\3.46\pic18-lt\cxx-framework\src\traditional\proc\p18f4620.asm
                TXSTAbits   0x000fac       data     extern E:\3.46\pic18-lt\cxx-framework\src\traditional\proc\p18f4620.asm
                 UserFont   0x000f00       data     extern D:\GitHub\TKLL\Bai10_TRAFFIC_UART\lcd\lcd.c
                        W   0x000fe8       data     extern E:\3.46\pic18-lt\cxx-framework\src\traditional\proc\p18f4620.asm
                   WDTCON   0x000fd1       data     extern E:\3.46\pic18-lt\cxx-framework\src\traditional\proc\p18f4620.asm
               WDTCONbits   0x000fd1       data     extern E:\3.46\pic18-lt\cxx-framework\src\traditional\proc\p18f4620.asm
                     WREG   0x000fe8       data     extern E:\3.46\pic18-lt\cxx-framework\src\traditional\proc\p18f4620.asm
             WaitResponse   0x000186       data     extern D:\GitHub\TKLL\Bai10_TRAFFIC_UART\simulate_machine\simulate_machine.c
                 __AARGB0   0x000009       data     extern E:\3.46\pic18-lt\cxx-framework\src\traditional\math\aarg.asm
                 __AARGB1   0x000008       data     extern E:\3.46\pic18-lt\cxx-framework\src\traditional\math\aarg.asm
                 __AARGB2   0x000007       data     extern E:\3.46\pic18-lt\cxx-framework\src\traditional\math\aarg.asm
                 __AARGB3   0x000006       data     extern E:\3.46\pic18-lt\cxx-framework\src\traditional\math\aarg.asm
                 __AARGB4   0x000005       data     extern E:\3.46\pic18-lt\cxx-framework\src\traditional\math\aarg.asm
                 __AARGB5   0x000004       data     extern E:\3.46\pic18-lt\cxx-framework\src\traditional\math\aarg.asm
                 __AARGB6   0x000003       data     extern E:\3.46\pic18-lt\cxx-framework\src\traditional\math\aarg.asm
                 __AARGB7   0x000002       data     extern E:\3.46\pic18-lt\cxx-framework\src\traditional\math\aarg.asm
                   __AEXP   0x00000a       data     extern E:\3.46\pic18-lt\cxx-framework\src\traditional\math\aarg.asm
                 __BARGB0   0x00000e       data     extern E:\3.46\pic18-lt\cxx-framework\src\traditional\math\barg.asm
                 __BARGB1   0x00000d       data     extern E:\3.46\pic18-lt\cxx-framework\src\traditional\math\barg.asm
                 __BARGB2   0x00000c       data     extern E:\3.46\pic18-lt\cxx-framework\src\traditional\math\barg.asm
                 __BARGB3   0x00000b       data     extern E:\3.46\pic18-lt\cxx-framework\src\traditional\math\barg.asm
                   __BEXP   0x00000f       data     extern E:\3.46\pic18-lt\cxx-framework\src\traditional\math\barg.asm
                __FPFLAGS   0x000001       data     extern E:\3.46\pic18-lt\cxx-framework\src\traditional\math\cmath18.asm
            __FPFLAGSbits   0x000001       data     extern E:\3.46\pic18-lt\cxx-framework\src\traditional\math\cmath18.asm
                  __REMB0   0x000005       data     extern E:\3.46\pic18-lt\cxx-framework\src\traditional\math\aarg.asm
                  __REMB1   0x000004       data     extern E:\3.46\pic18-lt\cxx-framework\src\traditional\math\aarg.asm
                  __REMB2   0x000003       data     extern E:\3.46\pic18-lt\cxx-framework\src\traditional\math\aarg.asm
                  __REMB3   0x000002       data     extern E:\3.46\pic18-lt\cxx-framework\src\traditional\math\aarg.asm
                  __tmp_0   0x000010       data     static D:\GitHub\TKLL\Bai10_TRAFFIC_UART\timer\timer.c
                  __tmp_0   0x000010       data     static D:\GitHub\TKLL\Bai10_TRAFFIC_UART\lcd\lcd.c
                  __tmp_0   0x000010       data     static D:\GitHub\TKLL\Bai10_TRAFFIC_UART\i2c\i2c.c
                  __tmp_0   0x000010       data     static D:\GitHub\TKLL\Bai10_TRAFFIC_UART\adc\adc.c
                  __tmp_0   0x000010       data     static D:\GitHub\TKLL\Bai10_TRAFFIC_UART\simulate_machine\simulate_machine.c
                  __tmp_0   0x000010       data     static D:\GitHub\TKLL\Bai10_TRAFFIC_UART\button_matrix\button.c
                  __tmp_0   0x000010       data     static D:\GitHub\TKLL\Bai10_TRAFFIC_UART\main.c
                  __tmp_0   0x000010       data     static D:\GitHub\TKLL\Bai10_TRAFFIC_UART\uart\uart.c
                  __tmp_0   0x000010       data     static D:\GitHub\TKLL\Bai10_TRAFFIC_UART\display_7seg_spi.c
                  __tmp_0   0x000010       data     static D:\GitHub\TKLL\Bai10_TRAFFIC_UART\traffic_light.c
                  __tmp_0   0x000010       data     static D:\GitHub\TKLL\Bai10_TRAFFIC_UART\spi_stimulate.c
                  ack_bit   0x0001a8       data     extern D:\GitHub\TKLL\Bai10_TRAFFIC_UART\i2c\i2c.c
                 ack_flag   0x0000fd       data     extern D:\GitHub\TKLL\Bai10_TRAFFIC_UART\i2c\i2c.c
                adc_value   0x000f61       data     extern D:\GitHub\TKLL\Bai10_TRAFFIC_UART\adc\adc.c
         arrayMapOfOutput   0x000100       data     extern D:\GitHub\TKLL\Bai10_TRAFFIC_UART\traffic_light.c
      arrayMaskInputOfKey   0x00014d       data     extern D:\GitHub\TKLL\Bai10_TRAFFIC_UART\button_matrix\button.c
     arrayMaskOutputOfKey   0x000149       data     extern D:\GitHub\TKLL\Bai10_TRAFFIC_UART\button_matrix\button.c
                 blinking   0x000121       data     extern D:\GitHub\TKLL\Bai10_TRAFFIC_UART\traffic_light.c
                 byte_num   0x0000e6       data     extern D:\GitHub\TKLL\Bai10_TRAFFIC_UART\i2c\i2c.c
                     cnt0   0x0001a2       data     extern D:\GitHub\TKLL\Bai10_TRAFFIC_UART\interrupt\interrupt.c
                     cnt1   0x0001a4       data     extern D:\GitHub\TKLL\Bai10_TRAFFIC_UART\interrupt\interrupt.c
               cntOfLight   0x000119       data     extern D:\GitHub\TKLL\Bai10_TRAFFIC_UART\traffic_light.c
                cntOfSlow   0x00011a       data     extern D:\GitHub\TKLL\Bai10_TRAFFIC_UART\traffic_light.c
                curr_byte   0x00019b       data     static E:\3.46\pic18-lt\cxx-framework\src\traditional\startup\c018i.c
               curr_entry   0x00019d       data     static E:\3.46\pic18-lt\cxx-framework\src\traditional\startup\c018i.c
              current_col   0x000f7d       data     extern D:\GitHub\TKLL\Bai10_TRAFFIC_UART\lcd\lcd.c
              current_row   0x000f7b       data     extern D:\GitHub\TKLL\Bai10_TRAFFIC_UART\lcd\lcd.c
              cursor_line   0x00011d       data     extern D:\GitHub\TKLL\Bai10_TRAFFIC_UART\traffic_light.c
              dataReceive   0x000081       data     extern D:\GitHub\TKLL\Bai10_TRAFFIC_UART\simulate_machine\simulate_machine.c
                 dataSend   0x0000b3       data     extern D:\GitHub\TKLL\Bai10_TRAFFIC_UART\simulate_machine\simulate_machine.c
                 data_ptr   0x00019f       data     static E:\3.46\pic18-lt\cxx-framework\src\traditional\startup\c018i.c
               duty_cycle   0x0001a9       data     extern D:\GitHub\TKLL\Bai10_TRAFFIC_UART\pwm\pwm.c
flagOfDataReceiveComplete   0x000188       data     extern D:\GitHub\TKLL\Bai10_TRAFFIC_UART\simulate_machine\simulate_machine.c
                flag_read   0x0000e5       data     extern D:\GitHub\TKLL\Bai10_TRAFFIC_UART\i2c\i2c.c
              flag_timer0   0x000159       data     extern D:\GitHub\TKLL\Bai10_TRAFFIC_UART\timer\timer.c
              flag_timer1   0x00015a       data     extern D:\GitHub\TKLL\Bai10_TRAFFIC_UART\timer\timer.c
              flag_timer2   0x00015b       data     extern D:\GitHub\TKLL\Bai10_TRAFFIC_UART\timer\timer.c
              flag_timer3   0x00015c       data     extern D:\GitHub\TKLL\Bai10_TRAFFIC_UART\timer\timer.c
           function_array   0x000124       data     extern D:\GitHub\TKLL\Bai10_TRAFFIC_UART\traffic_light.c
       function_selection   0x00011b       data     extern D:\GitHub\TKLL\Bai10_TRAFFIC_UART\traffic_light.c
                        i   0x000080       data     extern D:\GitHub\TKLL\Bai10_TRAFFIC_UART\simulate_machine\simulate_machine.c
                 i2c_data   0x0000ff       data     extern D:\GitHub\TKLL\Bai10_TRAFFIC_UART\i2c\i2c.c
       indexOfDataReceive   0x00018a       data     extern D:\GitHub\TKLL\Bai10_TRAFFIC_UART\simulate_machine\simulate_machine.c
           indexOfMachine   0x000189       data     extern D:\GitHub\TKLL\Bai10_TRAFFIC_UART\simulate_machine\simulate_machine.c
          indexOfdataSend   0x00018b       data     extern D:\GitHub\TKLL\Bai10_TRAFFIC_UART\simulate_machine\simulate_machine.c
                index_add   0x0000e7       data     extern D:\GitHub\TKLL\Bai10_TRAFFIC_UART\i2c\i2c.c
                        k   0x0001a7       data     extern D:\GitHub\TKLL\Bai10_TRAFFIC_UART\traffic_light.c
                 key_code   0x000129       data     extern D:\GitHub\TKLL\Bai10_TRAFFIC_UART\button_matrix\button.c
                ledBuffer   0x000171       data     extern D:\GitHub\TKLL\Bai10_TRAFFIC_UART\display_7seg_spi.c
                 ledIndex   0x00017f       data     extern D:\GitHub\TKLL\Bai10_TRAFFIC_UART\display_7seg_spi.c
                led_index   0x000183       data     static D:\GitHub\TKLL\Bai10_TRAFFIC_UART\display_7seg_spi.c
          manual_mode_val   0x000123       data     extern D:\GitHub\TKLL\Bai10_TRAFFIC_UART\traffic_light.c
               numberData   0x000175       data     extern D:\GitHub\TKLL\Bai10_TRAFFIC_UART\display_7seg_spi.c
      numberOfDataReceive   0x00018c       data     extern D:\GitHub\TKLL\Bai10_TRAFFIC_UART\simulate_machine\simulate_machine.c
         numberOfDataSend   0x00018d       data     extern D:\GitHub\TKLL\Bai10_TRAFFIC_UART\simulate_machine\simulate_machine.c
                 pH_value   0x000190       data     extern D:\GitHub\TKLL\Bai10_TRAFFIC_UART\simulate_machine\simulate_machine.c
                     prom   0x000198       data     static E:\3.46\pic18-lt\cxx-framework\src\traditional\startup\c018i.c
                read_data   0x0000f3       data     extern D:\GitHub\TKLL\Bai10_TRAFFIC_UART\i2c\i2c.c
             receive_data   0x0000fe       data     extern D:\GitHub\TKLL\Bai10_TRAFFIC_UART\i2c\i2c.c
             receive_flag   0x0000fc       data     extern D:\GitHub\TKLL\Bai10_TRAFFIC_UART\i2c\i2c.c
         slow_mode_enable   0x000120       data     extern D:\GitHub\TKLL\Bai10_TRAFFIC_UART\traffic_light.c
                    speed   0x000f7f       data     extern D:\GitHub\TKLL\Bai10_TRAFFIC_UART\pwm\pwm.c
                statusLCD   0x000f40       data     extern D:\GitHub\TKLL\Bai10_TRAFFIC_UART\lcd\lcd.c
            statusOfLight   0x000113       data     extern D:\GitHub\TKLL\Bai10_TRAFFIC_UART\traffic_light.c
             statusOutput   0x000108       data     extern D:\GitHub\TKLL\Bai10_TRAFFIC_UART\traffic_light.c
            statusReceive   0x000187       data     extern D:\GitHub\TKLL\Bai10_TRAFFIC_UART\simulate_machine\simulate_machine.c
             statusSim900   0x000185       data     extern D:\GitHub\TKLL\Bai10_TRAFFIC_UART\simulate_machine\simulate_machine.c
                tempCount   0x00018e       data     extern D:\GitHub\TKLL\Bai10_TRAFFIC_UART\simulate_machine\simulate_machine.c
                time0_MUL   0x000169       data     extern D:\GitHub\TKLL\Bai10_TRAFFIC_UART\timer\timer.c
                time1_MUL   0x00016b       data     extern D:\GitHub\TKLL\Bai10_TRAFFIC_UART\timer\timer.c
                time2_MUL   0x00016d       data     extern D:\GitHub\TKLL\Bai10_TRAFFIC_UART\timer\timer.c
                time3_MUL   0x00016f       data     extern D:\GitHub\TKLL\Bai10_TRAFFIC_UART\timer\timer.c
       timeChangedataSend   0x000196       data     extern D:\GitHub\TKLL\Bai10_TRAFFIC_UART\simulate_machine\simulate_machine.c
        timeOfGreenPhase1   0x000114       data     extern D:\GitHub\TKLL\Bai10_TRAFFIC_UART\traffic_light.c
        timeOfGreenPhase2   0x000116       data     extern D:\GitHub\TKLL\Bai10_TRAFFIC_UART\traffic_light.c
              timeOfLight   0x000118       data     extern D:\GitHub\TKLL\Bai10_TRAFFIC_UART\traffic_light.c
       timeOfYellowPhase1   0x000115       data     extern D:\GitHub\TKLL\Bai10_TRAFFIC_UART\traffic_light.c
       timeOfYellowPhase2   0x000117       data     extern D:\GitHub\TKLL\Bai10_TRAFFIC_UART\traffic_light.c
               time_delay   0x000111       data     extern D:\GitHub\TKLL\Bai10_TRAFFIC_UART\traffic_light.c
                   timeof   0x00011e       data     extern D:\GitHub\TKLL\Bai10_TRAFFIC_UART\traffic_light.c
               timer0_cnt   0x000161       data     extern D:\GitHub\TKLL\Bai10_TRAFFIC_UART\timer\timer.c
             timer0_value   0x000151       data     extern D:\GitHub\TKLL\Bai10_TRAFFIC_UART\timer\timer.c
               timer1_cnt   0x000163       data     extern D:\GitHub\TKLL\Bai10_TRAFFIC_UART\timer\timer.c
             timer1_value   0x000153       data     extern D:\GitHub\TKLL\Bai10_TRAFFIC_UART\timer\timer.c
               timer2_cnt   0x000165       data     extern D:\GitHub\TKLL\Bai10_TRAFFIC_UART\timer\timer.c
             timer2_value   0x000155       data     extern D:\GitHub\TKLL\Bai10_TRAFFIC_UART\timer\timer.c
               timer3_cnt   0x000167       data     extern D:\GitHub\TKLL\Bai10_TRAFFIC_UART\timer\timer.c
             timer3_value   0x000157       data     extern D:\GitHub\TKLL\Bai10_TRAFFIC_UART\timer\timer.c
                       tp   0x0001a6       data     extern D:\GitHub\TKLL\Bai10_TRAFFIC_UART\traffic_light.c
      traffic_light_state   0x000110       data     extern D:\GitHub\TKLL\Bai10_TRAFFIC_UART\traffic_light.c
                   v_cnt0   0x00015d       data     extern D:\GitHub\TKLL\Bai10_TRAFFIC_UART\timer\timer.c
                   v_cnt1   0x00015f       data     extern D:\GitHub\TKLL\Bai10_TRAFFIC_UART\timer\timer.c
               write_data   0x0000e8       data     extern D:\GitHub\TKLL\Bai10_TRAFFIC_UART\i2c\i2c.c



                              Symbols - Sorted by Address
                     Name    Address   Location    Storage File                     
                ---------  ---------  ---------  --------- ---------                
                   _entry   0x000000    program     extern E:\3.46\pic18-lt\cxx-framework\src\traditional\startup\c018i.c
       ___return_lbl00000   0x000004    program     static                          
                   __init   0x000006    program     extern E:\3.46\pic18-lt\cxx-framework\src\traditional\stdclib\__init.c
      InterruptVectorHigh   0x000008    program     extern D:\GitHub\TKLL\Bai10_TRAFFIC_UART\interrupt\interrupt.c
       ___return_lbl00003   0x00000c    program     static                          
       InterruptVectorLow   0x000018    program     extern D:\GitHub\TKLL\Bai10_TRAFFIC_UART\interrupt\interrupt.c
       ___return_lbl00002   0x00001c    program     static                          
               OpenOutput   0x00008c    program     extern D:\GitHub\TKLL\Bai10_TRAFFIC_UART\traffic_light.c
              CloseOutput   0x0000dc    program     extern D:\GitHub\TKLL\Bai10_TRAFFIC_UART\traffic_light.c
            ReverseOutput   0x00012c    program     extern D:\GitHub\TKLL\Bai10_TRAFFIC_UART\traffic_light.c
               TestOutput   0x0001a8    program     extern D:\GitHub\TKLL\Bai10_TRAFFIC_UART\traffic_light.c
            isButtonEnter   0x00022a    program     extern D:\GitHub\TKLL\Bai10_TRAFFIC_UART\traffic_light.c
    isButtonEnterHold3Sec   0x000242    program     extern D:\GitHub\TKLL\Bai10_TRAFFIC_UART\traffic_light.c
              isButtonInc   0x00025c    program     extern D:\GitHub\TKLL\Bai10_TRAFFIC_UART\traffic_light.c
          isButtonIncHold   0x000274    program     extern D:\GitHub\TKLL\Bai10_TRAFFIC_UART\traffic_light.c
              isButtonDec   0x00029e    program     extern D:\GitHub\TKLL\Bai10_TRAFFIC_UART\traffic_light.c
          isButtonDecHold   0x0002b6    program     extern D:\GitHub\TKLL\Bai10_TRAFFIC_UART\traffic_light.c
            isButtonPress   0x0002e0    program     extern D:\GitHub\TKLL\Bai10_TRAFFIC_UART\traffic_light.c
             Phase1_Green   0x00030c    program     extern D:\GitHub\TKLL\Bai10_TRAFFIC_UART\traffic_light.c
            Phase1_Yellow   0x000338    program     extern D:\GitHub\TKLL\Bai10_TRAFFIC_UART\traffic_light.c
               Phase1_Red   0x000364    program     extern D:\GitHub\TKLL\Bai10_TRAFFIC_UART\traffic_light.c
             Phase2_Green   0x000390    program     extern D:\GitHub\TKLL\Bai10_TRAFFIC_UART\traffic_light.c
            Phase2_Yellow   0x0003bc    program     extern D:\GitHub\TKLL\Bai10_TRAFFIC_UART\traffic_light.c
               Phase2_Red   0x0003e8    program     extern D:\GitHub\TKLL\Bai10_TRAFFIC_UART\traffic_light.c
         display_function   0x000414    program     extern D:\GitHub\TKLL\Bai10_TRAFFIC_UART\traffic_light.c
          change_time_val   0x000498    program     extern D:\GitHub\TKLL\Bai10_TRAFFIC_UART\traffic_light.c
             function_fsm   0x00082a    program     extern D:\GitHub\TKLL\Bai10_TRAFFIC_UART\traffic_light.c
        traffic_light_fsm   0x000be6    program     extern D:\GitHub\TKLL\Bai10_TRAFFIC_UART\traffic_light.c
             lightDisplay   0x000de2    program     extern D:\GitHub\TKLL\Bai10_TRAFFIC_UART\traffic_light.c
        lightDisplayNoLCD   0x0011a2    program     extern D:\GitHub\TKLL\Bai10_TRAFFIC_UART\traffic_light.c
   yellow_light_slow_mode   0x001312    program     extern D:\GitHub\TKLL\Bai10_TRAFFIC_UART\traffic_light.c
                  onlyRed   0x00137e    program     extern D:\GitHub\TKLL\Bai10_TRAFFIC_UART\traffic_light.c
               onlyYellow   0x0013b4    program     extern D:\GitHub\TKLL\Bai10_TRAFFIC_UART\traffic_light.c
                onlyGreen   0x0013ea    program     extern D:\GitHub\TKLL\Bai10_TRAFFIC_UART\traffic_light.c
                lcd_delay   0x001420    program     extern D:\GitHub\TKLL\Bai10_TRAFFIC_UART\lcd\lcd.c
                 v_timer0   0x0014b0    program     extern D:\GitHub\TKLL\Bai10_TRAFFIC_UART\lcd\lcd.c
          lcd_sendCommand   0x001540    program     extern D:\GitHub\TKLL\Bai10_TRAFFIC_UART\lcd\lcd.c
                 lcd_init   0x0015c0    program     extern D:\GitHub\TKLL\Bai10_TRAFFIC_UART\lcd\lcd.c
          lcd_read_status   0x0016d0    program     extern D:\GitHub\TKLL\Bai10_TRAFFIC_UART\lcd\lcd.c
            lcd_wait_busy   0x001786    program     extern D:\GitHub\TKLL\Bai10_TRAFFIC_UART\lcd\lcd.c
          lcd_write_4bits   0x0017a6    program     extern D:\GitHub\TKLL\Bai10_TRAFFIC_UART\lcd\lcd.c
            lcd_write_cmd   0x0017ec    program     extern D:\GitHub\TKLL\Bai10_TRAFFIC_UART\lcd\lcd.c
           lcd_write_data   0x001828    program     extern D:\GitHub\TKLL\Bai10_TRAFFIC_UART\lcd\lcd.c
              lcd_putchar   0x001866    program     extern D:\GitHub\TKLL\Bai10_TRAFFIC_UART\lcd\lcd.c
           lcd_print_char   0x001880    program     extern D:\GitHub\TKLL\Bai10_TRAFFIC_UART\lcd\lcd.c
            lcd_print_str   0x00189a    program     extern D:\GitHub\TKLL\Bai10_TRAFFIC_UART\lcd\lcd.c
           lcd_set_cursor   0x0018da    program     extern D:\GitHub\TKLL\Bai10_TRAFFIC_UART\lcd\lcd.c
                lcd_clear   0x001914    program     extern D:\GitHub\TKLL\Bai10_TRAFFIC_UART\lcd\lcd.c
             lcd_power_of   0x001928    program     extern D:\GitHub\TKLL\Bai10_TRAFFIC_UART\lcd\lcd.c
            lcd_print_num   0x001a0a    program     extern D:\GitHub\TKLL\Bai10_TRAFFIC_UART\lcd\lcd.c
              LcdPrintNum   0x001c40    program     extern D:\GitHub\TKLL\Bai10_TRAFFIC_UART\lcd\lcd.c
           LcdPrintString   0x001c88    program     extern D:\GitHub\TKLL\Bai10_TRAFFIC_UART\lcd\lcd.c
          lcd_print_charS   0x001cbc    program     extern D:\GitHub\TKLL\Bai10_TRAFFIC_UART\lcd\lcd.c
                LcdClearS   0x001d02    program     extern D:\GitHub\TKLL\Bai10_TRAFFIC_UART\lcd\lcd.c
         DisplayLcdScreen   0x001d60    program     extern D:\GitHub\TKLL\Bai10_TRAFFIC_UART\lcd\lcd.c
        DisplayLcdScreen2   0x001e58    program     extern D:\GitHub\TKLL\Bai10_TRAFFIC_UART\lcd\lcd.c
      DisplayLcdScreenOld   0x001ede    program     extern D:\GitHub\TKLL\Bai10_TRAFFIC_UART\lcd\lcd.c
            LcdPrintCharS   0x001f48    program     extern D:\GitHub\TKLL\Bai10_TRAFFIC_UART\lcd\lcd.c
             LcdPrintNumS   0x001fbc    program     extern D:\GitHub\TKLL\Bai10_TRAFFIC_UART\lcd\lcd.c
          LcdPrintStringS   0x00220a    program     extern D:\GitHub\TKLL\Bai10_TRAFFIC_UART\lcd\lcd.c
            LcdPrintLineS   0x002260    program     extern D:\GitHub\TKLL\Bai10_TRAFFIC_UART\lcd\lcd.c
            LcdCreateChar   0x0022ec    program     extern D:\GitHub\TKLL\Bai10_TRAFFIC_UART\lcd\lcd.c
   init_user_defined_char   0x0023c6    program     extern D:\GitHub\TKLL\Bai10_TRAFFIC_UART\lcd\lcd.c
          init_key_matrix   0x002416    program     extern D:\GitHub\TKLL\Bai10_TRAFFIC_UART\button_matrix\button.c
init_key_matrix_with_uart_i2c   0x00241e    program     extern D:\GitHub\TKLL\Bai10_TRAFFIC_UART\button_matrix\button.c
          scan_key_matrix   0x00242e    program     extern D:\GitHub\TKLL\Bai10_TRAFFIC_UART\button_matrix\button.c
scan_key_matrix_with_uart   0x00258c    program     extern D:\GitHub\TKLL\Bai10_TRAFFIC_UART\button_matrix\button.c
   scan_key_matrix_1_line   0x0026ec    program     extern D:\GitHub\TKLL\Bai10_TRAFFIC_UART\button_matrix\button.c
scan_key_matrix_with_uart_i2c   0x002820    program     extern D:\GitHub\TKLL\Bai10_TRAFFIC_UART\button_matrix\button.c
          button_delay_ms   0x002968    program     extern D:\GitHub\TKLL\Bai10_TRAFFIC_UART\button_matrix\button.c
     scan_key_matrix_demo   0x0029f0    program     extern D:\GitHub\TKLL\Bai10_TRAFFIC_UART\button_matrix\button.c
scan_key_matrix_new_board   0x002b16    program     extern D:\GitHub\TKLL\Bai10_TRAFFIC_UART\button_matrix\button.c
init_key_matrix_new_board   0x002bb6    program     extern D:\GitHub\TKLL\Bai10_TRAFFIC_UART\button_matrix\button.c
              init_timer0   0x002bca    program     extern D:\GitHub\TKLL\Bai10_TRAFFIC_UART\timer\timer.c
              stop_timer0   0x002c7e    program     extern D:\GitHub\TKLL\Bai10_TRAFFIC_UART\timer\timer.c
             start_timer0   0x002c82    program     extern D:\GitHub\TKLL\Bai10_TRAFFIC_UART\timer\timer.c
              init_timer1   0x002d0e    program     extern D:\GitHub\TKLL\Bai10_TRAFFIC_UART\timer\timer.c
             start_timer1   0x002dc8    program     extern D:\GitHub\TKLL\Bai10_TRAFFIC_UART\timer\timer.c
              stop_timer1   0x002e54    program     extern D:\GitHub\TKLL\Bai10_TRAFFIC_UART\timer\timer.c
              init_timer2   0x002e58    program     extern D:\GitHub\TKLL\Bai10_TRAFFIC_UART\timer\timer.c
             start_timer2   0x002e84    program     extern D:\GitHub\TKLL\Bai10_TRAFFIC_UART\timer\timer.c
              stop_timer2   0x002e8c    program     extern D:\GitHub\TKLL\Bai10_TRAFFIC_UART\timer\timer.c
              init_timer3   0x002e90    program     extern D:\GitHub\TKLL\Bai10_TRAFFIC_UART\timer\timer.c
[...]
                     DDRB   0x000f93       data     extern E:\3.46\pic18-lt\cxx-framework\src\traditional\proc\p18f4620.asm
                    TRISB   0x000f93       data     extern E:\3.46\pic18-lt\cxx-framework\src\traditional\proc\p18f4620.asm
                 DDRBbits   0x000f93       data     extern E:\3.46\pic18-lt\cxx-framework\src\traditional\proc\p18f4620.asm
                    TRISC   0x000f94       data     extern E:\3.46\pic18-lt\cxx-framework\src\traditional\proc\p18f4620.asm
                TRISCbits   0x000f94       data     extern E:\3.46\pic18-lt\cxx-framework\src\traditional\proc\p18f4620.asm
                     DDRC   0x000f94       data     extern E:\3.46\pic18-lt\cxx-framework\src\traditional\proc\p18f4620.asm
                 DDRCbits   0x000f94       data     extern E:\3.46\pic18-lt\cxx-framework\src\traditional\proc\p18f4620.asm
                    TRISD   0x000f95       data     extern E:\3.46\pic18-lt\cxx-framework\src\traditional\proc\p18f4620.asm
                TRISDbits   0x000f95       data     extern E:\3.46\pic18-lt\cxx-framework\src\traditional\proc\p18f4620.asm
                 DDRDbits   0x000f95       data     extern E:\3.46\pic18-lt\cxx-framework\src\traditional\proc\p18f4620.asm
                     DDRD   0x000f95       data     extern E:\3.46\pic18-lt\cxx-framework\src\traditional\proc\p18f4620.asm
                    TRISE   0x000f96       data     extern E:\3.46\pic18-lt\cxx-framework\src\traditional\proc\p18f4620.asm
                TRISEbits   0x000f96       data     extern E:\3.46\pic18-lt\cxx-framework\src\traditional\proc\p18f4620.asm
                 DDREbits   0x000f96       data     extern E:\3.46\pic18-lt\cxx-framework\src\traditional\proc\p18f4620.asm
                     DDRE   0x000f96       data     extern E:\3.46\pic18-lt\cxx-framework\src\traditional\proc\p18f4620.asm
                  OSCTUNE   0x000f9b       data     extern E:\3.46\pic18-lt\cxx-framework\src\traditional\proc\p18f4620.asm
              OSCTUNEbits   0x000f9b       data     extern E:\3.46\pic18-lt\cxx-framework\src\traditional\proc\p18f4620.asm
                     PIE1   0x000f9d       data     extern E:\3.46\pic18-lt\cxx-framework\src\traditional\proc\p18f4620.asm
                 PIE1bits   0x000f9d       data     extern E:\3.46\pic18-lt\cxx-framework\src\traditional\proc\p18f4620.asm
                     PIR1   0x000f9e       data     extern E:\3.46\pic18-lt\cxx-framework\src\traditional\proc\p18f4620.asm
                 PIR1bits   0x000f9e       data     extern E:\3.46\pic18-lt\cxx-framework\src\traditional\proc\p18f4620.asm
                     IPR1   0x000f9f       data     extern E:\3.46\pic18-lt\cxx-framework\src\traditional\proc\p18f4620.asm
                 IPR1bits   0x000f9f       data     extern E:\3.46\pic18-lt\cxx-framework\src\traditional\proc\p18f4620.asm
                 PIE2bits   0x000fa0       data     extern E:\3.46\pic18-lt\cxx-framework\src\traditional\proc\p18f4620.asm
                     PIE2   0x000fa0       data     extern E:\3.46\pic18-lt\cxx-framework\src\traditional\proc\p18f4620.asm
                 PIR2bits   0x000fa1       data     extern E:\3.46\pic18-lt\cxx-framework\src\traditional\proc\p18f4620.asm
                     PIR2   0x000fa1       data     extern E:\3.46\pic18-lt\cxx-framework\src\traditional\proc\p18f4620.asm
                     IPR2   0x000fa2       data     extern E:\3.46\pic18-lt\cxx-framework\src\traditional\proc\p18f4620.asm
                 IPR2bits   0x000fa2       data     extern E:\3.46\pic18-lt\cxx-framework\src\traditional\proc\p18f4620.asm
                   EECON1   0x000fa6       data     extern E:\3.46\pic18-lt\cxx-framework\src\traditional\proc\p18f4620.asm
               EECON1bits   0x000fa6       data     extern E:\3.46\pic18-lt\cxx-framework\src\traditional\proc\p18f4620.asm
                   EECON2   0x000fa7       data     extern E:\3.46\pic18-lt\cxx-framework\src\traditional\proc\p18f4620.asm
                   EEDATA   0x000fa8       data     extern E:\3.46\pic18-lt\cxx-framework\src\traditional\proc\p18f4620.asm
                    EEADR   0x000fa9       data     extern E:\3.46\pic18-lt\cxx-framework\src\traditional\proc\p18f4620.asm
                   EEADRH   0x000faa       data     extern E:\3.46\pic18-lt\cxx-framework\src\traditional\proc\p18f4620.asm
                RCSTAbits   0x000fab       data     extern E:\3.46\pic18-lt\cxx-framework\src\traditional\proc\p18f4620.asm
                    RCSTA   0x000fab       data     extern E:\3.46\pic18-lt\cxx-framework\src\traditional\proc\p18f4620.asm
                    TXSTA   0x000fac       data     extern E:\3.46\pic18-lt\cxx-framework\src\traditional\proc\p18f4620.asm
                TXSTAbits   0x000fac       data     extern E:\3.46\pic18-lt\cxx-framework\src\traditional\proc\p18f4620.asm
                    TXREG   0x000fad       data     extern E:\3.46\pic18-lt\cxx-framework\src\traditional\proc\p18f4620.asm
                    RCREG   0x000fae       data     extern E:\3.46\pic18-lt\cxx-framework\src\traditional\proc\p18f4620.asm
                    SPBRG   0x000faf       data     extern E:\3.46\pic18-lt\cxx-framework\src\traditional\proc\p18f4620.asm
                   SPBRGH   0x000fb0       data     extern E:\3.46\pic18-lt\cxx-framework\src\traditional\proc\p18f4620.asm
                T3CONbits   0x000fb1       data     extern E:\3.46\pic18-lt\cxx-framework\src\traditional\proc\p18f4620.asm
                    T3CON   0x000fb1       data     extern E:\3.46\pic18-lt\cxx-framework\src\traditional\proc\p18f4620.asm
                    TMR3L   0x000fb2       data     extern E:\3.46\pic18-lt\cxx-framework\src\traditional\proc\p18f4620.asm
                    TMR3H   0x000fb3       data     extern E:\3.46\pic18-lt\cxx-framework\src\traditional\proc\p18f4620.asm
                CMCONbits   0x000fb4       data     extern E:\3.46\pic18-lt\cxx-framework\src\traditional\proc\p18f4620.asm
                    CMCON   0x000fb4       data     extern E:\3.46\pic18-lt\cxx-framework\src\traditional\proc\p18f4620.asm
               CVRCONbits   0x000fb5       data     extern E:\3.46\pic18-lt\cxx-framework\src\traditional\proc\p18f4620.asm
                   CVRCON   0x000fb5       data     extern E:\3.46\pic18-lt\cxx-framework\src\traditional\proc\p18f4620.asm
                  ECCP1AS   0x000fb6       data     extern E:\3.46\pic18-lt\cxx-framework\src\traditional\proc\p18f4620.asm
              ECCP1ASbits   0x000fb6       data     extern E:\3.46\pic18-lt\cxx-framework\src\traditional\proc\p18f4620.asm
              PWM1CONbits   0x000fb7       data     extern E:\3.46\pic18-lt\cxx-framework\src\traditional\proc\p18f4620.asm
                  PWM1CON   0x000fb7       data     extern E:\3.46\pic18-lt\cxx-framework\src\traditional\proc\p18f4620.asm
                  BAUDCON   0x000fb8       data     extern E:\3.46\pic18-lt\cxx-framework\src\traditional\proc\p18f4620.asm
              BAUDCONbits   0x000fb8       data     extern E:\3.46\pic18-lt\cxx-framework\src\traditional\proc\p18f4620.asm
                  BAUDCTL   0x000fb8       data     extern E:\3.46\pic18-lt\cxx-framework\src\traditional\proc\p18f4620.asm
              BAUDCTLbits   0x000fb8       data     extern E:\3.46\pic18-lt\cxx-framework\src\traditional\proc\p18f4620.asm
                  CCP2CON   0x000fba       data     extern E:\3.46\pic18-lt\cxx-framework\src\traditional\proc\p18f4620.asm
              CCP2CONbits   0x000fba       data     extern E:\3.46\pic18-lt\cxx-framework\src\traditional\proc\p18f4620.asm
                    CCPR2   0x000fbb       data     extern E:\3.46\pic18-lt\cxx-framework\src\traditional\proc\p18f4620.asm
                   CCPR2L   0x000fbb       data     extern E:\3.46\pic18-lt\cxx-framework\src\traditional\proc\p18f4620.asm
                   CCPR2H   0x000fbc       data     extern E:\3.46\pic18-lt\cxx-framework\src\traditional\proc\p18f4620.asm
                  CCP1CON   0x000fbd       data     extern E:\3.46\pic18-lt\cxx-framework\src\traditional\proc\p18f4620.asm
              CCP1CONbits   0x000fbd       data     extern E:\3.46\pic18-lt\cxx-framework\src\traditional\proc\p18f4620.asm
                    CCPR1   0x000fbe       data     extern E:\3.46\pic18-lt\cxx-framework\src\traditional\proc\p18f4620.asm
                   CCPR1L   0x000fbe       data     extern E:\3.46\pic18-lt\cxx-framework\src\traditional\proc\p18f4620.asm
                   CCPR1H   0x000fbf       data     extern E:\3.46\pic18-lt\cxx-framework\src\traditional\proc\p18f4620.asm
               ADCON2bits   0x000fc0       data     extern E:\3.46\pic18-lt\cxx-framework\src\traditional\proc\p18f4620.asm
                   ADCON2   0x000fc0       data     extern E:\3.46\pic18-lt\cxx-framework\src\traditional\proc\p18f4620.asm
               ADCON1bits   0x000fc1       data     extern E:\3.46\pic18-lt\cxx-framework\src\traditional\proc\p18f4620.asm
                   ADCON1   0x000fc1       data     extern E:\3.46\pic18-lt\cxx-framework\src\traditional\proc\p18f4620.asm
                   ADCON0   0x000fc2       data     extern E:\3.46\pic18-lt\cxx-framework\src\traditional\proc\p18f4620.asm
               ADCON0bits   0x000fc2       data     extern E:\3.46\pic18-lt\cxx-framework\src\traditional\proc\p18f4620.asm
                    ADRES   0x000fc3       data     extern E:\3.46\pic18-lt\cxx-framework\src\traditional\proc\p18f4620.asm
                   ADRESL   0x000fc3       data     extern E:\3.46\pic18-lt\cxx-framework\src\traditional\proc\p18f4620.asm
                   ADRESH   0x000fc4       data     extern E:\3.46\pic18-lt\cxx-framework\src\traditional\proc\p18f4620.asm
                  SSPCON2   0x000fc5       data     extern E:\3.46\pic18-lt\cxx-framework\src\traditional\proc\p18f4620.asm
              SSPCON2bits   0x000fc5       data     extern E:\3.46\pic18-lt\cxx-framework\src\traditional\proc\p18f4620.asm
                  SSPCON1   0x000fc6       data     extern E:\3.46\pic18-lt\cxx-framework\src\traditional\proc\p18f4620.asm
              SSPCON1bits   0x000fc6       data     extern E:\3.46\pic18-lt\cxx-framework\src\traditional\proc\p18f4620.asm
                  SSPSTAT   0x000fc7       data     extern E:\3.46\pic18-lt\cxx-framework\src\traditional\proc\p18f4620.asm
              SSPSTATbits   0x000fc7       data     extern E:\3.46\pic18-lt\cxx-framework\src\traditional\proc\p18f4620.asm
                   SSPADD   0x000fc8       data     extern E:\3.46\pic18-lt\cxx-framework\src\traditional\proc\p18f4620.asm
                   SSPBUF   0x000fc9       data     extern E:\3.46\pic18-lt\cxx-framework\src\traditional\proc\p18f4620.asm
                    T2CON   0x000fca       data     extern E:\3.46\pic18-lt\cxx-framework\src\traditional\proc\p18f4620.asm
                T2CONbits   0x000fca       data     extern E:\3.46\pic18-lt\cxx-framework\src\traditional\proc\p18f4620.asm
                      PR2   0x000fcb       data     extern E:\3.46\pic18-lt\cxx-framework\src\traditional\proc\p18f4620.asm
                     TMR2   0x000fcc       data     extern E:\3.46\pic18-lt\cxx-framework\src\traditional\proc\p18f4620.asm
                T1CONbits   0x000fcd       data     extern E:\3.46\pic18-lt\cxx-framework\src\traditional\proc\p18f4620.asm
                    T1CON   0x000fcd       data     extern E:\3.46\pic18-lt\cxx-framework\src\traditional\proc\p18f4620.asm
                    TMR1L   0x000fce       data     extern E:\3.46\pic18-lt\cxx-framework\src\traditional\proc\p18f4620.asm
                    TMR1H   0x000fcf       data     extern E:\3.46\pic18-lt\cxx-framework\src\traditional\proc\p18f4620.asm
                     RCON   0x000fd0       data     extern E:\3.46\pic18-lt\cxx-framework\src\traditional\proc\p18f4620.asm
                 RCONbits   0x000fd0       data     extern E:\3.46\pic18-lt\cxx-framework\src\traditional\proc\p18f4620.asm
               WDTCONbits   0x000fd1       data     extern E:\3.46\pic18-lt\cxx-framework\src\traditional\proc\p18f4620.asm
                   WDTCON   0x000fd1       data     extern E:\3.46\pic18-lt\cxx-framework\src\traditional\proc\p18f4620.asm
               LVDCONbits   0x000fd2       data     extern E:\3.46\pic18-lt\cxx-framework\src\traditional\proc\p18f4620.asm
                   LVDCON   0x000fd2       data     extern E:\3.46\pic18-lt\cxx-framework\src\traditional\proc\p18f4620.asm
              HLVDCONbits   0x000fd2       data     extern E:\3.46\pic18-lt\cxx-framework\src\traditional\proc\p18f4620.asm
                  HLVDCON   0x000fd2       data     extern E:\3.46\pic18-lt\cxx-framework\src\traditional\proc\p18f4620.asm
               OSCCONbits   0x000fd3       data     extern E:\3.46\pic18-lt\cxx-framework\src\traditional\proc\p18f4620.asm
                   OSCCON   0x000fd3       data     extern E:\3.46\pic18-lt\cxx-framework\src\traditional\proc\p18f4620.asm
                T0CONbits   0x000fd5       data     extern E:\3.46\pic18-lt\cxx-framework\src\traditional\proc\p18f4620.asm
                    T0CON   0x000fd5       data     extern E:\3.46\pic18-lt\cxx-framework\src\traditional\proc\p18f4620.asm
                    TMR0L   0x000fd6       data     extern E:\3.46\pic18-lt\cxx-framework\src\traditional\proc\p18f4620.asm
                    TMR0H   0x000fd7       data     extern E:\3.46\pic18-lt\cxx-framework\src\traditional\proc\p18f4620.asm
                   STATUS   0x000fd8       data     extern E:\3.46\pic18-lt\cxx-framework\src\traditional\proc\p18f4620.asm
               STATUSbits   0x000fd8       data     extern E:\3.46\pic18-lt\cxx-framework\src\traditional\proc\p18f4620.asm
                     FSR2   0x000fd9       data     extern E:\3.46\pic18-lt\cxx-framework\src\traditional\proc\p18f4620.asm
                    FSR2L   0x000fd9       data     extern E:\3.46\pic18-lt\cxx-framework\src\traditional\proc\p18f4620.asm
                    FSR2H   0x000fda       data     extern E:\3.46\pic18-lt\cxx-framework\src\traditional\proc\p18f4620.asm
                   PLUSW2   0x000fdb       data     extern E:\3.46\pic18-lt\cxx-framework\src\traditional\proc\p18f4620.asm
                  PREINC2   0x000fdc       data     extern E:\3.46\pic18-lt\cxx-framework\src\traditional\proc\p18f4620.asm
                 POSTDEC2   0x000fdd       data     extern E:\3.46\pic18-lt\cxx-framework\src\traditional\proc\p18f4620.asm
                 POSTINC2   0x000fde       data     extern E:\3.46\pic18-lt\cxx-framework\src\traditional\proc\p18f4620.asm
                    INDF2   0x000fdf       data     extern E:\3.46\pic18-lt\cxx-framework\src\traditional\proc\p18f4620.asm
                      BSR   0x000fe0       data     extern E:\3.46\pic18-lt\cxx-framework\src\traditional\proc\p18f4620.asm
                     FSR1   0x000fe1       data     extern E:\3.46\pic18-lt\cxx-framework\src\traditional\proc\p18f4620.asm
                    FSR1L   0x000fe1       data     extern E:\3.46\pic18-lt\cxx-framework\src\traditional\proc\p18f4620.asm
                    FSR1H   0x000fe2       data     extern E:\3.46\pic18-lt\cxx-framework\src\traditional\proc\p18f4620.asm
                   PLUSW1   0x000fe3       data     extern E:\3.46\pic18-lt\cxx-framework\src\traditional\proc\p18f4620.asm
                  PREINC1   0x000fe4       data     extern E:\3.46\pic18-lt\cxx-framework\src\traditional\proc\p18f4620.asm
                 POSTDEC1   0x000fe5       data     extern E:\3.46\pic18-lt\cxx-framework\src\traditional\proc\p18f4620.asm
                 POSTINC1   0x000fe6       data     extern E:\3.46\pic18-lt\cxx-framework\src\traditional\proc\p18f4620.asm
                    INDF1   0x000fe7       data     extern E:\3.46\pic18-lt\cxx-framework\src\traditional\proc\p18f4620.asm
                        W   0x000fe8       data     extern E:\3.46\pic18-lt\cxx-framework\src\traditional\proc\p18f4620.asm
                     WREG   0x000fe8       data     extern E:\3.46\pic18-lt\cxx-framework\src\traditional\proc\p18f4620.asm
                    FSR0L   0x000fe9       data     extern E:\3.46\pic18-lt\cxx-framework\src\traditional\proc\p18f4620.asm
                     FSR0   0x000fe9       data     extern E:\3.46\pic18-lt\cxx-framework\src\traditional\proc\p18f4620.asm
                    FSR0H   0x000fea       data     extern E:\3.46\pic18-lt\cxx-framework\src\traditional\proc\p18f4620.asm
                   PLUSW0   0x000feb       data     extern E:\3.46\pic18-lt\cxx-framework\src\traditional\proc\p18f4620.asm
                  PREINC0   0x000fec       data     extern E:\3.46\pic18-lt\cxx-framework\src\traditional\proc\p18f4620.asm
                 POSTDEC0   0x000fed       data     extern E:\3.46\pic18-lt\cxx-framework\src\traditional\proc\p18f4620.asm
                 POSTINC0   0x000fee       data     extern E:\3.46\pic18-lt\cxx-framework\src\traditional\proc\p18f4620.asm
                    INDF0   0x000fef       data     extern E:\3.46\pic18-lt\cxx-framework\src\traditional\proc\p18f4620.asm
              INTCON3bits   0x000ff0       data     extern E:\3.46\pic18-lt\cxx-framework\src\traditional\proc\p18f4620.asm
                  INTCON3   0x000ff0       data     extern E:\3.46\pic18-lt\cxx-framework\src\traditional\proc\p18f4620.asm
                  INTCON2   0x000ff1       data     extern E:\3.46\pic18-lt\cxx-framework\src\traditional\proc\p18f4620.asm
              INTCON2bits   0x000ff1       data     extern E:\3.46\pic18-lt\cxx-framework\src\traditional\proc\p18f4620.asm
                   INTCON   0x000ff2       data     extern E:\3.46\pic18-lt\cxx-framework\src\traditional\proc\p18f4620.asm
               INTCONbits   0x000ff2       data     extern E:\3.46\pic18-lt\cxx-framework\src\traditional\proc\p18f4620.asm
                     PROD   0x000ff3       data     extern E:\3.46\pic18-lt\cxx-framework\src\traditional\proc\p18f4620.asm
                    PRODL   0x000ff3       data     extern E:\3.46\pic18-lt\cxx-framework\src\traditional\proc\p18f4620.asm
                    PRODH   0x000ff4       data     extern E:\3.46\pic18-lt\cxx-framework\src\traditional\proc\p18f4620.asm
                   TABLAT   0x000ff5       data     extern E:\3.46\pic18-lt\cxx-framework\src\traditional\proc\p18f4620.asm
                  TBLPTRL   0x000ff6       data     extern E:\3.46\pic18-lt\cxx-framework\src\traditional\proc\p18f4620.asm
                   TBLPTR   0x000ff6       data     extern E:\3.46\pic18-lt\cxx-framework\src\traditional\proc\p18f4620.asm
                  TBLPTRH   0x000ff7       data     extern E:\3.46\pic18-lt\cxx-framework\src\traditional\proc\p18f4620.asm
                  TBLPTRU   0x000ff8       data     extern E:\3.46\pic18-lt\cxx-framework\src\traditional\proc\p18f4620.asm
                       PC   0x000ff9       data     extern E:\3.46\pic18-lt\cxx-framework\src\traditional\proc\p18f4620.asm
                      PCL   0x000ff9       data     extern E:\3.46\pic18-lt\cxx-framework\src\traditional\proc\p18f4620.asm
                   PCLATH   0x000ffa       data     extern E:\3.46\pic18-lt\cxx-framework\src\traditional\proc\p18f4620.asm
                   PCLATU   0x000ffb       data     extern E:\3.46\pic18-lt\cxx-framework\src\traditional\proc\p18f4620.asm
                   STKPTR   0x000ffc       data     extern E:\3.46\pic18-lt\cxx-framework\src\traditional\proc\p18f4620.asm
               STKPTRbits   0x000ffc       data     extern E:\3.46\pic18-lt\cxx-framework\src\traditional\proc\p18f4620.asm
                      TOS   0x000ffd       data     extern E:\3.46\pic18-lt\cxx-framework\src\traditional\proc\p18f4620.asm
                     TOSL   0x000ffd       data     extern E:\3.46\pic18-lt\cxx-framework\src\traditional\proc\p18f4620.asm
                     TOSH   0x000ffe       data     extern E:\3.46\pic18-lt\cxx-framework\src\traditional\proc\p18f4620.asm
                     TOSU   0x000fff       data     extern E:\3.46\pic18-lt\cxx-framework\src\traditional\proc\p18f4620.asm


