MPLINK 5.00, LINKER
Linker Map File - Created Sat Nov 27 07:30:37 2021

                                 Section Info
                  Section       Type    Address   Location Size(Bytes)
                ---------  ---------  ---------  ---------  ---------
               _entry_scn       code   0x000000    program   0x000006
           .code___init.o       code   0x000006    program   0x000002
      InterruptVectorHigh       code   0x000008    program   0x000006
     .idata_interrupt.o_i    romdata   0x00000e    program   0x000004
       InterruptVectorLow       code   0x000018    program   0x000006
                   .cinit    romdata   0x00001e    program   0x00004a
             .code_main.o       code   0x000068    program   0x0011ac
              .code_lcd.o       code   0x001214    program   0x000e20
            .code_timer.o       code   0x002034    program   0x00051c
           .code_button.o       code   0x002550    program   0x00046c
              .code_i2c.o       code   0x0029bc    program   0x00027c
        .code_interrupt.o       code   0x002c38    program   0x0001c4
                     PROG       code   0x002dfc    program   0x0000a6
               _cinit_scn       code   0x002ea2    program   0x00009e
             .stringtable    romdata   0x002f40    program   0x000083
      .romdata_fxd2424u.o    romdata   0x002fc3    program   0x000000
      .idata_fxd3232u.o_i    romdata   0x002fc3    program   0x000000
      .idata_fxd2424u.o_i    romdata   0x002fc3    program   0x000000
      .romdata_fxd1616u.o    romdata   0x002fc3    program   0x000000
      .romdata_fxd3232u.o    romdata   0x002fc3    program   0x000000
      .idata_fxd1616u.o_i    romdata   0x002fc3    program   0x000000
       .idata_fxm3232.o_i    romdata   0x002fc3    program   0x000000
       .romdata_fxm3232.o    romdata   0x002fc3    program   0x000000
      .romdata_fxd0808u.o    romdata   0x002fc3    program   0x000000
      .idata_fxd0808u.o_i    romdata   0x002fc3    program   0x000000
        .idata___init.o_i    romdata   0x002fc3    program   0x000000
        .romdata___init.o    romdata   0x002fc3    program   0x000000
         .idata_c018i.o_i    romdata   0x002fc3    program   0x000000
         .romdata_c018i.o    romdata   0x002fc3    program   0x000000
         .romdata_timer.o    romdata   0x002fc3    program   0x000000
        .romdata_button.o    romdata   0x002fc3    program   0x000000
           .romdata_i2c.o    romdata   0x002fc3    program   0x000000
           .romdata_lcd.o    romdata   0x002fc3    program   0x000000
          .romdata_main.o    romdata   0x002fc3    program   0x000000
     .romdata_interrupt.o    romdata   0x002fc3    program   0x000000
            .code_c018i.o       code   0x002fc4    program   0x000000
          .code_fxm3232.o       code   0x002fc4    program   0x000070
         .code_fxd3232u.o       code   0x003034    program   0x000048
         .code_fxd2424u.o       code   0x00307c    program   0x00003a
         .code_fxd1616u.o       code   0x0030b6    program   0x00002c
                    .code       code   0x0030e2    program   0x000020
             _startup_scn       code   0x003102    program   0x00001c
         .code_fxd0808u.o       code   0x00311e    program   0x00001c
         .idata_timer.o_i    romdata   0x00313a    program   0x000020
          .idata_main.o_i    romdata   0x00315a    program   0x000013
           .idata_lcd.o_i    romdata   0x00316d    program   0x000061
           .idata_i2c.o_i    romdata   0x0031ce    program   0x00001c
        .idata_button.o_i    romdata   0x0031ea    program   0x000028
    .config_300001_main.o    romdata   0x300001    program   0x000001
    .config_300002_main.o    romdata   0x300002    program   0x000001
    .config_300003_main.o    romdata   0x300003    program   0x000001
    .config_300005_main.o    romdata   0x300005    program   0x000001
    .config_300006_main.o    romdata   0x300006    program   0x000001
    .config_300008_main.o    romdata   0x300008    program   0x000001
    .config_300009_main.o    romdata   0x300009    program   0x000001
    .config_30000a_main.o    romdata   0x30000a    program   0x000001
    .config_30000b_main.o    romdata   0x30000b    program   0x000001
    .config_30000c_main.o    romdata   0x30000c    program   0x000001
    .config_30000d_main.o    romdata   0x30000d    program   0x000001
                MATH_DATA      udata   0x000000       data   0x000010
                 .tmpdata      udata   0x000010       data   0x00000a
             .idata_lcd.o      idata   0x000080       data   0x000061
             .idata_i2c.o      idata   0x0000e1       data   0x00001c
             .udata_i2c.o      udata   0x0000fd       data   0x000001
        .idata_fxd2424u.o      idata   0x0000fe       data   0x000000
        .udata_fxd2424u.o      udata   0x0000fe       data   0x000000
        .idata_fxd1616u.o      idata   0x0000fe       data   0x000000
        .udata_fxd1616u.o      udata   0x0000fe       data   0x000000
        .idata_fxd0808u.o      idata   0x0000fe       data   0x000000
        .udata_fxd0808u.o      udata   0x0000fe       data   0x000000
        .udata_fxd3232u.o      udata   0x0000fe       data   0x000000
        .idata_fxd3232u.o      idata   0x0000fe       data   0x000000
            .udata_main.o      udata   0x0000fe       data   0x000000
         .udata_fxm3232.o      udata   0x0000fe       data   0x000000
           .udata_timer.o      udata   0x0000fe       data   0x000000
         .idata_fxm3232.o      idata   0x0000fe       data   0x000000
       .udata_interrupt.o      udata   0x0000fe       data   0x000000
          .udata___init.o      udata   0x0000fe       data   0x000000
          .idata___init.o      idata   0x0000fe       data   0x000000
          .udata_button.o      udata   0x0000fe       data   0x000000
           .idata_c018i.o      idata   0x0000fe       data   0x000000
                   .stack      udata   0x000e00       data   0x000100
          .idata_button.o      idata   0x000f00       data   0x000028
           .idata_timer.o      idata   0x000f28       data   0x000020
            .idata_main.o      idata   0x000f48       data   0x000013
           .udata_c018i.o      udata   0x000f5b       data   0x00000a
             .udata_lcd.o      udata   0x000f65       data   0x000004
       .idata_interrupt.o      idata   0x000f69       data   0x000004
            SFR_UNBANKED0      udata   0x000f80       data   0x000080



                              Program Memory Usage 
                               Start         End      
                           ---------   ---------      
                            0x000000    0x000011      
                            0x000018    0x002fc2      
                            0x002fc4    0x003211      
                            0x300001    0x300003      
                            0x300005    0x300006      
                            0x300008    0x30000d      
            12822 out of 66584 program addresses used, program memory utilization is 19%



                              Symbols - Sorted by Name
                     Name    Address   Location    Storage File                     
                ---------  ---------  ---------  --------- ---------                
                    Alarm   0x00117a    program     extern D:\GitHub\TKLL\TKLL\Bai10_I2C_Full\main.c
                  BCD2Dec   0x0029bc    program     extern D:\GitHub\TKLL\TKLL\Bai10_I2C_Full\i2c\i2c.c
               BaiTap_I2C   0x000324    program     extern D:\GitHub\TKLL\TKLL\Bai10_I2C_Full\main.c
              CompareTime   0x00115c    program     extern D:\GitHub\TKLL\TKLL\Bai10_I2C_Full\main.c
                   D1616S   0x002e1e    program     static E:\3.46\pic18-lt\cxx-framework\src\traditional\math\fxd1616s.asm
                D1616SNEG   0x002e2c    program     static E:\3.46\pic18-lt\cxx-framework\src\traditional\math\fxd1616s.asm
                 D1616SOK   0x002e28    program     static E:\3.46\pic18-lt\cxx-framework\src\traditional\math\fxd1616s.asm
                  D1616SX   0x002e3e    program     static E:\3.46\pic18-lt\cxx-framework\src\traditional\math\fxd1616s.asm
                   D2424S   0x002e72    program     static E:\3.46\pic18-lt\cxx-framework\src\traditional\math\fxd2424s.asm
                D2424SNEG   0x002e80    program     static E:\3.46\pic18-lt\cxx-framework\src\traditional\math\fxd2424s.asm
                 D2424SOK   0x002e7c    program     static E:\3.46\pic18-lt\cxx-framework\src\traditional\math\fxd2424s.asm
                  D2424SX   0x002e98    program     static E:\3.46\pic18-lt\cxx-framework\src\traditional\math\fxd2424s.asm
                  DA1616S   0x002e0e    program     static E:\3.46\pic18-lt\cxx-framework\src\traditional\math\fxd1616s.asm
                  DA2424S   0x002e5e    program     static E:\3.46\pic18-lt\cxx-framework\src\traditional\math\fxd2424s.asm
                  Dec2BCD   0x0029fa    program     extern D:\GitHub\TKLL\TKLL\Bai10_I2C_Full\i2c\i2c.c
         DisplayAlarmTime   0x0008c2    program     extern D:\GitHub\TKLL\TKLL\Bai10_I2C_Full\main.c
         DisplayLcdScreen   0x001b52    program     extern D:\GitHub\TKLL\TKLL\Bai10_I2C_Full\lcd\lcd.c
        DisplayLcdScreen2   0x001c4a    program     extern D:\GitHub\TKLL\TKLL\Bai10_I2C_Full\lcd\lcd.c
      DisplayLcdScreenOld   0x001cd0    program     extern D:\GitHub\TKLL\TKLL\Bai10_I2C_Full\lcd\lcd.c
              DisplayTime   0x0004b8    program     extern D:\GitHub\TKLL\TKLL\Bai10_I2C_Full\main.c
                 FXD0808U   0x00311e    program     extern E:\3.46\pic18-lt\cxx-framework\src\traditional\math\fxd0808u.c
                 FXD1616S   0x002dfc    program     extern E:\3.46\pic18-lt\cxx-framework\src\traditional\math\fxd1616s.asm
                 FXD1616U   0x0030b6    program     extern E:\3.46\pic18-lt\cxx-framework\src\traditional\math\fxd1616u.c
                 FXD2424S   0x002e48    program     extern E:\3.46\pic18-lt\cxx-framework\src\traditional\math\fxd2424s.asm
                 FXD2424U   0x00307c    program     extern E:\3.46\pic18-lt\cxx-framework\src\traditional\math\fxd2424u.c
                 FXD3232U   0x003034    program     extern E:\3.46\pic18-lt\cxx-framework\src\traditional\math\fxd3232u.c
                  FXM3232   0x002fc4    program     extern E:\3.46\pic18-lt\cxx-framework\src\traditional\math\fxm3232.c
      InterruptVectorHigh   0x000008    program     extern D:\GitHub\TKLL\TKLL\Bai10_I2C_Full\interrupt\interrupt.c
       InterruptVectorLow   0x000018    program     extern D:\GitHub\TKLL\TKLL\Bai10_I2C_Full\interrupt\interrupt.c
                LcdClearS   0x001af4    program     extern D:\GitHub\TKLL\TKLL\Bai10_I2C_Full\lcd\lcd.c
            LcdPrintCharS   0x001d3a    program     extern D:\GitHub\TKLL\TKLL\Bai10_I2C_Full\lcd\lcd.c
              LcdPrintNum   0x001a32    program     extern D:\GitHub\TKLL\TKLL\Bai10_I2C_Full\lcd\lcd.c
             LcdPrintNumS   0x001d90    program     extern D:\GitHub\TKLL\TKLL\Bai10_I2C_Full\lcd\lcd.c
           LcdPrintString   0x001a7a    program     extern D:\GitHub\TKLL\TKLL\Bai10_I2C_Full\lcd\lcd.c
          LcdPrintStringS   0x001fde    program     extern D:\GitHub\TKLL\TKLL\Bai10_I2C_Full\lcd\lcd.c
       ReadDataFromDS1307   0x0002ea    program     extern D:\GitHub\TKLL\TKLL\Bai10_I2C_Full\main.c
              Read_DS1307   0x002c1e    program     extern D:\GitHub\TKLL\TKLL\Bai10_I2C_Full\i2c\i2c.c
             SetTimer0_ms   0x0024b0    program     extern D:\GitHub\TKLL\TKLL\Bai10_I2C_Full\timer\timer.c
             SetTimer1_ms   0x0024d4    program     extern D:\GitHub\TKLL\TKLL\Bai10_I2C_Full\timer\timer.c
             SetTimer3_ms   0x002512    program     extern D:\GitHub\TKLL\TKLL\Bai10_I2C_Full\timer\timer.c
               SetUpAlarm   0x000e6a    program     extern D:\GitHub\TKLL\TKLL\Bai10_I2C_Full\main.c
                SetUpTime   0x000a5a    program     extern D:\GitHub\TKLL\TKLL\Bai10_I2C_Full\main.c
     SetupForFirstProgram   0x000290    program     extern D:\GitHub\TKLL\TKLL\Bai10_I2C_Full\main.c
     SetupTimeForRealTime   0x000202    program     extern D:\GitHub\TKLL\TKLL\Bai10_I2C_Full\main.c
             Write_DS1307   0x002bfc    program     extern D:\GitHub\TKLL\TKLL\Bai10_I2C_Full\i2c\i2c.c
       ___return_lbl00000   0x003032    program     static                          
       ___return_lbl00000   0x000004    program     static                          
       ___return_lbl00000   0x00307a    program     static                          
       ___return_lbl00000   0x0030b4    program     static                          
       ___return_lbl00000   0x0030e0    program     static                          
       ___return_lbl00000   0x003138    program     static                          
       ___return_lbl00001   0x00311c    program     static                          
       ___return_lbl00002   0x00001c    program     static                          
       ___return_lbl00002   0x002f3e    program     static                          
       ___return_lbl00003   0x00000c    program     static                          
               __config_0   0x300001    program     static D:\GitHub\TKLL\TKLL\Bai10_I2C_Full\main.c
               __config_1   0x300002    program     static D:\GitHub\TKLL\TKLL\Bai10_I2C_Full\main.c
              __config_10   0x30000d    program     static D:\GitHub\TKLL\TKLL\Bai10_I2C_Full\main.c
               __config_2   0x300003    program     static D:\GitHub\TKLL\TKLL\Bai10_I2C_Full\main.c
               __config_3   0x300005    program     static D:\GitHub\TKLL\TKLL\Bai10_I2C_Full\main.c
               __config_4   0x300006    program     static D:\GitHub\TKLL\TKLL\Bai10_I2C_Full\main.c
               __config_5   0x300008    program     static D:\GitHub\TKLL\TKLL\Bai10_I2C_Full\main.c
               __config_6   0x300009    program     static D:\GitHub\TKLL\TKLL\Bai10_I2C_Full\main.c
               __config_7   0x30000a    program     static D:\GitHub\TKLL\TKLL\Bai10_I2C_Full\main.c
               __config_8   0x30000b    program     static D:\GitHub\TKLL\TKLL\Bai10_I2C_Full\main.c
               __config_9   0x30000c    program     static D:\GitHub\TKLL\TKLL\Bai10_I2C_Full\main.c
                   __init   0x000006    program     extern E:\3.46\pic18-lt\cxx-framework\src\traditional\stdclib\__init.c
               __string_0   0x002fb7    program     static D:\GitHub\TKLL\TKLL\Bai10_I2C_Full\main.c
               __string_1   0x002fb3    program     static D:\GitHub\TKLL\TKLL\Bai10_I2C_Full\main.c
              __string_10   0x002f93    program     static D:\GitHub\TKLL\TKLL\Bai10_I2C_Full\main.c
              __string_11   0x002f8f    program     static D:\GitHub\TKLL\TKLL\Bai10_I2C_Full\main.c
              __string_12   0x002f8b    program     static D:\GitHub\TKLL\TKLL\Bai10_I2C_Full\main.c
              __string_13   0x002f87    program     static D:\GitHub\TKLL\TKLL\Bai10_I2C_Full\main.c
              __string_14   0x002f83    program     static D:\GitHub\TKLL\TKLL\Bai10_I2C_Full\main.c
              __string_15   0x002f7f    program     static D:\GitHub\TKLL\TKLL\Bai10_I2C_Full\main.c
              __string_16   0x002f7b    program     static D:\GitHub\TKLL\TKLL\Bai10_I2C_Full\main.c
              __string_17   0x002f77    program     static D:\GitHub\TKLL\TKLL\Bai10_I2C_Full\main.c
              __string_18   0x002f73    program     static D:\GitHub\TKLL\TKLL\Bai10_I2C_Full\main.c
              __string_19   0x002f6f    program     static D:\GitHub\TKLL\TKLL\Bai10_I2C_Full\main.c
               __string_2   0x002faf    program     static D:\GitHub\TKLL\TKLL\Bai10_I2C_Full\main.c
              __string_20   0x002f6b    program     static D:\GitHub\TKLL\TKLL\Bai10_I2C_Full\main.c
              __string_21   0x002f67    program     static D:\GitHub\TKLL\TKLL\Bai10_I2C_Full\main.c
              __string_22   0x002f63    program     static D:\GitHub\TKLL\TKLL\Bai10_I2C_Full\main.c
              __string_23   0x002f5f    program     static D:\GitHub\TKLL\TKLL\Bai10_I2C_Full\main.c
              __string_24   0x002f5d    program     static D:\GitHub\TKLL\TKLL\Bai10_I2C_Full\main.c
              __string_25   0x002f4c    program     static D:\GitHub\TKLL\TKLL\Bai10_I2C_Full\main.c
              __string_26   0x002f49    program     static D:\GitHub\TKLL\TKLL\Bai10_I2C_Full\main.c
              __string_27   0x002f45    program     static D:\GitHub\TKLL\TKLL\Bai10_I2C_Full\main.c
              __string_28   0x002f40    program     static D:\GitHub\TKLL\TKLL\Bai10_I2C_Full\main.c
               __string_3   0x002fab    program     static D:\GitHub\TKLL\TKLL\Bai10_I2C_Full\main.c
               __string_4   0x002fa7    program     static D:\GitHub\TKLL\TKLL\Bai10_I2C_Full\main.c
               __string_5   0x002fa3    program     static D:\GitHub\TKLL\TKLL\Bai10_I2C_Full\main.c
               __string_6   0x002f9f    program     static D:\GitHub\TKLL\TKLL\Bai10_I2C_Full\main.c
               __string_7   0x002f9b    program     static D:\GitHub\TKLL\TKLL\Bai10_I2C_Full\main.c
               __string_8   0x002f99    program     static D:\GitHub\TKLL\TKLL\Bai10_I2C_Full\main.c
               __string_9   0x002f97    program     static D:\GitHub\TKLL\TKLL\Bai10_I2C_Full\main.c
            __zero_memory   0x0030e2    program     extern E:\3.46\pic18-lt\cxx-framework\src\traditional\proc\p18f4620.asm
                _do_cinit   0x002ea2    program     extern E:\3.46\pic18-lt\cxx-framework\src\traditional\startup\c018i.c
                   _entry   0x000000    program     extern E:\3.46\pic18-lt\cxx-framework\src\traditional\startup\c018i.c
                   _false   0x0030b0    program     static                          
                   _false   0x003076    program     static                          
                 _startup   0x003102    program     extern E:\3.46\pic18-lt\cxx-framework\src\traditional\startup\c018i.c
          button_delay_ms   0x00280e    program     extern D:\GitHub\TKLL\TKLL\Bai10_I2C_Full\button_matrix\button.c
                compare_l   0x0030f8    program     static E:\3.46\pic18-lt\cxx-framework\src\traditional\proc\p18f4620.asm
                copy_loop   0x002f14    program     static                          
            copy_one_byte   0x002f1a    program     static                          
                delay_i2c   0x002a56    program     extern D:\GitHub\TKLL\TKLL\Bai10_I2C_Full\i2c\i2c.c
                 delay_ms   0x0000fe    program     extern D:\GitHub\TKLL\TKLL\Bai10_I2C_Full\main.c
                     done   0x002f3e    program     static                          
             done_copying   0x002f28    program     static                          
                  endloop   0x003134    program     static                          
                  endloop   0x0030dc    program     static                          
                 high_isr   0x002d2c    program     extern D:\GitHub\TKLL\TKLL\Bai10_I2C_Full\interrupt\interrupt.c
            i2c_read_byte   0x002b0e    program     extern D:\GitHub\TKLL\TKLL\Bai10_I2C_Full\i2c\i2c.c
           i2c_start_cond   0x002a7e    program     extern D:\GitHub\TKLL\TKLL\Bai10_I2C_Full\i2c\i2c.c
            i2c_stop_cond   0x002a92    program     extern D:\GitHub\TKLL\TKLL\Bai10_I2C_Full\i2c\i2c.c
           i2c_write_byte   0x002a9e    program     extern D:\GitHub\TKLL\TKLL\Bai10_I2C_Full\i2c\i2c.c
            init_ext_int0   0x002c40    program     extern D:\GitHub\TKLL\TKLL\Bai10_I2C_Full\interrupt\interrupt.c
                 init_i2c   0x002a50    program     extern D:\GitHub\TKLL\TKLL\Bai10_I2C_Full\i2c\i2c.c
           init_interrupt   0x002c38    program     extern D:\GitHub\TKLL\TKLL\Bai10_I2C_Full\interrupt\interrupt.c
          init_key_matrix   0x002550    program     extern D:\GitHub\TKLL\TKLL\Bai10_I2C_Full\button_matrix\button.c
init_key_matrix_with_uart_i2c   0x002558    program     extern D:\GitHub\TKLL\TKLL\Bai10_I2C_Full\button_matrix\button.c
                 init_lcd   0x0013b4    program     extern D:\GitHub\TKLL\TKLL\Bai10_I2C_Full\lcd\lcd.c
              init_system   0x000186    program     extern D:\GitHub\TKLL\TKLL\Bai10_I2C_Full\main.c
              init_timer0   0x002034    program     extern D:\GitHub\TKLL\TKLL\Bai10_I2C_Full\timer\timer.c
              init_timer1   0x002178    program     extern D:\GitHub\TKLL\TKLL\Bai10_I2C_Full\timer\timer.c
              init_timer2   0x0022c2    program     extern D:\GitHub\TKLL\TKLL\Bai10_I2C_Full\timer\timer.c
              init_timer3   0x0022fa    program     extern D:\GitHub\TKLL\TKLL\Bai10_I2C_Full\timer\timer.c
            isButtonAlarm   0x0010b4    program     extern D:\GitHub\TKLL\TKLL\Bai10_I2C_Full\main.c
        isButtonAlarmHold   0x0010c4    program     extern D:\GitHub\TKLL\TKLL\Bai10_I2C_Full\main.c
         isButtonDecrease   0x001118    program     extern D:\GitHub\TKLL\TKLL\Bai10_I2C_Full\main.c
         isButtonIncrease   0x0010d4    program     extern D:\GitHub\TKLL\TKLL\Bai10_I2C_Full\main.c
             isButtonMode   0x001094    program     extern D:\GitHub\TKLL\TKLL\Bai10_I2C_Full\main.c
         isButtonModeHold   0x0010a4    program     extern D:\GitHub\TKLL\TKLL\Bai10_I2C_Full\main.c
                lcd_clear   0x001706    program     extern D:\GitHub\TKLL\TKLL\Bai10_I2C_Full\lcd\lcd.c
                lcd_delay   0x001214    program     extern D:\GitHub\TKLL\TKLL\Bai10_I2C_Full\lcd\lcd.c
             lcd_power_of   0x00171a    program     extern D:\GitHub\TKLL\TKLL\Bai10_I2C_Full\lcd\lcd.c
           lcd_print_char   0x001672    program     extern D:\GitHub\TKLL\TKLL\Bai10_I2C_Full\lcd\lcd.c
          lcd_print_charS   0x001aae    program     extern D:\GitHub\TKLL\TKLL\Bai10_I2C_Full\lcd\lcd.c
            lcd_print_num   0x0017fc    program     extern D:\GitHub\TKLL\TKLL\Bai10_I2C_Full\lcd\lcd.c
            lcd_print_str   0x00168c    program     extern D:\GitHub\TKLL\TKLL\Bai10_I2C_Full\lcd\lcd.c
              lcd_putchar   0x001658    program     extern D:\GitHub\TKLL\TKLL\Bai10_I2C_Full\lcd\lcd.c
          lcd_read_status   0x0014c2    program     extern D:\GitHub\TKLL\TKLL\Bai10_I2C_Full\lcd\lcd.c
          lcd_sendCommand   0x001334    program     extern D:\GitHub\TKLL\TKLL\Bai10_I2C_Full\lcd\lcd.c
           lcd_set_cursor   0x0016cc    program     extern D:\GitHub\TKLL\TKLL\Bai10_I2C_Full\lcd\lcd.c
            lcd_wait_busy   0x001578    program     extern D:\GitHub\TKLL\TKLL\Bai10_I2C_Full\lcd\lcd.c
          lcd_write_4bits   0x001598    program     extern D:\GitHub\TKLL\TKLL\Bai10_I2C_Full\lcd\lcd.c
            lcd_write_cmd   0x0015de    program     extern D:\GitHub\TKLL\TKLL\Bai10_I2C_Full\lcd\lcd.c
           lcd_write_data   0x00161a    program     extern D:\GitHub\TKLL\TKLL\Bai10_I2C_Full\lcd\lcd.c
                     loop   0x003112    program     static                          
                     loop   0x003042    program     static                          
                     loop   0x003088    program     static                          
                     loop   0x0030c0    program     static                          
                     loop   0x003126    program     static                          
                   loop_h   0x0030f0    program     static E:\3.46\pic18-lt\cxx-framework\src\traditional\proc\p18f4620.asm
                   loop_l   0x0030fa    program     static E:\3.46\pic18-lt\cxx-framework\src\traditional\proc\p18f4620.asm
                  low_isr   0x002c48    program     extern D:\GitHub\TKLL\TKLL\Bai10_I2C_Full\interrupt\interrupt.c
                     main   0x000068    program     extern D:\GitHub\TKLL\TKLL\Bai10_I2C_Full\main.c
              read_ds1307   0x002bb2    program     extern D:\GitHub\TKLL\TKLL\Bai10_I2C_Full\i2c\i2c.c
             read_sda_pin   0x002a78    program     extern D:\GitHub\TKLL\TKLL\Bai10_I2C_Full\i2c\i2c.c
          scan_key_matrix   0x002568    program     extern D:\GitHub\TKLL\TKLL\Bai10_I2C_Full\button_matrix\button.c
     scan_key_matrix_demo   0x002896    program     extern D:\GitHub\TKLL\TKLL\Bai10_I2C_Full\button_matrix\button.c
scan_key_matrix_with_uart_i2c   0x0026c6    program     extern D:\GitHub\TKLL\TKLL\Bai10_I2C_Full\button_matrix\button.c
             start_timer0   0x0020ec    program     extern D:\GitHub\TKLL\TKLL\Bai10_I2C_Full\timer\timer.c
             start_timer1   0x002232    program     extern D:\GitHub\TKLL\TKLL\Bai10_I2C_Full\timer\timer.c
             start_timer2   0x0022ee    program     extern D:\GitHub\TKLL\TKLL\Bai10_I2C_Full\timer\timer.c
             start_timer3   0x0023b0    program     extern D:\GitHub\TKLL\TKLL\Bai10_I2C_Full\timer\timer.c
              stop_timer0   0x0020e8    program     extern D:\GitHub\TKLL\TKLL\Bai10_I2C_Full\timer\timer.c
              stop_timer1   0x0022be    program     extern D:\GitHub\TKLL\TKLL\Bai10_I2C_Full\timer\timer.c
              stop_timer2   0x0022f6    program     extern D:\GitHub\TKLL\TKLL\Bai10_I2C_Full\timer\timer.c
              stop_timer3   0x00243c    program     extern D:\GitHub\TKLL\TKLL\Bai10_I2C_Full\timer\timer.c
                     test   0x002ebc    program     static                          
               timer0_isr   0x002440    program     extern D:\GitHub\TKLL\TKLL\Bai10_I2C_Full\timer\timer.c
               timer1_isr   0x00245c    program     extern D:\GitHub\TKLL\TKLL\Bai10_I2C_Full\timer\timer.c
               timer2_isr   0x002478    program     extern D:\GitHub\TKLL\TKLL\Bai10_I2C_Full\timer\timer.c
               timer3_isr   0x002494    program     extern D:\GitHub\TKLL\TKLL\Bai10_I2C_Full\timer\timer.c
                 v_timer0   0x0012a4    program     extern D:\GitHub\TKLL\TKLL\Bai10_I2C_Full\lcd\lcd.c
             write_ds1307   0x002b7c    program     extern D:\GitHub\TKLL\TKLL\Bai10_I2C_Full\i2c\i2c.c
               zero_block   0x0030f0    program     static E:\3.46\pic18-lt\cxx-framework\src\traditional\proc\p18f4620.asm
                   ADCON0   0x000fc2       data     extern E:\3.46\pic18-lt\cxx-framework\src\traditional\proc\p18f4620.asm
               ADCON0bits   0x000fc2       data     extern E:\3.46\pic18-lt\cxx-framework\src\traditional\proc\p18f4620.asm
                   ADCON1   0x000fc1       data     extern E:\3.46\pic18-lt\cxx-framework\src\traditional\proc\p18f4620.asm
               ADCON1bits   0x000fc1       data     extern E:\3.46\pic18-lt\cxx-framework\src\traditional\proc\p18f4620.asm
                   ADCON2   0x000fc0       data     extern E:\3.46\pic18-lt\cxx-framework\src\traditional\proc\p18f4620.asm
               ADCON2bits   0x000fc0       data     extern E:\3.46\pic18-lt\cxx-framework\src\traditional\proc\p18f4620.asm
                    ADRES   0x000fc3       data     extern E:\3.46\pic18-lt\cxx-framework\src\traditional\proc\p18f4620.asm
                   ADRESH   0x000fc4       data     extern E:\3.46\pic18-lt\cxx-framework\src\traditional\proc\p18f4620.asm
                   ADRESL   0x000fc3       data     extern E:\3.46\pic18-lt\cxx-framework\src\traditional\proc\p18f4620.asm
                  BAUDCON   0x000fb8       data     extern E:\3.46\pic18-lt\cxx-framework\src\traditional\proc\p18f4620.asm
              BAUDCONbits   0x000fb8       data     extern E:\3.46\pic18-lt\cxx-framework\src\traditional\proc\p18f4620.asm
                  BAUDCTL   0x000fb8       data     extern E:\3.46\pic18-lt\cxx-framework\src\traditional\proc\p18f4620.asm
              BAUDCTLbits   0x000fb8       data     extern E:\3.46\pic18-lt\cxx-framework\src\traditional\proc\p18f4620.asm
                      BSR   0x000fe0       data     extern E:\3.46\pic18-lt\cxx-framework\src\traditional\proc\p18f4620.asm
                  CCP1CON   0x000fbd       data     extern E:\3.46\pic18-lt\cxx-framework\src\traditional\proc\p18f4620.asm
              CCP1CONbits   0x000fbd       data     extern E:\3.46\pic18-lt\cxx-framework\src\traditional\proc\p18f4620.asm
                  CCP2CON   0x000fba       data     extern E:\3.46\pic18-lt\cxx-framework\src\traditional\proc\p18f4620.asm
              CCP2CONbits   0x000fba       data     extern E:\3.46\pic18-lt\cxx-framework\src\traditional\proc\p18f4620.asm
                    CCPR1   0x000fbe       data     extern E:\3.46\pic18-lt\cxx-framework\src\traditional\proc\p18f4620.asm
                   CCPR1H   0x000fbf       data     extern E:\3.46\pic18-lt\cxx-framework\src\traditional\proc\p18f4620.asm
                   CCPR1L   0x000fbe       data     extern E:\3.46\pic18-lt\cxx-framework\src\traditional\proc\p18f4620.asm
                    CCPR2   0x000fbb       data     extern E:\3.46\pic18-lt\cxx-framework\src\traditional\proc\p18f4620.asm
                   CCPR2H   0x000fbc       data     extern E:\3.46\pic18-lt\cxx-framework\src\traditional\proc\p18f4620.asm
                   CCPR2L   0x000fbb       data     extern E:\3.46\pic18-lt\cxx-framework\src\traditional\proc\p18f4620.asm
                    CMCON   0x000fb4       data     extern E:\3.46\pic18-lt\cxx-framework\src\traditional\proc\p18f4620.asm
                CMCONbits   0x000fb4       data     extern E:\3.46\pic18-lt\cxx-framework\src\traditional\proc\p18f4620.asm
                   CVRCON   0x000fb5       data     extern E:\3.46\pic18-lt\cxx-framework\src\traditional\proc\p18f4620.asm
               CVRCONbits   0x000fb5       data     extern E:\3.46\pic18-lt\cxx-framework\src\traditional\proc\p18f4620.asm
                     DDRA   0x000f92       data     extern E:\3.46\pic18-lt\cxx-framework\src\traditional\proc\p18f4620.asm
                 DDRAbits   0x000f92       data     extern E:\3.46\pic18-lt\cxx-framework\src\traditional\proc\p18f4620.asm
                     DDRB   0x000f93       data     extern E:\3.46\pic18-lt\cxx-framework\src\traditional\proc\p18f4620.asm
                 DDRBbits   0x000f93       data     extern E:\3.46\pic18-lt\cxx-framework\src\traditional\proc\p18f4620.asm
                     DDRC   0x000f94       data     extern E:\3.46\pic18-lt\cxx-framework\src\traditional\proc\p18f4620.asm
                 DDRCbits   0x000f94       data     extern E:\3.46\pic18-lt\cxx-framework\src\traditional\proc\p18f4620.asm
                     DDRD   0x000f95       data     extern E:\3.46\pic18-lt\cxx-framework\src\traditional\proc\p18f4620.asm
                 DDRDbits   0x000f95       data     extern E:\3.46\pic18-lt\cxx-framework\src\traditional\proc\p18f4620.asm
                     DDRE   0x000f96       data     extern E:\3.46\pic18-lt\cxx-framework\src\traditional\proc\p18f4620.asm
                 DDREbits   0x000f96       data     extern E:\3.46\pic18-lt\cxx-framework\src\traditional\proc\p18f4620.asm
                  ECCP1AS   0x000fb6       data     extern E:\3.46\pic18-lt\cxx-framework\src\traditional\proc\p18f4620.asm
              ECCP1ASbits   0x000fb6       data     extern E:\3.46\pic18-lt\cxx-framework\src\traditional\proc\p18f4620.asm
                    EEADR   0x000fa9       data     extern E:\3.46\pic18-lt\cxx-framework\src\traditional\proc\p18f4620.asm
                   EEADRH   0x000faa       data     extern E:\3.46\pic18-lt\cxx-framework\src\traditional\proc\p18f4620.asm
                   EECON1   0x000fa6       data     extern E:\3.46\pic18-lt\cxx-framework\src\traditional\proc\p18f4620.asm
               EECON1bits   0x000fa6       data     extern E:\3.46\pic18-lt\cxx-framework\src\traditional\proc\p18f4620.asm
                   EECON2   0x000fa7       data     extern E:\3.46\pic18-lt\cxx-framework\src\traditional\proc\p18f4620.asm
                   EEDATA   0x000fa8       data     extern E:\3.46\pic18-lt\cxx-framework\src\traditional\proc\p18f4620.asm
                     FSR0   0x000fe9       data     extern E:\3.46\pic18-lt\cxx-framework\src\traditional\proc\p18f4620.asm
                    FSR0H   0x000fea       data     extern E:\3.46\pic18-lt\cxx-framework\src\traditional\proc\p18f4620.asm
                    FSR0L   0x000fe9       data     extern E:\3.46\pic18-lt\cxx-framework\src\traditional\proc\p18f4620.asm
                     FSR1   0x000fe1       data     extern E:\3.46\pic18-lt\cxx-framework\src\traditional\proc\p18f4620.asm
                    FSR1H   0x000fe2       data     extern E:\3.46\pic18-lt\cxx-framework\src\traditional\proc\p18f4620.asm
                    FSR1L   0x000fe1       data     extern E:\3.46\pic18-lt\cxx-framework\src\traditional\proc\p18f4620.asm
                     FSR2   0x000fd9       data     extern E:\3.46\pic18-lt\cxx-framework\src\traditional\proc\p18f4620.asm
                    FSR2H   0x000fda       data     extern E:\3.46\pic18-lt\cxx-framework\src\traditional\proc\p18f4620.asm
                    FSR2L   0x000fd9       data     extern E:\3.46\pic18-lt\cxx-framework\src\traditional\proc\p18f4620.asm
                  HLVDCON   0x000fd2       data     extern E:\3.46\pic18-lt\cxx-framework\src\traditional\proc\p18f4620.asm
              HLVDCONbits   0x000fd2       data     extern E:\3.46\pic18-lt\cxx-framework\src\traditional\proc\p18f4620.asm
                    INDF0   0x000fef       data     extern E:\3.46\pic18-lt\cxx-framework\src\traditional\proc\p18f4620.asm
                    INDF1   0x000fe7       data     extern E:\3.46\pic18-lt\cxx-framework\src\traditional\proc\p18f4620.asm
                    INDF2   0x000fdf       data     extern E:\3.46\pic18-lt\cxx-framework\src\traditional\proc\p18f4620.asm
                   INTCON   0x000ff2       data     extern E:\3.46\pic18-lt\cxx-framework\src\traditional\proc\p18f4620.asm
                  INTCON2   0x000ff1       data     extern E:\3.46\pic18-lt\cxx-framework\src\traditional\proc\p18f4620.asm
              INTCON2bits   0x000ff1       data     extern E:\3.46\pic18-lt\cxx-framework\src\traditional\proc\p18f4620.asm
                  INTCON3   0x000ff0       data     extern E:\3.46\pic18-lt\cxx-framework\src\traditional\proc\p18f4620.asm
              INTCON3bits   0x000ff0       data     extern E:\3.46\pic18-lt\cxx-framework\src\traditional\proc\p18f4620.asm
               INTCONbits   0x000ff2       data     extern E:\3.46\pic18-lt\cxx-framework\src\traditional\proc\p18f4620.asm
                     IPR1   0x000f9f       data     extern E:\3.46\pic18-lt\cxx-framework\src\traditional\proc\p18f4620.asm
                 IPR1bits   0x000f9f       data     extern E:\3.46\pic18-lt\cxx-framework\src\traditional\proc\p18f4620.asm
                     IPR2   0x000fa2       data     extern E:\3.46\pic18-lt\cxx-framework\src\traditional\proc\p18f4620.asm
                 IPR2bits   0x000fa2       data     extern E:\3.46\pic18-lt\cxx-framework\src\traditional\proc\p18f4620.asm
                     LATA   0x000f89       data     extern E:\3.46\pic18-lt\cxx-framework\src\traditional\proc\p18f4620.asm
                 LATAbits   0x000f89       data     extern E:\3.46\pic18-lt\cxx-framework\src\traditional\proc\p18f4620.asm
                     LATB   0x000f8a       data     extern E:\3.46\pic18-lt\cxx-framework\src\traditional\proc\p18f4620.asm
                 LATBbits   0x000f8a       data     extern E:\3.46\pic18-lt\cxx-framework\src\traditional\proc\p18f4620.asm
                     LATC   0x000f8b       data     extern E:\3.46\pic18-lt\cxx-framework\src\traditional\proc\p18f4620.asm
                 LATCbits   0x000f8b       data     extern E:\3.46\pic18-lt\cxx-framework\src\traditional\proc\p18f4620.asm
                     LATD   0x000f8c       data     extern E:\3.46\pic18-lt\cxx-framework\src\traditional\proc\p18f4620.asm
                 LATDbits   0x000f8c       data     extern E:\3.46\pic18-lt\cxx-framework\src\traditional\proc\p18f4620.asm
                     LATE   0x000f8d       data     extern E:\3.46\pic18-lt\cxx-framework\src\traditional\proc\p18f4620.asm
                 LATEbits   0x000f8d       data     extern E:\3.46\pic18-lt\cxx-framework\src\traditional\proc\p18f4620.asm
                   LVDCON   0x000fd2       data     extern E:\3.46\pic18-lt\cxx-framework\src\traditional\proc\p18f4620.asm
               LVDCONbits   0x000fd2       data     extern E:\3.46\pic18-lt\cxx-framework\src\traditional\proc\p18f4620.asm
                LcdScreen   0x0000c1       data     extern D:\GitHub\TKLL\TKLL\Bai10_I2C_Full\lcd\lcd.c
                   OSCCON   0x000fd3       data     extern E:\3.46\pic18-lt\cxx-framework\src\traditional\proc\p18f4620.asm
               OSCCONbits   0x000fd3       data     extern E:\3.46\pic18-lt\cxx-framework\src\traditional\proc\p18f4620.asm
                  OSCTUNE   0x000f9b       data     extern E:\3.46\pic18-lt\cxx-framework\src\traditional\proc\p18f4620.asm
              OSCTUNEbits   0x000f9b       data     extern E:\3.46\pic18-lt\cxx-framework\src\traditional\proc\p18f4620.asm
                       PC   0x000ff9       data     extern E:\3.46\pic18-lt\cxx-framework\src\traditional\proc\p18f4620.asm
                      PCL   0x000ff9       data     extern E:\3.46\pic18-lt\cxx-framework\src\traditional\proc\p18f4620.asm
                   PCLATH   0x000ffa       data     extern E:\3.46\pic18-lt\cxx-framework\src\traditional\proc\p18f4620.asm
                   PCLATU   0x000ffb       data     extern E:\3.46\pic18-lt\cxx-framework\src\traditional\proc\p18f4620.asm
                     PIE1   0x000f9d       data     extern E:\3.46\pic18-lt\cxx-framework\src\traditional\proc\p18f4620.asm
                 PIE1bits   0x000f9d       data     extern E:\3.46\pic18-lt\cxx-framework\src\traditional\proc\p18f4620.asm
                     PIE2   0x000fa0       data     extern E:\3.46\pic18-lt\cxx-framework\src\traditional\proc\p18f4620.asm
                 PIE2bits   0x000fa0       data     extern E:\3.46\pic18-lt\cxx-framework\src\traditional\proc\p18f4620.asm
                     PIR1   0x000f9e       data     extern E:\3.46\pic18-lt\cxx-framework\src\traditional\proc\p18f4620.asm
                 PIR1bits   0x000f9e       data     extern E:\3.46\pic18-lt\cxx-framework\src\traditional\proc\p18f4620.asm
                     PIR2   0x000fa1       data     extern E:\3.46\pic18-lt\cxx-framework\src\traditional\proc\p18f4620.asm
                 PIR2bits   0x000fa1       data     extern E:\3.46\pic18-lt\cxx-framework\src\traditional\proc\p18f4620.asm
                   PLUSW0   0x000feb       data     extern E:\3.46\pic18-lt\cxx-framework\src\traditional\proc\p18f4620.asm
                   PLUSW1   0x000fe3       data     extern E:\3.46\pic18-lt\cxx-framework\src\traditional\proc\p18f4620.asm
                   PLUSW2   0x000fdb       data     extern E:\3.46\pic18-lt\cxx-framework\src\traditional\proc\p18f4620.asm
                    PORTA   0x000f80       data     extern E:\3.46\pic18-lt\cxx-framework\src\traditional\proc\p18f4620.asm
                PORTAbits   0x000f80       data     extern E:\3.46\pic18-lt\cxx-framework\src\traditional\proc\p18f4620.asm
                    PORTB   0x000f81       data     extern E:\3.46\pic18-lt\cxx-framework\src\traditional\proc\p18f4620.asm
                PORTBbits   0x000f81       data     extern E:\3.46\pic18-lt\cxx-framework\src\traditional\proc\p18f4620.asm
                    PORTC   0x000f82       data     extern E:\3.46\pic18-lt\cxx-framework\src\traditional\proc\p18f4620.asm
                PORTCbits   0x000f82       data     extern E:\3.46\pic18-lt\cxx-framework\src\traditional\proc\p18f4620.asm
                    PORTD   0x000f83       data     extern E:\3.46\pic18-lt\cxx-framework\src\traditional\proc\p18f4620.asm
                PORTDbits   0x000f83       data     extern E:\3.46\pic18-lt\cxx-framework\src\traditional\proc\p18f4620.asm
                    PORTE   0x000f84       data     extern E:\3.46\pic18-lt\cxx-framework\src\traditional\proc\p18f4620.asm
                PORTEbits   0x000f84       data     extern E:\3.46\pic18-lt\cxx-framework\src\traditional\proc\p18f4620.asm
                 POSTDEC0   0x000fed       data     extern E:\3.46\pic18-lt\cxx-framework\src\traditional\proc\p18f4620.asm
                 POSTDEC1   0x000fe5       data     extern E:\3.46\pic18-lt\cxx-framework\src\traditional\proc\p18f4620.asm
                 POSTDEC2   0x000fdd       data     extern E:\3.46\pic18-lt\cxx-framework\src\traditional\proc\p18f4620.asm
                 POSTINC0   0x000fee       data     extern E:\3.46\pic18-lt\cxx-framework\src\traditional\proc\p18f4620.asm
                 POSTINC1   0x000fe6       data     extern E:\3.46\pic18-lt\cxx-framework\src\traditional\proc\p18f4620.asm
                 POSTINC2   0x000fde       data     extern E:\3.46\pic18-lt\cxx-framework\src\traditional\proc\p18f4620.asm
                      PR2   0x000fcb       data     extern E:\3.46\pic18-lt\cxx-framework\src\traditional\proc\p18f4620.asm
                  PREINC0   0x000fec       data     extern E:\3.46\pic18-lt\cxx-framework\src\traditional\proc\p18f4620.asm
                  PREINC1   0x000fe4       data     extern E:\3.46\pic18-lt\cxx-framework\src\traditional\proc\p18f4620.asm
                  PREINC2   0x000fdc       data     extern E:\3.46\pic18-lt\cxx-framework\src\traditional\proc\p18f4620.asm
                     PROD   0x000ff3       data     extern E:\3.46\pic18-lt\cxx-framework\src\traditional\proc\p18f4620.asm
                    PRODH   0x000ff4       data     extern E:\3.46\pic18-lt\cxx-framework\src\traditional\proc\p18f4620.asm
                    PRODL   0x000ff3       data     extern E:\3.46\pic18-lt\cxx-framework\src\traditional\proc\p18f4620.asm
                  PWM1CON   0x000fb7       data     extern E:\3.46\pic18-lt\cxx-framework\src\traditional\proc\p18f4620.asm
              PWM1CONbits   0x000fb7       data     extern E:\3.46\pic18-lt\cxx-framework\src\traditional\proc\p18f4620.asm
                     RCON   0x000fd0       data     extern E:\3.46\pic18-lt\cxx-framework\src\traditional\proc\p18f4620.asm
                 RCONbits   0x000fd0       data     extern E:\3.46\pic18-lt\cxx-framework\src\traditional\proc\p18f4620.asm
                    RCREG   0x000fae       data     extern E:\3.46\pic18-lt\cxx-framework\src\traditional\proc\p18f4620.asm
                    RCSTA   0x000fab       data     extern E:\3.46\pic18-lt\cxx-framework\src\traditional\proc\p18f4620.asm
                RCSTAbits   0x000fab       data     extern E:\3.46\pic18-lt\cxx-framework\src\traditional\proc\p18f4620.asm
                     SIGN   0x000000       data     extern E:\3.46\pic18-lt\cxx-framework\src\traditional\math\cmath18.asm
                    SPBRG   0x000faf       data     extern E:\3.46\pic18-lt\cxx-framework\src\traditional\proc\p18f4620.asm
                   SPBRGH   0x000fb0       data     extern E:\3.46\pic18-lt\cxx-framework\src\traditional\proc\p18f4620.asm
                   SSPADD   0x000fc8       data     extern E:\3.46\pic18-lt\cxx-framework\src\traditional\proc\p18f4620.asm
                   SSPBUF   0x000fc9       data     extern E:\3.46\pic18-lt\cxx-framework\src\traditional\proc\p18f4620.asm
                  SSPCON1   0x000fc6       data     extern E:\3.46\pic18-lt\cxx-framework\src\traditional\proc\p18f4620.asm
              SSPCON1bits   0x000fc6       data     extern E:\3.46\pic18-lt\cxx-framework\src\traditional\proc\p18f4620.asm
                  SSPCON2   0x000fc5       data     extern E:\3.46\pic18-lt\cxx-framework\src\traditional\proc\p18f4620.asm
              SSPCON2bits   0x000fc5       data     extern E:\3.46\pic18-lt\cxx-framework\src\traditional\proc\p18f4620.asm
                  SSPSTAT   0x000fc7       data     extern E:\3.46\pic18-lt\cxx-framework\src\traditional\proc\p18f4620.asm
              SSPSTATbits   0x000fc7       data     extern E:\3.46\pic18-lt\cxx-framework\src\traditional\proc\p18f4620.asm
                   STATUS   0x000fd8       data     extern E:\3.46\pic18-lt\cxx-framework\src\traditional\proc\p18f4620.asm
               STATUSbits   0x000fd8       data     extern E:\3.46\pic18-lt\cxx-framework\src\traditional\proc\p18f4620.asm
                   STKPTR   0x000ffc       data     extern E:\3.46\pic18-lt\cxx-framework\src\traditional\proc\p18f4620.asm
               STKPTRbits   0x000ffc       data     extern E:\3.46\pic18-lt\cxx-framework\src\traditional\proc\p18f4620.asm
                    T0CON   0x000fd5       data     extern E:\3.46\pic18-lt\cxx-framework\src\traditional\proc\p18f4620.asm
                T0CONbits   0x000fd5       data     extern E:\3.46\pic18-lt\cxx-framework\src\traditional\proc\p18f4620.asm
                    T1CON   0x000fcd       data     extern E:\3.46\pic18-lt\cxx-framework\src\traditional\proc\p18f4620.asm
                T1CONbits   0x000fcd       data     extern E:\3.46\pic18-lt\cxx-framework\src\traditional\proc\p18f4620.asm
                    T2CON   0x000fca       data     extern E:\3.46\pic18-lt\cxx-framework\src\traditional\proc\p18f4620.asm
                T2CONbits   0x000fca       data     extern E:\3.46\pic18-lt\cxx-framework\src\traditional\proc\p18f4620.asm
                    T3CON   0x000fb1       data     extern E:\3.46\pic18-lt\cxx-framework\src\traditional\proc\p18f4620.asm
                T3CONbits   0x000fb1       data     extern E:\3.46\pic18-lt\cxx-framework\src\traditional\proc\p18f4620.asm
                   TABLAT   0x000ff5       data     extern E:\3.46\pic18-lt\cxx-framework\src\traditional\proc\p18f4620.asm
                   TBLPTR   0x000ff6       data     extern E:\3.46\pic18-lt\cxx-framework\src\traditional\proc\p18f4620.asm
                  TBLPTRH   0x000ff7       data     extern E:\3.46\pic18-lt\cxx-framework\src\traditional\proc\p18f4620.asm
                  TBLPTRL   0x000ff6       data     extern E:\3.46\pic18-lt\cxx-framework\src\traditional\proc\p18f4620.asm
                  TBLPTRU   0x000ff8       data     extern E:\3.46\pic18-lt\cxx-framework\src\traditional\proc\p18f4620.asm
                    TMR0H   0x000fd7       data     extern E:\3.46\pic18-lt\cxx-framework\src\traditional\proc\p18f4620.asm
                    TMR0L   0x000fd6       data     extern E:\3.46\pic18-lt\cxx-framework\src\traditional\proc\p18f4620.asm
                    TMR1H   0x000fcf       data     extern E:\3.46\pic18-lt\cxx-framework\src\traditional\proc\p18f4620.asm
                    TMR1L   0x000fce       data     extern E:\3.46\pic18-lt\cxx-framework\src\traditional\proc\p18f4620.asm
                     TMR2   0x000fcc       data     extern E:\3.46\pic18-lt\cxx-framework\src\traditional\proc\p18f4620.asm
                    TMR3H   0x000fb3       data     extern E:\3.46\pic18-lt\cxx-framework\src\traditional\proc\p18f4620.asm
                    TMR3L   0x000fb2       data     extern E:\3.46\pic18-lt\cxx-framework\src\traditional\proc\p18f4620.asm
                      TOS   0x000ffd       data     extern E:\3.46\pic18-lt\cxx-framework\src\traditional\proc\p18f4620.asm
                     TOSH   0x000ffe       data     extern E:\3.46\pic18-lt\cxx-framework\src\traditional\proc\p18f4620.asm
                     TOSL   0x000ffd       data     extern E:\3.46\pic18-lt\cxx-framework\src\traditional\proc\p18f4620.asm
                     TOSU   0x000fff       data     extern E:\3.46\pic18-lt\cxx-framework\src\traditional\proc\p18f4620.asm
                    TRISA   0x000f92       data     extern E:\3.46\pic18-lt\cxx-framework\src\traditional\proc\p18f4620.asm
                TRISAbits   0x000f92       data     extern E:\3.46\pic18-lt\cxx-framework\src\traditional\proc\p18f4620.asm
                    TRISB   0x000f93       data     extern E:\3.46\pic18-lt\cxx-framework\src\traditional\proc\p18f4620.asm
                TRISBbits   0x000f93       data     extern E:\3.46\pic18-lt\cxx-framework\src\traditional\proc\p18f4620.asm
                    TRISC   0x000f94       data     extern E:\3.46\pic18-lt\cxx-framework\src\traditional\proc\p18f4620.asm
                TRISCbits   0x000f94       data     extern E:\3.46\pic18-lt\cxx-framework\src\traditional\proc\p18f4620.asm
                    TRISD   0x000f95       data     extern E:\3.46\pic18-lt\cxx-framework\src\traditional\proc\p18f4620.asm
                TRISDbits   0x000f95       data     extern E:\3.46\pic18-lt\cxx-framework\src\traditional\proc\p18f4620.asm
                    TRISE   0x000f96       data     extern E:\3.46\pic18-lt\cxx-framework\src\traditional\proc\p18f4620.asm
                TRISEbits   0x000f96       data     extern E:\3.46\pic18-lt\cxx-framework\src\traditional\proc\p18f4620.asm
                    TXREG   0x000fad       data     extern E:\3.46\pic18-lt\cxx-framework\src\traditional\proc\p18f4620.asm
                    TXSTA   0x000fac       data     extern E:\3.46\pic18-lt\cxx-framework\src\traditional\proc\p18f4620.asm
                TXSTAbits   0x000fac       data     extern E:\3.46\pic18-lt\cxx-framework\src\traditional\proc\p18f4620.asm
                 UserFont   0x000080       data     extern D:\GitHub\TKLL\TKLL\Bai10_I2C_Full\lcd\lcd.c
                        W   0x000fe8       data     extern E:\3.46\pic18-lt\cxx-framework\src\traditional\proc\p18f4620.asm
                   WDTCON   0x000fd1       data     extern E:\3.46\pic18-lt\cxx-framework\src\traditional\proc\p18f4620.asm
               WDTCONbits   0x000fd1       data     extern E:\3.46\pic18-lt\cxx-framework\src\traditional\proc\p18f4620.asm
                     WREG   0x000fe8       data     extern E:\3.46\pic18-lt\cxx-framework\src\traditional\proc\p18f4620.asm
                 __AARGB0   0x000009       data     extern E:\3.46\pic18-lt\cxx-framework\src\traditional\math\aarg.asm
                 __AARGB1   0x000008       data     extern E:\3.46\pic18-lt\cxx-framework\src\traditional\math\aarg.asm
                 __AARGB2   0x000007       data     extern E:\3.46\pic18-lt\cxx-framework\src\traditional\math\aarg.asm
                 __AARGB3   0x000006       data     extern E:\3.46\pic18-lt\cxx-framework\src\traditional\math\aarg.asm
                 __AARGB4   0x000005       data     extern E:\3.46\pic18-lt\cxx-framework\src\traditional\math\aarg.asm
                 __AARGB5   0x000004       data     extern E:\3.46\pic18-lt\cxx-framework\src\traditional\math\aarg.asm
                 __AARGB6   0x000003       data     extern E:\3.46\pic18-lt\cxx-framework\src\traditional\math\aarg.asm
                 __AARGB7   0x000002       data     extern E:\3.46\pic18-lt\cxx-framework\src\traditional\math\aarg.asm
                   __AEXP   0x00000a       data     extern E:\3.46\pic18-lt\cxx-framework\src\traditional\math\aarg.asm
                 __BARGB0   0x00000e       data     extern E:\3.46\pic18-lt\cxx-framework\src\traditional\math\barg.asm
                 __BARGB1   0x00000d       data     extern E:\3.46\pic18-lt\cxx-framework\src\traditional\math\barg.asm
                 __BARGB2   0x00000c       data     extern E:\3.46\pic18-lt\cxx-framework\src\traditional\math\barg.asm
                 __BARGB3   0x00000b       data     extern E:\3.46\pic18-lt\cxx-framework\src\traditional\math\barg.asm
                   __BEXP   0x00000f       data     extern E:\3.46\pic18-lt\cxx-framework\src\traditional\math\barg.asm
                __FPFLAGS   0x000001       data     extern E:\3.46\pic18-lt\cxx-framework\src\traditional\math\cmath18.asm
            __FPFLAGSbits   0x000001       data     extern E:\3.46\pic18-lt\cxx-framework\src\traditional\math\cmath18.asm
                  __REMB0   0x000005       data     extern E:\3.46\pic18-lt\cxx-framework\src\traditional\math\aarg.asm
                  __REMB1   0x000004       data     extern E:\3.46\pic18-lt\cxx-framework\src\traditional\math\aarg.asm
                  __REMB2   0x000003       data     extern E:\3.46\pic18-lt\cxx-framework\src\traditional\math\aarg.asm
                  __REMB3   0x000002       data     extern E:\3.46\pic18-lt\cxx-framework\src\traditional\math\aarg.asm
                  __tmp_0   0x000010       data     static D:\GitHub\TKLL\TKLL\Bai10_I2C_Full\main.c
                  __tmp_0   0x000010       data     static D:\GitHub\TKLL\TKLL\Bai10_I2C_Full\timer\timer.c
                  __tmp_0   0x000010       data     static D:\GitHub\TKLL\TKLL\Bai10_I2C_Full\lcd\lcd.c
                  __tmp_0   0x000010       data     static D:\GitHub\TKLL\TKLL\Bai10_I2C_Full\i2c\i2c.c
                  __tmp_0   0x000010       data     static D:\GitHub\TKLL\TKLL\Bai10_I2C_Full\button_matrix\button.c
                  ack_bit   0x0000fd       data     extern D:\GitHub\TKLL\TKLL\Bai10_I2C_Full\i2c\i2c.c
                 ack_flag   0x0000f9       data     extern D:\GitHub\TKLL\TKLL\Bai10_I2C_Full\i2c\i2c.c
      arrayMaskInputOfKey   0x000f24       data     extern D:\GitHub\TKLL\TKLL\Bai10_I2C_Full\button_matrix\button.c
     arrayMaskOutputOfKey   0x000f20       data     extern D:\GitHub\TKLL\TKLL\Bai10_I2C_Full\button_matrix\button.c
                 bitAlarm   0x000f54       data     extern D:\GitHub\TKLL\TKLL\Bai10_I2C_Full\main.c
                bitEnable   0x000f59       data     extern D:\GitHub\TKLL\TKLL\Bai10_I2C_Full\main.c
                 byte_num   0x0000e2       data     extern D:\GitHub\TKLL\TKLL\Bai10_I2C_Full\i2c\i2c.c
                     cnt0   0x000f69       data     extern D:\GitHub\TKLL\TKLL\Bai10_I2C_Full\interrupt\interrupt.c
                     cnt1   0x000f6b       data     extern D:\GitHub\TKLL\TKLL\Bai10_I2C_Full\interrupt\interrupt.c
                curr_byte   0x000f5e       data     static E:\3.46\pic18-lt\cxx-framework\src\traditional\startup\c018i.c
               curr_entry   0x000f60       data     static E:\3.46\pic18-lt\cxx-framework\src\traditional\startup\c018i.c
              current_col   0x000f67       data     extern D:\GitHub\TKLL\TKLL\Bai10_I2C_Full\lcd\lcd.c
              current_row   0x000f65       data     extern D:\GitHub\TKLL\TKLL\Bai10_I2C_Full\lcd\lcd.c
                 data_ptr   0x000f62       data     static E:\3.46\pic18-lt\cxx-framework\src\traditional\startup\c018i.c
                     date   0x000f4c       data     extern D:\GitHub\TKLL\TKLL\Bai10_I2C_Full\main.c
                      day   0x000f4b       data     extern D:\GitHub\TKLL\TKLL\Bai10_I2C_Full\main.c
                flagAlarm   0x000f58       data     extern D:\GitHub\TKLL\TKLL\Bai10_I2C_Full\main.c
                flag_read   0x0000e1       data     extern D:\GitHub\TKLL\TKLL\Bai10_I2C_Full\i2c\i2c.c
              flag_timer0   0x000f30       data     extern D:\GitHub\TKLL\TKLL\Bai10_I2C_Full\timer\timer.c
              flag_timer1   0x000f31       data     extern D:\GitHub\TKLL\TKLL\Bai10_I2C_Full\timer\timer.c
              flag_timer2   0x000f32       data     extern D:\GitHub\TKLL\TKLL\Bai10_I2C_Full\timer\timer.c
              flag_timer3   0x000f33       data     extern D:\GitHub\TKLL\TKLL\Bai10_I2C_Full\timer\timer.c
                     hour   0x000f4a       data     extern D:\GitHub\TKLL\TKLL\Bai10_I2C_Full\main.c
                hourAlarm   0x000f52       data     extern D:\GitHub\TKLL\TKLL\Bai10_I2C_Full\main.c
                 i2c_data   0x0000fb       data     extern D:\GitHub\TKLL\TKLL\Bai10_I2C_Full\i2c\i2c.c
                index_add   0x0000e3       data     extern D:\GitHub\TKLL\TKLL\Bai10_I2C_Full\i2c\i2c.c
                isStarted   0x0000fc       data     extern D:\GitHub\TKLL\TKLL\Bai10_I2C_Full\i2c\i2c.c
                 key_code   0x000f00       data     extern D:\GitHub\TKLL\TKLL\Bai10_I2C_Full\button_matrix\button.c
                   minute   0x000f49       data     extern D:\GitHub\TKLL\TKLL\Bai10_I2C_Full\main.c
              minuteAlarm   0x000f53       data     extern D:\GitHub\TKLL\TKLL\Bai10_I2C_Full\main.c
                    month   0x000f4d       data     extern D:\GitHub\TKLL\TKLL\Bai10_I2C_Full\main.c
                     prom   0x000f5b       data     static E:\3.46\pic18-lt\cxx-framework\src\traditional\startup\c018i.c
                read_data   0x0000ef       data     extern D:\GitHub\TKLL\TKLL\Bai10_I2C_Full\i2c\i2c.c
             receive_data   0x0000fa       data     extern D:\GitHub\TKLL\TKLL\Bai10_I2C_Full\i2c\i2c.c
             receive_flag   0x0000f8       data     extern D:\GitHub\TKLL\TKLL\Bai10_I2C_Full\i2c\i2c.c
                   second   0x000f48       data     extern D:\GitHub\TKLL\TKLL\Bai10_I2C_Full\main.c
              statusAlarm   0x000f51       data     extern D:\GitHub\TKLL\TKLL\Bai10_I2C_Full\main.c
                statusLCD   0x0000c0       data     extern D:\GitHub\TKLL\TKLL\Bai10_I2C_Full\lcd\lcd.c
         statusSetUpAlarm   0x000f4f       data     extern D:\GitHub\TKLL\TKLL\Bai10_I2C_Full\main.c
          statusSetUpTime   0x000f50       data     extern D:\GitHub\TKLL\TKLL\Bai10_I2C_Full\main.c
                time0_MUL   0x000f40       data     extern D:\GitHub\TKLL\TKLL\Bai10_I2C_Full\timer\timer.c
                time1_MUL   0x000f42       data     extern D:\GitHub\TKLL\TKLL\Bai10_I2C_Full\timer\timer.c
                time2_MUL   0x000f44       data     extern D:\GitHub\TKLL\TKLL\Bai10_I2C_Full\timer\timer.c
                time3_MUL   0x000f46       data     extern D:\GitHub\TKLL\TKLL\Bai10_I2C_Full\timer\timer.c
                timeAlarm   0x000f56       data     extern D:\GitHub\TKLL\TKLL\Bai10_I2C_Full\main.c
                timeBlink   0x000f5a       data     static D:\GitHub\TKLL\TKLL\Bai10_I2C_Full\main.c
                timeBlink   0x000f55       data     extern D:\GitHub\TKLL\TKLL\Bai10_I2C_Full\main.c
               timer0_cnt   0x000f38       data     extern D:\GitHub\TKLL\TKLL\Bai10_I2C_Full\timer\timer.c
             timer0_value   0x000f28       data     extern D:\GitHub\TKLL\TKLL\Bai10_I2C_Full\timer\timer.c
               timer1_cnt   0x000f3a       data     extern D:\GitHub\TKLL\TKLL\Bai10_I2C_Full\timer\timer.c
             timer1_value   0x000f2a       data     extern D:\GitHub\TKLL\TKLL\Bai10_I2C_Full\timer\timer.c
               timer2_cnt   0x000f3c       data     extern D:\GitHub\TKLL\TKLL\Bai10_I2C_Full\timer\timer.c
             timer2_value   0x000f2c       data     extern D:\GitHub\TKLL\TKLL\Bai10_I2C_Full\timer\timer.c
               timer3_cnt   0x000f3e       data     extern D:\GitHub\TKLL\TKLL\Bai10_I2C_Full\timer\timer.c
             timer3_value   0x000f2e       data     extern D:\GitHub\TKLL\TKLL\Bai10_I2C_Full\timer\timer.c
                   v_cnt0   0x000f34       data     extern D:\GitHub\TKLL\TKLL\Bai10_I2C_Full\timer\timer.c
                   v_cnt1   0x000f36       data     extern D:\GitHub\TKLL\TKLL\Bai10_I2C_Full\timer\timer.c
               write_data   0x0000e4       data     extern D:\GitHub\TKLL\TKLL\Bai10_I2C_Full\i2c\i2c.c
                     year   0x000f4e       data     extern D:\GitHub\TKLL\TKLL\Bai10_I2C_Full\main.c



                              Symbols - Sorted by Address
                     Name    Address   Location    Storage File                     
                ---------  ---------  ---------  --------- ---------                
                   _entry   0x000000    program     extern E:\3.46\pic18-lt\cxx-framework\src\traditional\startup\c018i.c
       ___return_lbl00000   0x000004    program     static                          
                   __init   0x000006    program     extern E:\3.46\pic18-lt\cxx-framework\src\traditional\stdclib\__init.c
      InterruptVectorHigh   0x000008    program     extern D:\GitHub\TKLL\TKLL\Bai10_I2C_Full\interrupt\interrupt.c
       ___return_lbl00003   0x00000c    program     static                          
       InterruptVectorLow   0x000018    program     extern D:\GitHub\TKLL\TKLL\Bai10_I2C_Full\interrupt\interrupt.c
       ___return_lbl00002   0x00001c    program     static                          
                     main   0x000068    program     extern D:\GitHub\TKLL\TKLL\Bai10_I2C_Full\main.c
                 delay_ms   0x0000fe    program     extern D:\GitHub\TKLL\TKLL\Bai10_I2C_Full\main.c
              init_system   0x000186    program     extern D:\GitHub\TKLL\TKLL\Bai10_I2C_Full\main.c
     SetupTimeForRealTime   0x000202    program     extern D:\GitHub\TKLL\TKLL\Bai10_I2C_Full\main.c
     SetupForFirstProgram   0x000290    program     extern D:\GitHub\TKLL\TKLL\Bai10_I2C_Full\main.c
       ReadDataFromDS1307   0x0002ea    program     extern D:\GitHub\TKLL\TKLL\Bai10_I2C_Full\main.c
               BaiTap_I2C   0x000324    program     extern D:\GitHub\TKLL\TKLL\Bai10_I2C_Full\main.c
              DisplayTime   0x0004b8    program     extern D:\GitHub\TKLL\TKLL\Bai10_I2C_Full\main.c
         DisplayAlarmTime   0x0008c2    program     extern D:\GitHub\TKLL\TKLL\Bai10_I2C_Full\main.c
                SetUpTime   0x000a5a    program     extern D:\GitHub\TKLL\TKLL\Bai10_I2C_Full\main.c
               SetUpAlarm   0x000e6a    program     extern D:\GitHub\TKLL\TKLL\Bai10_I2C_Full\main.c
             isButtonMode   0x001094    program     extern D:\GitHub\TKLL\TKLL\Bai10_I2C_Full\main.c
         isButtonModeHold   0x0010a4    program     extern D:\GitHub\TKLL\TKLL\Bai10_I2C_Full\main.c
            isButtonAlarm   0x0010b4    program     extern D:\GitHub\TKLL\TKLL\Bai10_I2C_Full\main.c
        isButtonAlarmHold   0x0010c4    program     extern D:\GitHub\TKLL\TKLL\Bai10_I2C_Full\main.c
         isButtonIncrease   0x0010d4    program     extern D:\GitHub\TKLL\TKLL\Bai10_I2C_Full\main.c
         isButtonDecrease   0x001118    program     extern D:\GitHub\TKLL\TKLL\Bai10_I2C_Full\main.c
              CompareTime   0x00115c    program     extern D:\GitHub\TKLL\TKLL\Bai10_I2C_Full\main.c
                    Alarm   0x00117a    program     extern D:\GitHub\TKLL\TKLL\Bai10_I2C_Full\main.c
                lcd_delay   0x001214    program     extern D:\GitHub\TKLL\TKLL\Bai10_I2C_Full\lcd\lcd.c
                 v_timer0   0x0012a4    program     extern D:\GitHub\TKLL\TKLL\Bai10_I2C_Full\lcd\lcd.c
          lcd_sendCommand   0x001334    program     extern D:\GitHub\TKLL\TKLL\Bai10_I2C_Full\lcd\lcd.c
                 init_lcd   0x0013b4    program     extern D:\GitHub\TKLL\TKLL\Bai10_I2C_Full\lcd\lcd.c
          lcd_read_status   0x0014c2    program     extern D:\GitHub\TKLL\TKLL\Bai10_I2C_Full\lcd\lcd.c
            lcd_wait_busy   0x001578    program     extern D:\GitHub\TKLL\TKLL\Bai10_I2C_Full\lcd\lcd.c
          lcd_write_4bits   0x001598    program     extern D:\GitHub\TKLL\TKLL\Bai10_I2C_Full\lcd\lcd.c
            lcd_write_cmd   0x0015de    program     extern D:\GitHub\TKLL\TKLL\Bai10_I2C_Full\lcd\lcd.c
           lcd_write_data   0x00161a    program     extern D:\GitHub\TKLL\TKLL\Bai10_I2C_Full\lcd\lcd.c
              lcd_putchar   0x001658    program     extern D:\GitHub\TKLL\TKLL\Bai10_I2C_Full\lcd\lcd.c
           lcd_print_char   0x001672    program     extern D:\GitHub\TKLL\TKLL\Bai10_I2C_Full\lcd\lcd.c
            lcd_print_str   0x00168c    program     extern D:\GitHub\TKLL\TKLL\Bai10_I2C_Full\lcd\lcd.c
           lcd_set_cursor   0x0016cc    program     extern D:\GitHub\TKLL\TKLL\Bai10_I2C_Full\lcd\lcd.c
                lcd_clear   0x001706    program     extern D:\GitHub\TKLL\TKLL\Bai10_I2C_Full\lcd\lcd.c
             lcd_power_of   0x00171a    program     extern D:\GitHub\TKLL\TKLL\Bai10_I2C_Full\lcd\lcd.c
            lcd_print_num   0x0017fc    program     extern D:\GitHub\TKLL\TKLL\Bai10_I2C_Full\lcd\lcd.c
              LcdPrintNum   0x001a32    program     extern D:\GitHub\TKLL\TKLL\Bai10_I2C_Full\lcd\lcd.c
           LcdPrintString   0x001a7a    program     extern D:\GitHub\TKLL\TKLL\Bai10_I2C_Full\lcd\lcd.c
          lcd_print_charS   0x001aae    program     extern D:\GitHub\TKLL\TKLL\Bai10_I2C_Full\lcd\lcd.c
                LcdClearS   0x001af4    program     extern D:\GitHub\TKLL\TKLL\Bai10_I2C_Full\lcd\lcd.c
         DisplayLcdScreen   0x001b52    program     extern D:\GitHub\TKLL\TKLL\Bai10_I2C_Full\lcd\lcd.c
        DisplayLcdScreen2   0x001c4a    program     extern D:\GitHub\TKLL\TKLL\Bai10_I2C_Full\lcd\lcd.c
      DisplayLcdScreenOld   0x001cd0    program     extern D:\GitHub\TKLL\TKLL\Bai10_I2C_Full\lcd\lcd.c
            LcdPrintCharS   0x001d3a    program     extern D:\GitHub\TKLL\TKLL\Bai10_I2C_Full\lcd\lcd.c
             LcdPrintNumS   0x001d90    program     extern D:\GitHub\TKLL\TKLL\Bai10_I2C_Full\lcd\lcd.c
          LcdPrintStringS   0x001fde    program     extern D:\GitHub\TKLL\TKLL\Bai10_I2C_Full\lcd\lcd.c
              init_timer0   0x002034    program     extern D:\GitHub\TKLL\TKLL\Bai10_I2C_Full\timer\timer.c
              stop_timer0   0x0020e8    program     extern D:\GitHub\TKLL\TKLL\Bai10_I2C_Full\timer\timer.c
             start_timer0   0x0020ec    program     extern D:\GitHub\TKLL\TKLL\Bai10_I2C_Full\timer\timer.c
              init_timer1   0x002178    program     extern D:\GitHub\TKLL\TKLL\Bai10_I2C_Full\timer\timer.c
             start_timer1   0x002232    program     extern D:\GitHub\TKLL\TKLL\Bai10_I2C_Full\timer\timer.c
              stop_timer1   0x0022be    program     extern D:\GitHub\TKLL\TKLL\Bai10_I2C_Full\timer\timer.c
              init_timer2   0x0022c2    program     extern D:\GitHub\TKLL\TKLL\Bai10_I2C_Full\timer\timer.c
             start_timer2   0x0022ee    program     extern D:\GitHub\TKLL\TKLL\Bai10_I2C_Full\timer\timer.c
              stop_timer2   0x0022f6    program     extern D:\GitHub\TKLL\TKLL\Bai10_I2C_Full\timer\timer.c
              init_timer3   0x0022fa    program     extern D:\GitHub\TKLL\TKLL\Bai10_I2C_Full\timer\timer.c
             start_timer3   0x0023b0    program     extern D:\GitHub\TKLL\TKLL\Bai10_I2C_Full\timer\timer.c
              stop_timer3   0x00243c    program     extern D:\GitHub\TKLL\TKLL\Bai10_I2C_Full\timer\timer.c
               timer0_isr   0x002440    program     extern D:\GitHub\TKLL\TKLL\Bai10_I2C_Full\timer\timer.c
               timer1_isr   0x00245c    program     extern D:\GitHub\TKLL\TKLL\Bai10_I2C_Full\timer\timer.c
               timer2_isr   0x002478    program     extern D:\GitHub\TKLL\TKLL\Bai10_I2C_Full\timer\timer.c
               timer3_isr   0x002494    program     extern D:\GitHub\TKLL\TKLL\Bai10_I2C_Full\timer\timer.c
             SetTimer0_ms   0x0024b0    program     extern D:\GitHub\TKLL\TKLL\Bai10_I2C_Full\timer\timer.c
             SetTimer1_ms   0x0024d4    program     extern D:\GitHub\TKLL\TKLL\Bai10_I2C_Full\timer\timer.c
             SetTimer3_ms   0x002512    program     extern D:\GitHub\TKLL\TKLL\Bai10_I2C_Full\timer\timer.c
          init_key_matrix   0x002550    program     extern D:\GitHub\TKLL\TKLL\Bai10_I2C_Full\button_matrix\button.c
init_key_matrix_with_uart_i2c   0x002558    program     extern D:\GitHub\TKLL\TKLL\Bai10_I2C_Full\button_matrix\button.c
          scan_key_matrix   0x002568    program     extern D:\GitHub\TKLL\TKLL\Bai10_I2C_Full\button_matrix\button.c
scan_key_matrix_with_uart_i2c   0x0026c6    program     extern D:\GitHub\TKLL\TKLL\Bai10_I2C_Full\button_matrix\button.c
          button_delay_ms   0x00280e    program     extern D:\GitHub\TKLL\TKLL\Bai10_I2C_Full\button_matrix\button.c
     scan_key_matrix_demo   0x002896    program     extern D:\GitHub\TKLL\TKLL\Bai10_I2C_Full\button_matrix\button.c
                  BCD2Dec   0x0029bc    program     extern D:\GitHub\TKLL\TKLL\Bai10_I2C_Full\i2c\i2c.c
                  Dec2BCD   0x0029fa    program     extern D:\GitHub\TKLL\TKLL\Bai10_I2C_Full\i2c\i2c.c
                 init_i2c   0x002a50    program     extern D:\GitHub\TKLL\TKLL\Bai10_I2C_Full\i2c\i2c.c
                delay_i2c   0x002a56    program     extern D:\GitHub\TKLL\TKLL\Bai10_I2C_Full\i2c\i2c.c
             read_sda_pin   0x002a78    program     extern D:\GitHub\TKLL\TKLL\Bai10_I2C_Full\i2c\i2c.c
           i2c_start_cond   0x002a7e    program     extern D:\GitHub\TKLL\TKLL\Bai10_I2C_Full\i2c\i2c.c
            i2c_stop_cond   0x002a92    program     extern D:\GitHub\TKLL\TKLL\Bai10_I2C_Full\i2c\i2c.c
           i2c_write_byte   0x002a9e    program     extern D:\GitHub\TKLL\TKLL\Bai10_I2C_Full\i2c\i2c.c
            i2c_read_byte   0x002b0e    program     extern D:\GitHub\TKLL\TKLL\Bai10_I2C_Full\i2c\i2c.c
             write_ds1307   0x002b7c    program     extern D:\GitHub\TKLL\TKLL\Bai10_I2C_Full\i2c\i2c.c
              read_ds1307   0x002bb2    program     extern D:\GitHub\TKLL\TKLL\Bai10_I2C_Full\i2c\i2c.c
             Write_DS1307   0x002bfc    program     extern D:\GitHub\TKLL\TKLL\Bai10_I2C_Full\i2c\i2c.c
              Read_DS1307   0x002c1e    program     extern D:\GitHub\TKLL\TKLL\Bai10_I2C_Full\i2c\i2c.c
           init_interrupt   0x002c38    program     extern D:\GitHub\TKLL\TKLL\Bai10_I2C_Full\interrupt\interrupt.c
            init_ext_int0   0x002c40    program     extern D:\GitHub\TKLL\TKLL\Bai10_I2C_Full\interrupt\interrupt.c
                  low_isr   0x002c48    program     extern D:\GitHub\TKLL\TKLL\Bai10_I2C_Full\interrupt\interrupt.c
                 high_isr   0x002d2c    program     extern D:\GitHub\TKLL\TKLL\Bai10_I2C_Full\interrupt\interrupt.c
                 FXD1616S   0x002dfc    program     extern E:\3.46\pic18-lt\cxx-framework\src\traditional\math\fxd1616s.asm
                  DA1616S   0x002e0e    program     static E:\3.46\pic18-lt\cxx-framework\src\traditional\math\fxd1616s.asm
                   D1616S   0x002e1e    program     static E:\3.46\pic18-lt\cxx-framework\src\traditional\math\fxd1616s.asm
                 D1616SOK   0x002e28    program     static E:\3.46\pic18-lt\cxx-framework\src\traditional\math\fxd1616s.asm
                D1616SNEG   0x002e2c    program     static E:\3.46\pic18-lt\cxx-framework\src\traditional\math\fxd1616s.asm
                  D1616SX   0x002e3e    program     static E:\3.46\pic18-lt\cxx-framework\src\traditional\math\fxd1616s.asm
                 FXD2424S   0x002e48    program     extern E:\3.46\pic18-lt\cxx-framework\src\traditional\math\fxd2424s.asm
                  DA2424S   0x002e5e    program     static E:\3.46\pic18-lt\cxx-framework\src\traditional\math\fxd2424s.asm
                   D2424S   0x002e72    program     static E:\3.46\pic18-lt\cxx-framework\src\traditional\math\fxd2424s.asm
                 D2424SOK   0x002e7c    program     static E:\3.46\pic18-lt\cxx-framework\src\traditional\math\fxd2424s.asm
                D2424SNEG   0x002e80    program     static E:\3.46\pic18-lt\cxx-framework\src\traditional\math\fxd2424s.asm
                  D2424SX   0x002e98    program     static E:\3.46\pic18-lt\cxx-framework\src\traditional\math\fxd2424s.asm
                _do_cinit   0x002ea2    program     extern E:\3.46\pic18-lt\cxx-framework\src\traditional\startup\c018i.c
                     test   0x002ebc    program     static                          
                copy_loop   0x002f14    program     static                          
            copy_one_byte   0x002f1a    program     static                          
             done_copying   0x002f28    program     static                          
       ___return_lbl00002   0x002f3e    program     static                          
                     done   0x002f3e    program     static                          
              __string_28   0x002f40    program     static D:\GitHub\TKLL\TKLL\Bai10_I2C_Full\main.c
              __string_27   0x002f45    program     static D:\GitHub\TKLL\TKLL\Bai10_I2C_Full\main.c
              __string_26   0x002f49    program     static D:\GitHub\TKLL\TKLL\Bai10_I2C_Full\main.c
              __string_25   0x002f4c    program     static D:\GitHub\TKLL\TKLL\Bai10_I2C_Full\main.c
              __string_24   0x002f5d    program     static D:\GitHub\TKLL\TKLL\Bai10_I2C_Full\main.c
              __string_23   0x002f5f    program     static D:\GitHub\TKLL\TKLL\Bai10_I2C_Full\main.c
              __string_22   0x002f63    program     static D:\GitHub\TKLL\TKLL\Bai10_I2C_Full\main.c
              __string_21   0x002f67    program     static D:\GitHub\TKLL\TKLL\Bai10_I2C_Full\main.c
              __string_20   0x002f6b    program     static D:\GitHub\TKLL\TKLL\Bai10_I2C_Full\main.c
              __string_19   0x002f6f    program     static D:\GitHub\TKLL\TKLL\Bai10_I2C_Full\main.c
              __string_18   0x002f73    program     static D:\GitHub\TKLL\TKLL\Bai10_I2C_Full\main.c
              __string_17   0x002f77    program     static D:\GitHub\TKLL\TKLL\Bai10_I2C_Full\main.c
              __string_16   0x002f7b    program     static D:\GitHub\TKLL\TKLL\Bai10_I2C_Full\main.c
              __string_15   0x002f7f    program     static D:\GitHub\TKLL\TKLL\Bai10_I2C_Full\main.c
              __string_14   0x002f83    program     static D:\GitHub\TKLL\TKLL\Bai10_I2C_Full\main.c
              __string_13   0x002f87    program     static D:\GitHub\TKLL\TKLL\Bai10_I2C_Full\main.c
              __string_12   0x002f8b    program     static D:\GitHub\TKLL\TKLL\Bai10_I2C_Full\main.c
              __string_11   0x002f8f    program     static D:\GitHub\TKLL\TKLL\Bai10_I2C_Full\main.c
              __string_10   0x002f93    program     static D:\GitHub\TKLL\TKLL\Bai10_I2C_Full\main.c
               __string_9   0x002f97    program     static D:\GitHub\TKLL\TKLL\Bai10_I2C_Full\main.c
               __string_8   0x002f99    program     static D:\GitHub\TKLL\TKLL\Bai10_I2C_Full\main.c
               __string_7   0x002f9b    program     static D:\GitHub\TKLL\TKLL\Bai10_I2C_Full\main.c
               __string_6   0x002f9f    program     static D:\GitHub\TKLL\TKLL\Bai10_I2C_Full\main.c
               __string_5   0x002fa3    program     static D:\GitHub\TKLL\TKLL\Bai10_I2C_Full\main.c
               __string_4   0x002fa7    program     static D:\GitHub\TKLL\TKLL\Bai10_I2C_Full\main.c
               __string_3   0x002fab    program     static D:\GitHub\TKLL\TKLL\Bai10_I2C_Full\main.c
               __string_2   0x002faf    program     static D:\GitHub\TKLL\TKLL\Bai10_I2C_Full\main.c
               __string_1   0x002fb3    program     static D:\GitHub\TKLL\TKLL\Bai10_I2C_Full\main.c
               __string_0   0x002fb7    program     static D:\GitHub\TKLL\TKLL\Bai10_I2C_Full\main.c
                  FXM3232   0x002fc4    program     extern E:\3.46\pic18-lt\cxx-framework\src\traditional\math\fxm3232.c
       ___return_lbl00000   0x003032    program     static                          
                 FXD3232U   0x003034    program     extern E:\3.46\pic18-lt\cxx-framework\src\traditional\math\fxd3232u.c
                     loop   0x003042    program     static                          
                   _false   0x003076    program     static                          
       ___return_lbl00000   0x00307a    program     static                          
                 FXD2424U   0x00307c    program     extern E:\3.46\pic18-lt\cxx-framework\src\traditional\math\fxd2424u.c
                     loop   0x003088    program     static                          
                   _false   0x0030b0    program     static                          
       ___return_lbl00000   0x0030b4    program     static                          
                 FXD1616U   0x0030b6    program     extern E:\3.46\pic18-lt\cxx-framework\src\traditional\math\fxd1616u.c
                     loop   0x0030c0    program     static                          
                  endloop   0x0030dc    program     static                          
       ___return_lbl00000   0x0030e0    program     static                          
            __zero_memory   0x0030e2    program     extern E:\3.46\pic18-lt\cxx-framework\src\traditional\proc\p18f4620.asm
               zero_block   0x0030f0    program     static E:\3.46\pic18-lt\cxx-framework\src\traditional\proc\p18f4620.asm
                   loop_h   0x0030f0    program     static E:\3.46\pic18-lt\cxx-framework\src\traditional\proc\p18f4620.asm
                compare_l   0x0030f8    program     static E:\3.46\pic18-lt\cxx-framework\src\traditional\proc\p18f4620.asm
                   loop_l   0x0030fa    program     static E:\3.46\pic18-lt\cxx-framework\src\traditional\proc\p18f4620.asm
                 _startup   0x003102    program     extern E:\3.46\pic18-lt\cxx-framework\src\traditional\startup\c018i.c
                     loop   0x003112    program     static                          
       ___return_lbl00001   0x00311c    program     static                          
                 FXD0808U   0x00311e    program     extern E:\3.46\pic18-lt\cxx-framework\src\traditional\math\fxd0808u.c
                     loop   0x003126    program     static                          
                  endloop   0x003134    program     static                          
       ___return_lbl00000   0x003138    program     static                          
               __config_0   0x300001    program     static D:\GitHub\TKLL\TKLL\Bai10_I2C_Full\main.c
               __config_1   0x300002    program     static D:\GitHub\TKLL\TKLL\Bai10_I2C_Full\main.c
               __config_2   0x300003    program     static D:\GitHub\TKLL\TKLL\Bai10_I2C_Full\main.c
               __config_3   0x300005    program     static D:\GitHub\TKLL\TKLL\Bai10_I2C_Full\main.c
               __config_4   0x300006    program     static D:\GitHub\TKLL\TKLL\Bai10_I2C_Full\main.c
               __config_5   0x300008    program     static D:\GitHub\TKLL\TKLL\Bai10_I2C_Full\main.c
               __config_6   0x300009    program     static D:\GitHub\TKLL\TKLL\Bai10_I2C_Full\main.c
               __config_7   0x30000a    program     static D:\GitHub\TKLL\TKLL\Bai10_I2C_Full\main.c
               __config_8   0x30000b    program     static D:\GitHub\TKLL\TKLL\Bai10_I2C_Full\main.c
               __config_9   0x30000c    program     static D:\GitHub\TKLL\TKLL\Bai10_I2C_Full\main.c
              __config_10   0x30000d    program     static D:\GitHub\TKLL\TKLL\Bai10_I2C_Full\main.c
                     SIGN   0x000000       data     extern E:\3.46\pic18-lt\cxx-framework\src\traditional\math\cmath18.asm
            __FPFLAGSbits   0x000001       data     extern E:\3.46\pic18-lt\cxx-framework\src\traditional\math\cmath18.asm
                __FPFLAGS   0x000001       data     extern E:\3.46\pic18-lt\cxx-framework\src\traditional\math\cmath18.asm
                  __REMB3   0x000002       data     extern E:\3.46\pic18-lt\cxx-framework\src\traditional\math\aarg.asm
                 __AARGB7   0x000002       data     extern E:\3.46\pic18-lt\cxx-framework\src\traditional\math\aarg.asm
                  __REMB2   0x000003       data     extern E:\3.46\pic18-lt\cxx-framework\src\traditional\math\aarg.asm
                 __AARGB6   0x000003       data     extern E:\3.46\pic18-lt\cxx-framework\src\traditional\math\aarg.asm
                  __REMB1   0x000004       data     extern E:\3.46\pic18-lt\cxx-framework\src\traditional\math\aarg.asm
                 __AARGB5   0x000004       data     extern E:\3.46\pic18-lt\cxx-framework\src\traditional\math\aarg.asm
                  __REMB0   0x000005       data     extern E:\3.46\pic18-lt\cxx-framework\src\traditional\math\aarg.asm
                 __AARGB4   0x000005       data     extern E:\3.46\pic18-lt\cxx-framework\src\traditional\math\aarg.asm
                 __AARGB3   0x000006       data     extern E:\3.46\pic18-lt\cxx-framework\src\traditional\math\aarg.asm
                 __AARGB2   0x000007       data     extern E:\3.46\pic18-lt\cxx-framework\src\traditional\math\aarg.asm
                 __AARGB1   0x000008       data     extern E:\3.46\pic18-lt\cxx-framework\src\traditional\math\aarg.asm
                 __AARGB0   0x000009       data     extern E:\3.46\pic18-lt\cxx-framework\src\traditional\math\aarg.asm
                   __AEXP   0x00000a       data     extern E:\3.46\pic18-lt\cxx-framework\src\traditional\math\aarg.asm
                 __BARGB3   0x00000b       data     extern E:\3.46\pic18-lt\cxx-framework\src\traditional\math\barg.asm
                 __BARGB2   0x00000c       data     extern E:\3.46\pic18-lt\cxx-framework\src\traditional\math\barg.asm
                 __BARGB1   0x00000d       data     extern E:\3.46\pic18-lt\cxx-framework\src\traditional\math\barg.asm
[...]
                     DDRB   0x000f93       data     extern E:\3.46\pic18-lt\cxx-framework\src\traditional\proc\p18f4620.asm
                    TRISB   0x000f93       data     extern E:\3.46\pic18-lt\cxx-framework\src\traditional\proc\p18f4620.asm
                TRISBbits   0x000f93       data     extern E:\3.46\pic18-lt\cxx-framework\src\traditional\proc\p18f4620.asm
                     DDRC   0x000f94       data     extern E:\3.46\pic18-lt\cxx-framework\src\traditional\proc\p18f4620.asm
                TRISCbits   0x000f94       data     extern E:\3.46\pic18-lt\cxx-framework\src\traditional\proc\p18f4620.asm
                    TRISC   0x000f94       data     extern E:\3.46\pic18-lt\cxx-framework\src\traditional\proc\p18f4620.asm
                 DDRCbits   0x000f94       data     extern E:\3.46\pic18-lt\cxx-framework\src\traditional\proc\p18f4620.asm
                 DDRDbits   0x000f95       data     extern E:\3.46\pic18-lt\cxx-framework\src\traditional\proc\p18f4620.asm
                TRISDbits   0x000f95       data     extern E:\3.46\pic18-lt\cxx-framework\src\traditional\proc\p18f4620.asm
                    TRISD   0x000f95       data     extern E:\3.46\pic18-lt\cxx-framework\src\traditional\proc\p18f4620.asm
                     DDRD   0x000f95       data     extern E:\3.46\pic18-lt\cxx-framework\src\traditional\proc\p18f4620.asm
                     DDRE   0x000f96       data     extern E:\3.46\pic18-lt\cxx-framework\src\traditional\proc\p18f4620.asm
                    TRISE   0x000f96       data     extern E:\3.46\pic18-lt\cxx-framework\src\traditional\proc\p18f4620.asm
                TRISEbits   0x000f96       data     extern E:\3.46\pic18-lt\cxx-framework\src\traditional\proc\p18f4620.asm
                 DDREbits   0x000f96       data     extern E:\3.46\pic18-lt\cxx-framework\src\traditional\proc\p18f4620.asm
                  OSCTUNE   0x000f9b       data     extern E:\3.46\pic18-lt\cxx-framework\src\traditional\proc\p18f4620.asm
              OSCTUNEbits   0x000f9b       data     extern E:\3.46\pic18-lt\cxx-framework\src\traditional\proc\p18f4620.asm
                 PIE1bits   0x000f9d       data     extern E:\3.46\pic18-lt\cxx-framework\src\traditional\proc\p18f4620.asm
                     PIE1   0x000f9d       data     extern E:\3.46\pic18-lt\cxx-framework\src\traditional\proc\p18f4620.asm
                 PIR1bits   0x000f9e       data     extern E:\3.46\pic18-lt\cxx-framework\src\traditional\proc\p18f4620.asm
                     PIR1   0x000f9e       data     extern E:\3.46\pic18-lt\cxx-framework\src\traditional\proc\p18f4620.asm
                 IPR1bits   0x000f9f       data     extern E:\3.46\pic18-lt\cxx-framework\src\traditional\proc\p18f4620.asm
                     IPR1   0x000f9f       data     extern E:\3.46\pic18-lt\cxx-framework\src\traditional\proc\p18f4620.asm
                 PIE2bits   0x000fa0       data     extern E:\3.46\pic18-lt\cxx-framework\src\traditional\proc\p18f4620.asm
                     PIE2   0x000fa0       data     extern E:\3.46\pic18-lt\cxx-framework\src\traditional\proc\p18f4620.asm
                 PIR2bits   0x000fa1       data     extern E:\3.46\pic18-lt\cxx-framework\src\traditional\proc\p18f4620.asm
                     PIR2   0x000fa1       data     extern E:\3.46\pic18-lt\cxx-framework\src\traditional\proc\p18f4620.asm
                     IPR2   0x000fa2       data     extern E:\3.46\pic18-lt\cxx-framework\src\traditional\proc\p18f4620.asm
                 IPR2bits   0x000fa2       data     extern E:\3.46\pic18-lt\cxx-framework\src\traditional\proc\p18f4620.asm
               EECON1bits   0x000fa6       data     extern E:\3.46\pic18-lt\cxx-framework\src\traditional\proc\p18f4620.asm
                   EECON1   0x000fa6       data     extern E:\3.46\pic18-lt\cxx-framework\src\traditional\proc\p18f4620.asm
                   EECON2   0x000fa7       data     extern E:\3.46\pic18-lt\cxx-framework\src\traditional\proc\p18f4620.asm
                   EEDATA   0x000fa8       data     extern E:\3.46\pic18-lt\cxx-framework\src\traditional\proc\p18f4620.asm
                    EEADR   0x000fa9       data     extern E:\3.46\pic18-lt\cxx-framework\src\traditional\proc\p18f4620.asm
                   EEADRH   0x000faa       data     extern E:\3.46\pic18-lt\cxx-framework\src\traditional\proc\p18f4620.asm
                    RCSTA   0x000fab       data     extern E:\3.46\pic18-lt\cxx-framework\src\traditional\proc\p18f4620.asm
                RCSTAbits   0x000fab       data     extern E:\3.46\pic18-lt\cxx-framework\src\traditional\proc\p18f4620.asm
                    TXSTA   0x000fac       data     extern E:\3.46\pic18-lt\cxx-framework\src\traditional\proc\p18f4620.asm
                TXSTAbits   0x000fac       data     extern E:\3.46\pic18-lt\cxx-framework\src\traditional\proc\p18f4620.asm
                    TXREG   0x000fad       data     extern E:\3.46\pic18-lt\cxx-framework\src\traditional\proc\p18f4620.asm
                    RCREG   0x000fae       data     extern E:\3.46\pic18-lt\cxx-framework\src\traditional\proc\p18f4620.asm
                    SPBRG   0x000faf       data     extern E:\3.46\pic18-lt\cxx-framework\src\traditional\proc\p18f4620.asm
                   SPBRGH   0x000fb0       data     extern E:\3.46\pic18-lt\cxx-framework\src\traditional\proc\p18f4620.asm
                T3CONbits   0x000fb1       data     extern E:\3.46\pic18-lt\cxx-framework\src\traditional\proc\p18f4620.asm
                    T3CON   0x000fb1       data     extern E:\3.46\pic18-lt\cxx-framework\src\traditional\proc\p18f4620.asm
                    TMR3L   0x000fb2       data     extern E:\3.46\pic18-lt\cxx-framework\src\traditional\proc\p18f4620.asm
                    TMR3H   0x000fb3       data     extern E:\3.46\pic18-lt\cxx-framework\src\traditional\proc\p18f4620.asm
                CMCONbits   0x000fb4       data     extern E:\3.46\pic18-lt\cxx-framework\src\traditional\proc\p18f4620.asm
                    CMCON   0x000fb4       data     extern E:\3.46\pic18-lt\cxx-framework\src\traditional\proc\p18f4620.asm
               CVRCONbits   0x000fb5       data     extern E:\3.46\pic18-lt\cxx-framework\src\traditional\proc\p18f4620.asm
                   CVRCON   0x000fb5       data     extern E:\3.46\pic18-lt\cxx-framework\src\traditional\proc\p18f4620.asm
              ECCP1ASbits   0x000fb6       data     extern E:\3.46\pic18-lt\cxx-framework\src\traditional\proc\p18f4620.asm
                  ECCP1AS   0x000fb6       data     extern E:\3.46\pic18-lt\cxx-framework\src\traditional\proc\p18f4620.asm
                  PWM1CON   0x000fb7       data     extern E:\3.46\pic18-lt\cxx-framework\src\traditional\proc\p18f4620.asm
              PWM1CONbits   0x000fb7       data     extern E:\3.46\pic18-lt\cxx-framework\src\traditional\proc\p18f4620.asm
                  BAUDCON   0x000fb8       data     extern E:\3.46\pic18-lt\cxx-framework\src\traditional\proc\p18f4620.asm
              BAUDCONbits   0x000fb8       data     extern E:\3.46\pic18-lt\cxx-framework\src\traditional\proc\p18f4620.asm
                  BAUDCTL   0x000fb8       data     extern E:\3.46\pic18-lt\cxx-framework\src\traditional\proc\p18f4620.asm
              BAUDCTLbits   0x000fb8       data     extern E:\3.46\pic18-lt\cxx-framework\src\traditional\proc\p18f4620.asm
                  CCP2CON   0x000fba       data     extern E:\3.46\pic18-lt\cxx-framework\src\traditional\proc\p18f4620.asm
              CCP2CONbits   0x000fba       data     extern E:\3.46\pic18-lt\cxx-framework\src\traditional\proc\p18f4620.asm
                    CCPR2   0x000fbb       data     extern E:\3.46\pic18-lt\cxx-framework\src\traditional\proc\p18f4620.asm
                   CCPR2L   0x000fbb       data     extern E:\3.46\pic18-lt\cxx-framework\src\traditional\proc\p18f4620.asm
                   CCPR2H   0x000fbc       data     extern E:\3.46\pic18-lt\cxx-framework\src\traditional\proc\p18f4620.asm
                  CCP1CON   0x000fbd       data     extern E:\3.46\pic18-lt\cxx-framework\src\traditional\proc\p18f4620.asm
              CCP1CONbits   0x000fbd       data     extern E:\3.46\pic18-lt\cxx-framework\src\traditional\proc\p18f4620.asm
                   CCPR1L   0x000fbe       data     extern E:\3.46\pic18-lt\cxx-framework\src\traditional\proc\p18f4620.asm
                    CCPR1   0x000fbe       data     extern E:\3.46\pic18-lt\cxx-framework\src\traditional\proc\p18f4620.asm
                   CCPR1H   0x000fbf       data     extern E:\3.46\pic18-lt\cxx-framework\src\traditional\proc\p18f4620.asm
                   ADCON2   0x000fc0       data     extern E:\3.46\pic18-lt\cxx-framework\src\traditional\proc\p18f4620.asm
               ADCON2bits   0x000fc0       data     extern E:\3.46\pic18-lt\cxx-framework\src\traditional\proc\p18f4620.asm
                   ADCON1   0x000fc1       data     extern E:\3.46\pic18-lt\cxx-framework\src\traditional\proc\p18f4620.asm
               ADCON1bits   0x000fc1       data     extern E:\3.46\pic18-lt\cxx-framework\src\traditional\proc\p18f4620.asm
                   ADCON0   0x000fc2       data     extern E:\3.46\pic18-lt\cxx-framework\src\traditional\proc\p18f4620.asm
               ADCON0bits   0x000fc2       data     extern E:\3.46\pic18-lt\cxx-framework\src\traditional\proc\p18f4620.asm
                    ADRES   0x000fc3       data     extern E:\3.46\pic18-lt\cxx-framework\src\traditional\proc\p18f4620.asm
                   ADRESL   0x000fc3       data     extern E:\3.46\pic18-lt\cxx-framework\src\traditional\proc\p18f4620.asm
                   ADRESH   0x000fc4       data     extern E:\3.46\pic18-lt\cxx-framework\src\traditional\proc\p18f4620.asm
                  SSPCON2   0x000fc5       data     extern E:\3.46\pic18-lt\cxx-framework\src\traditional\proc\p18f4620.asm
              SSPCON2bits   0x000fc5       data     extern E:\3.46\pic18-lt\cxx-framework\src\traditional\proc\p18f4620.asm
                  SSPCON1   0x000fc6       data     extern E:\3.46\pic18-lt\cxx-framework\src\traditional\proc\p18f4620.asm
              SSPCON1bits   0x000fc6       data     extern E:\3.46\pic18-lt\cxx-framework\src\traditional\proc\p18f4620.asm
                  SSPSTAT   0x000fc7       data     extern E:\3.46\pic18-lt\cxx-framework\src\traditional\proc\p18f4620.asm
              SSPSTATbits   0x000fc7       data     extern E:\3.46\pic18-lt\cxx-framework\src\traditional\proc\p18f4620.asm
                   SSPADD   0x000fc8       data     extern E:\3.46\pic18-lt\cxx-framework\src\traditional\proc\p18f4620.asm
                   SSPBUF   0x000fc9       data     extern E:\3.46\pic18-lt\cxx-framework\src\traditional\proc\p18f4620.asm
                    T2CON   0x000fca       data     extern E:\3.46\pic18-lt\cxx-framework\src\traditional\proc\p18f4620.asm
                T2CONbits   0x000fca       data     extern E:\3.46\pic18-lt\cxx-framework\src\traditional\proc\p18f4620.asm
                      PR2   0x000fcb       data     extern E:\3.46\pic18-lt\cxx-framework\src\traditional\proc\p18f4620.asm
                     TMR2   0x000fcc       data     extern E:\3.46\pic18-lt\cxx-framework\src\traditional\proc\p18f4620.asm
                T1CONbits   0x000fcd       data     extern E:\3.46\pic18-lt\cxx-framework\src\traditional\proc\p18f4620.asm
                    T1CON   0x000fcd       data     extern E:\3.46\pic18-lt\cxx-framework\src\traditional\proc\p18f4620.asm
                    TMR1L   0x000fce       data     extern E:\3.46\pic18-lt\cxx-framework\src\traditional\proc\p18f4620.asm
                    TMR1H   0x000fcf       data     extern E:\3.46\pic18-lt\cxx-framework\src\traditional\proc\p18f4620.asm
                     RCON   0x000fd0       data     extern E:\3.46\pic18-lt\cxx-framework\src\traditional\proc\p18f4620.asm
                 RCONbits   0x000fd0       data     extern E:\3.46\pic18-lt\cxx-framework\src\traditional\proc\p18f4620.asm
                   WDTCON   0x000fd1       data     extern E:\3.46\pic18-lt\cxx-framework\src\traditional\proc\p18f4620.asm
               WDTCONbits   0x000fd1       data     extern E:\3.46\pic18-lt\cxx-framework\src\traditional\proc\p18f4620.asm
               LVDCONbits   0x000fd2       data     extern E:\3.46\pic18-lt\cxx-framework\src\traditional\proc\p18f4620.asm
                   LVDCON   0x000fd2       data     extern E:\3.46\pic18-lt\cxx-framework\src\traditional\proc\p18f4620.asm
              HLVDCONbits   0x000fd2       data     extern E:\3.46\pic18-lt\cxx-framework\src\traditional\proc\p18f4620.asm
                  HLVDCON   0x000fd2       data     extern E:\3.46\pic18-lt\cxx-framework\src\traditional\proc\p18f4620.asm
               OSCCONbits   0x000fd3       data     extern E:\3.46\pic18-lt\cxx-framework\src\traditional\proc\p18f4620.asm
                   OSCCON   0x000fd3       data     extern E:\3.46\pic18-lt\cxx-framework\src\traditional\proc\p18f4620.asm
                T0CONbits   0x000fd5       data     extern E:\3.46\pic18-lt\cxx-framework\src\traditional\proc\p18f4620.asm
                    T0CON   0x000fd5       data     extern E:\3.46\pic18-lt\cxx-framework\src\traditional\proc\p18f4620.asm
                    TMR0L   0x000fd6       data     extern E:\3.46\pic18-lt\cxx-framework\src\traditional\proc\p18f4620.asm
                    TMR0H   0x000fd7       data     extern E:\3.46\pic18-lt\cxx-framework\src\traditional\proc\p18f4620.asm
                   STATUS   0x000fd8       data     extern E:\3.46\pic18-lt\cxx-framework\src\traditional\proc\p18f4620.asm
               STATUSbits   0x000fd8       data     extern E:\3.46\pic18-lt\cxx-framework\src\traditional\proc\p18f4620.asm
                     FSR2   0x000fd9       data     extern E:\3.46\pic18-lt\cxx-framework\src\traditional\proc\p18f4620.asm
                    FSR2L   0x000fd9       data     extern E:\3.46\pic18-lt\cxx-framework\src\traditional\proc\p18f4620.asm
                    FSR2H   0x000fda       data     extern E:\3.46\pic18-lt\cxx-framework\src\traditional\proc\p18f4620.asm
                   PLUSW2   0x000fdb       data     extern E:\3.46\pic18-lt\cxx-framework\src\traditional\proc\p18f4620.asm
                  PREINC2   0x000fdc       data     extern E:\3.46\pic18-lt\cxx-framework\src\traditional\proc\p18f4620.asm
                 POSTDEC2   0x000fdd       data     extern E:\3.46\pic18-lt\cxx-framework\src\traditional\proc\p18f4620.asm
                 POSTINC2   0x000fde       data     extern E:\3.46\pic18-lt\cxx-framework\src\traditional\proc\p18f4620.asm
                    INDF2   0x000fdf       data     extern E:\3.46\pic18-lt\cxx-framework\src\traditional\proc\p18f4620.asm
                      BSR   0x000fe0       data     extern E:\3.46\pic18-lt\cxx-framework\src\traditional\proc\p18f4620.asm
                     FSR1   0x000fe1       data     extern E:\3.46\pic18-lt\cxx-framework\src\traditional\proc\p18f4620.asm
                    FSR1L   0x000fe1       data     extern E:\3.46\pic18-lt\cxx-framework\src\traditional\proc\p18f4620.asm
                    FSR1H   0x000fe2       data     extern E:\3.46\pic18-lt\cxx-framework\src\traditional\proc\p18f4620.asm
                   PLUSW1   0x000fe3       data     extern E:\3.46\pic18-lt\cxx-framework\src\traditional\proc\p18f4620.asm
                  PREINC1   0x000fe4       data     extern E:\3.46\pic18-lt\cxx-framework\src\traditional\proc\p18f4620.asm
                 POSTDEC1   0x000fe5       data     extern E:\3.46\pic18-lt\cxx-framework\src\traditional\proc\p18f4620.asm
                 POSTINC1   0x000fe6       data     extern E:\3.46\pic18-lt\cxx-framework\src\traditional\proc\p18f4620.asm
                    INDF1   0x000fe7       data     extern E:\3.46\pic18-lt\cxx-framework\src\traditional\proc\p18f4620.asm
                     WREG   0x000fe8       data     extern E:\3.46\pic18-lt\cxx-framework\src\traditional\proc\p18f4620.asm
                        W   0x000fe8       data     extern E:\3.46\pic18-lt\cxx-framework\src\traditional\proc\p18f4620.asm
                    FSR0L   0x000fe9       data     extern E:\3.46\pic18-lt\cxx-framework\src\traditional\proc\p18f4620.asm
                     FSR0   0x000fe9       data     extern E:\3.46\pic18-lt\cxx-framework\src\traditional\proc\p18f4620.asm
                    FSR0H   0x000fea       data     extern E:\3.46\pic18-lt\cxx-framework\src\traditional\proc\p18f4620.asm
                   PLUSW0   0x000feb       data     extern E:\3.46\pic18-lt\cxx-framework\src\traditional\proc\p18f4620.asm
                  PREINC0   0x000fec       data     extern E:\3.46\pic18-lt\cxx-framework\src\traditional\proc\p18f4620.asm
                 POSTDEC0   0x000fed       data     extern E:\3.46\pic18-lt\cxx-framework\src\traditional\proc\p18f4620.asm
                 POSTINC0   0x000fee       data     extern E:\3.46\pic18-lt\cxx-framework\src\traditional\proc\p18f4620.asm
                    INDF0   0x000fef       data     extern E:\3.46\pic18-lt\cxx-framework\src\traditional\proc\p18f4620.asm
              INTCON3bits   0x000ff0       data     extern E:\3.46\pic18-lt\cxx-framework\src\traditional\proc\p18f4620.asm
                  INTCON3   0x000ff0       data     extern E:\3.46\pic18-lt\cxx-framework\src\traditional\proc\p18f4620.asm
                  INTCON2   0x000ff1       data     extern E:\3.46\pic18-lt\cxx-framework\src\traditional\proc\p18f4620.asm
              INTCON2bits   0x000ff1       data     extern E:\3.46\pic18-lt\cxx-framework\src\traditional\proc\p18f4620.asm
                   INTCON   0x000ff2       data     extern E:\3.46\pic18-lt\cxx-framework\src\traditional\proc\p18f4620.asm
               INTCONbits   0x000ff2       data     extern E:\3.46\pic18-lt\cxx-framework\src\traditional\proc\p18f4620.asm
                     PROD   0x000ff3       data     extern E:\3.46\pic18-lt\cxx-framework\src\traditional\proc\p18f4620.asm
                    PRODL   0x000ff3       data     extern E:\3.46\pic18-lt\cxx-framework\src\traditional\proc\p18f4620.asm
                    PRODH   0x000ff4       data     extern E:\3.46\pic18-lt\cxx-framework\src\traditional\proc\p18f4620.asm
                   TABLAT   0x000ff5       data     extern E:\3.46\pic18-lt\cxx-framework\src\traditional\proc\p18f4620.asm
                  TBLPTRL   0x000ff6       data     extern E:\3.46\pic18-lt\cxx-framework\src\traditional\proc\p18f4620.asm
                   TBLPTR   0x000ff6       data     extern E:\3.46\pic18-lt\cxx-framework\src\traditional\proc\p18f4620.asm
                  TBLPTRH   0x000ff7       data     extern E:\3.46\pic18-lt\cxx-framework\src\traditional\proc\p18f4620.asm
                  TBLPTRU   0x000ff8       data     extern E:\3.46\pic18-lt\cxx-framework\src\traditional\proc\p18f4620.asm
                       PC   0x000ff9       data     extern E:\3.46\pic18-lt\cxx-framework\src\traditional\proc\p18f4620.asm
                      PCL   0x000ff9       data     extern E:\3.46\pic18-lt\cxx-framework\src\traditional\proc\p18f4620.asm
                   PCLATH   0x000ffa       data     extern E:\3.46\pic18-lt\cxx-framework\src\traditional\proc\p18f4620.asm
                   PCLATU   0x000ffb       data     extern E:\3.46\pic18-lt\cxx-framework\src\traditional\proc\p18f4620.asm
                   STKPTR   0x000ffc       data     extern E:\3.46\pic18-lt\cxx-framework\src\traditional\proc\p18f4620.asm
               STKPTRbits   0x000ffc       data     extern E:\3.46\pic18-lt\cxx-framework\src\traditional\proc\p18f4620.asm
                      TOS   0x000ffd       data     extern E:\3.46\pic18-lt\cxx-framework\src\traditional\proc\p18f4620.asm
                     TOSL   0x000ffd       data     extern E:\3.46\pic18-lt\cxx-framework\src\traditional\proc\p18f4620.asm
                     TOSH   0x000ffe       data     extern E:\3.46\pic18-lt\cxx-framework\src\traditional\proc\p18f4620.asm
                     TOSU   0x000fff       data     extern E:\3.46\pic18-lt\cxx-framework\src\traditional\proc\p18f4620.asm


